#-----------------------------------------------------------
# xsim v2026.1 (64-bit)
# SW Build 6511674 on Tue Jun 16 11:02:23 MDT 2026
# IP Build 6504888 on Tue Jun 09 09:05:25 MDT 2026
# SharedData Build 6501428 on Mon Jun 08 17:34:18 MDT 2026
# Start of session at: Mon Oct  5 10:55:27 2026
# Process ID         : 58208
# Current directory  : C:/reconkit_v3/scaling
# Command line       : xsim.exe -log tb/logs_bram/engine_scharr.log -mode tcl -source {xsim.dir/eng_sim_bram/xsim_script.tcl}
# Log file           : C:/reconkit_v3/scaling/tb/logs_bram/engine_scharr.log
# Journal file       : C:/reconkit_v3/scaling\xsim.jou
# Running On         : 67AIS-SS1
# Platform           : Windows 11
# Operating System   : 26300
# Processor Detail   : AMD RYZEN AI MAX PRO 390 w/ Radeon 8050S       
# CPU Frequency      : 3194 MHz
# CPU Physical cores : 12
# CPU Logical cores  : 24
# Host memory        : 51299 MB
# Swap memory        : 21481 MB
# Total Virtual      : 72780 MB
# Available Virtual  : 10598 MB
#-----------------------------------------------------------
source xsim.dir/eng_sim_bram/xsim_script.tcl
# xsim {eng_sim_bram} -testplusarg CFG=tb/vectors/cfg_scharr.hex -testplusarg EXP2=tb/vectors/exp_scharr.hex -autoloadwcfg -runall
Time resolution is 1 ps
run -all
frame1 (reset Sobel): 0 mismatches / 19200 px
coefficient-swap programming: 76 clock cycles (19 AXI4-Lite writes)
frame2 (swapped kernel): 0 mismatches / 19200 px
TB PASS: both frames bit-exact; tlast count = 240 (exp 240)
$finish called at time : 945495 ns : File "C:/reconkit_v3/scaling/tb/tb_engine.v" Line 190
exit
INFO: [Common 17-206] Exiting xsim at Mon Oct  5 10:55:29 2026...
