#-----------------------------------------------------------
# xsim v2026.1 (64-bit)
# SW Build 6511674 on Tue Jun 16 11:02:23 MDT 2026
# IP Build 6504888 on Tue Jun 09 09:05:25 MDT 2026
# SharedData Build 6501428 on Mon Jun 08 17:34:18 MDT 2026
# Start of session at: Mon Oct  5 10:56:24 2026
# Process ID         : 3080
# Current directory  : C:/reconkit_v3/scaling
# Command line       : xsim.exe -log tb/logs_bram/w160_scharr_fullrate.log -mode tcl -source {xsim.dir/ext160_bram/xsim_script.tcl}
# Log file           : C:/reconkit_v3/scaling/tb/logs_bram/w160_scharr_fullrate.log
# Journal file       : C:/reconkit_v3/scaling\xsim.jou
# Running On         : 67AIS-SS1
# Platform           : Windows 11
# Operating System   : 26300
# Processor Detail   : AMD RYZEN AI MAX PRO 390 w/ Radeon 8050S       
# CPU Frequency      : 3194 MHz
# CPU Physical cores : 12
# CPU Logical cores  : 24
# Host memory        : 51299 MB
# Swap memory        : 21481 MB
# Total Virtual      : 72780 MB
# Available Virtual  : 8610 MB
#-----------------------------------------------------------
source xsim.dir/ext160_bram/xsim_script.tcl
# xsim {ext160_bram} -testplusarg VEC=tb/vectors -testplusarg CASE=scharr -testplusarg FULLRATE -autoloadwcfg -runall
Time resolution is 1 ps
run -all
config: W=160 H=120 CW=9 case=scharr fullrate=1 midframe=0 enpause=0
coefficient-swap programming: 76 clock cycles (19 AXI4-Lite writes)
frame1 (Sobel): 0 mismatches / 19200 px
frame2 (scharr): 0 mismatches / 19200 px
throughput frame1: 19484 cycles first-in..last-out for 19200 px (1.0148 cyc/px); input stall cycles total 236
throughput frame2: 19484 cycles first-in..last-out (1.0148 cyc/px)
TB PASS: both frames bit-exact; tlast count = 240 (exp 240)
$finish called at time : 390685 ns : File "C:/reconkit_v3/scaling/tb/tb_engine_ext.v" Line 248
exit
INFO: [Common 17-206] Exiting xsim at Mon Oct  5 10:56:26 2026...
