#-----------------------------------------------------------
# xsim v2026.1 (64-bit)
# SW Build 6511674 on Tue Jun 16 11:02:23 MDT 2026
# IP Build 6504888 on Tue Jun 09 09:05:25 MDT 2026
# SharedData Build 6501428 on Mon Jun 08 17:34:18 MDT 2026
# Start of session at: Mon Oct  5 10:56:21 2026
# Process ID         : 30636
# Current directory  : <repo>
# Command line       : xsim.exe -log tb/logs_bram/w1920_sharpen_midframe.log -mode tcl -source {xsim.dir/ext1920_bram/xsim_script.tcl}
# Log file           : <repo>/tb/logs_bram/w1920_sharpen_midframe.log
# Journal file       : <repo>\xsim.jou
# Running On         : <redacted>
# Platform           : Windows 11
# Operating System   : 26300
# Processor Detail   : AMD RYZEN AI MAX PRO 390 w/ Radeon 8050S       
# CPU Frequency      : 3194 MHz
# CPU Physical cores : 12
# CPU Logical cores  : 24
# Host memory        : 51299 MB
# Swap memory        : 21481 MB
# Total Virtual      : 72780 MB
# Available Virtual  : 7609 MB
#-----------------------------------------------------------
source xsim.dir/ext1920_bram/xsim_script.tcl
# xsim {ext1920_bram} -testplusarg VEC=tb/vectors_w1920_h16 -testplusarg CASE=sharpen -testplusarg MIDFRAME -autoloadwcfg -runall
Time resolution is 1 ps
run -all
config: W=1920 H=16 CW=11 case=sharpen fullrate=0 midframe=1 enpause=0
coefficient-swap programming: 76 clock cycles (19 AXI4-Lite writes) [issued mid-frame]
frame1 (Sobel, kernel written mid-frame): 0 mismatches / 30720 px
frame2 (sharpen): 0 mismatches / 30720 px
throughput frame1: 47252 cycles first-in..last-out for 30720 px (1.5382 cyc/px); input stall cycles total 7615
throughput frame2: 47122 cycles first-in..last-out (1.5339 cyc/px)
TB PASS: both frames bit-exact; tlast count = 32 (exp 32)
$finish called at time : 943985 ns : File "<repo>/tb/tb_engine_ext.v" Line 248
exit
INFO: [Common 17-206] Exiting xsim at Mon Oct  5 10:56:23 2026...
