Copyright 1986-2022 Xilinx, Inc. All Rights Reserved. Copyright 2022-2026 Advanced Micro Devices, Inc. All Rights Reserved.
---------------------------------------------------------------------------------------------------------------------------------------------
| Tool Version : Vivado v.2026.1 (win64) Build 6511674 Tue Jun 16 11:02:23 MDT 2026
| Date         : Wed Sep 30 02:03:06 2026
| Host         : <redacted> running 64-bit major release  (build 9200)
| Command      : report_utilization -hierarchical -file conv3x3_engine_W1920_extratiming_util_impl.rpt
| Design       : conv3x3_engine
| Device       : xc7z020clg400-1
| Speed File   : -1
| Design State : Physopt postRoute
---------------------------------------------------------------------------------------------------------------------------------------------

Utilization Design Information

Table of Contents
-----------------
1. Utilization by Hierarchy

1. Utilization by Hierarchy
---------------------------

+----------------+--------+------------+------------+---------+------+-----+--------+--------+------------+
|    Instance    | Module | Total LUTs | Logic LUTs | LUTRAMs | SRLs | FFs | RAMB36 | RAMB18 | DSP Blocks |
+----------------+--------+------------+------------+---------+------+-----+--------+--------+------------+
| conv3x3_engine |  (top) |       1917 |        893 |    1024 |    0 | 814 |      0 |      0 |         18 |
+----------------+--------+------------+------------+---------+------+-----+--------+--------+------------+
* Note: The sum of lower-level cells may be larger than their parent cells total, due to cross-hierarchy LUT combining


