#-----------------------------------------------------------
# xsim v2026.1 (64-bit)
# SW Build 6511674 on Tue Jun 16 11:02:23 MDT 2026
# IP Build 6504888 on Tue Jun 09 09:05:25 MDT 2026
# SharedData Build 6501428 on Mon Jun 08 17:34:18 MDT 2026
# Start of session at: Wed Sep 30 14:26:15 2026
# Process ID         : 50828
# Current directory  : <repo>
# Command line       : xsim.exe -log tb/logs/engine_gaussian.log -mode tcl -source {xsim.dir/eng_sim/xsim_script.tcl}
# Log file           : <repo>/tb/logs/engine_gaussian.log
# Journal file       : <repo>\xsim.jou
# Running On         : <redacted>
# Platform           : Windows 11
# Operating System   : 26200
# Processor Detail   : AMD RYZEN AI MAX PRO 390 w/ Radeon 8050S       
# CPU Frequency      : 3194 MHz
# CPU Physical cores : 12
# CPU Logical cores  : 24
# Host memory        : 51299 MB
# Swap memory        : 17396 MB
# Total Virtual      : 68695 MB
# Available Virtual  : 1671 MB
#-----------------------------------------------------------
source xsim.dir/eng_sim/xsim_script.tcl
# xsim {eng_sim} -testplusarg CFG=tb/vectors/cfg_gaussian.hex -testplusarg EXP2=tb/vectors/exp_gaussian.hex -autoloadwcfg -runall
Time resolution is 1 ps
run -all
frame1 (reset Sobel): 0 mismatches / 19200 px
coefficient-swap programming: 76 clock cycles (19 AXI4-Lite writes)
frame2 (swapped kernel): 0 mismatches / 19200 px
TB PASS: both frames bit-exact; tlast count = 240 (exp 240)
$finish called at time : 945495 ns : File "<repo>/tb/tb_engine.v" Line 187
exit
INFO: [Common 17-206] Exiting xsim at Wed Sep 30 14:26:18 2026...
