#-----------------------------------------------------------
# xsim v2026.1 (64-bit)
# SW Build 6511674 on Tue Jun 16 11:02:23 MDT 2026
# IP Build 6504888 on Tue Jun 09 09:05:25 MDT 2026
# SharedData Build 6501428 on Mon Jun 08 17:34:18 MDT 2026
# Start of session at: Wed Sep 30 14:26:44 2026
# Process ID         : 12144
# Current directory  : <repo>
# Command line       : xsim.exe -log tb/logs/sobel_fixed.log -mode tcl -source {xsim.dir/sob_sim/xsim_script.tcl}
# Log file           : <repo>/tb/logs/sobel_fixed.log
# Journal file       : <repo>\xsim.jou
# Running On         : <redacted>
# Platform           : Windows 11
# Operating System   : 26200
# Processor Detail   : AMD RYZEN AI MAX PRO 390 w/ Radeon 8050S       
# CPU Frequency      : 3194 MHz
# CPU Physical cores : 12
# CPU Logical cores  : 24
# Host memory        : 51299 MB
# Swap memory        : 18477 MB
# Total Virtual      : 69776 MB
# Available Virtual  : 1409 MB
#-----------------------------------------------------------
source xsim.dir/sob_sim/xsim_script.tcl
# xsim {sob_sim} -autoloadwcfg -runall
Time resolution is 1 ps
run -all
TB PASS: sobel_fixed bit-exact over 19200 px; tlast count = 120 (exp 120)
$finish called at time : 468790 ns : File "<repo>/tb/tb_sobel_fixed.v" Line 100
exit
INFO: [Common 17-206] Exiting xsim at Wed Sep 30 14:26:46 2026...
