#-----------------------------------------------------------
# xsim v2026.1 (64-bit)
# SW Build 6511674 on Tue Jun 16 11:02:23 MDT 2026
# IP Build 6504888 on Tue Jun 09 09:05:25 MDT 2026
# SharedData Build 6501428 on Mon Jun 08 17:34:18 MDT 2026
# Start of session at: Mon Oct  5 11:10:02 2026
# Process ID         : 19904
# Current directory  : <repo>
# Command line       : xsim.exe -log tb/logs_long/b_w160_h120_f120_adversarial.log -mode tcl -source {xsim.dir/long160/xsim_script.tcl}
# Log file           : <repo>/tb/logs_long/b_w160_h120_f120_adversarial.log
# Journal file       : <repo>\xsim.jou
# Running On         : <redacted>
# Platform           : Windows 11
# Operating System   : 26300
# Processor Detail   : AMD RYZEN AI MAX PRO 390 w/ Radeon 8050S       
# CPU Frequency      : 3194 MHz
# CPU Physical cores : 12
# CPU Logical cores  : 24
# Host memory        : 51299 MB
# Swap memory        : 21481 MB
# Total Virtual      : 72780 MB
# Available Virtual  : 12099 MB
#-----------------------------------------------------------
source xsim.dir/long160/xsim_script.tcl
# xsim {long160} -testplusarg VEC=tb/vectors -testplusarg FRAMES=120 -testplusarg ADVERSARIAL -autoloadwcfg -runall
Time resolution is 1 ps
run -all
config: W=160 H=120 CW=9 frames=120 fullrate=0 adversarial=1 noswap=0 (long-run mode, 6 expected images loaded)
swap 1: scharr for frame 2 written during frame 1 at input row 2 (76 cycles, 19 writes)
swap 2: prewitt for frame 3 written during frame 2 at input row 108 (76 cycles, 19 writes)
swap 3: gaussian for frame 4 written during frame 3 at input row 0 (76 cycles, 19 writes, output stalled)
swap 4: laplacian for frame 5 written during frame 4 at input row 0 (76 cycles, 19 writes, output stalled)
swap 5: sharpen for frame 6 written during frame 5 at input row 119 (76 cycles, 19 writes)
swap 6: sobel for frame 7 written during frame 6 at input row 59 (76 cycles, 19 writes)
swap 7: scharr for frame 8 written during frame 7 at input row 103 (76 cycles, 19 writes)
swap 8: prewitt for frame 9 written during frame 8 at input row 87 (76 cycles, 19 writes)
swap 9: gaussian for frame 10 written during frame 9 at input row 39 (76 cycles, 19 writes)
swap 10: laplacian for frame 11 written during frame 10 at input row 62 (76 cycles, 19 writes)
swap 11: sharpen for frame 12 written during frame 11 at input row 108 (76 cycles, 19 writes)
swap 12: sobel for frame 13 written during frame 12 at input row 119 (76 cycles, 19 writes)
swap 13: scharr for frame 14 written during frame 13 at input row 58 (76 cycles, 19 writes)
swap 14: prewitt for frame 15 written during frame 14 at input row 100 (76 cycles, 19 writes)
swap 15: gaussian for frame 16 written during frame 15 at input row 0 (76 cycles, 19 writes, output stalled)
swap 16: laplacian for frame 17 written during frame 16 at input row 0 (76 cycles, 19 writes, output stalled)
swap 17: sharpen for frame 18 written during frame 17 at input row 119 (76 cycles, 19 writes)
swap 18: sobel for frame 19 written during frame 18 at input row 98 (76 cycles, 19 writes)
swap 19: scharr for frame 20 written during frame 19 at input row 77 (76 cycles, 19 writes, output stalled)
swap 20: prewitt for frame 21 written during frame 20 at input row 35 (76 cycles, 19 writes)
swap 21: gaussian for frame 22 written during frame 21 at input row 55 (76 cycles, 19 writes)
swap 22: laplacian for frame 23 written during frame 22 at input row 95 (76 cycles, 19 writes)
swap 23: sharpen for frame 24 written during frame 23 at input row 55 (76 cycles, 19 writes)
swap 24: sobel for frame 25 written during frame 24 at input row 95 (76 cycles, 19 writes)
swap 25: scharr for frame 26 written during frame 25 at input row 54 (76 cycles, 19 writes)
swap 26: prewitt for frame 27 written during frame 26 at input row 109 (76 cycles, 19 writes, output stalled)
swap 27: gaussian for frame 28 written during frame 27 at input row 98 (76 cycles, 19 writes)
swap 28: laplacian for frame 29 written during frame 28 at input row 60 (76 cycles, 19 writes)
swap 29: sharpen for frame 30 written during frame 29 at input row 0 (76 cycles, 19 writes, output stalled)
swap 30: sobel for frame 31 written during frame 30 at input row 0 (76 cycles, 19 writes, output stalled)
swap 31: scharr for frame 32 written during frame 31 at input row 0 (76 cycles, 19 writes, output stalled)
swap 32: prewitt for frame 33 written during frame 32 at input row 0 (76 cycles, 19 writes, output stalled)
swap 33: gaussian for frame 34 written during frame 33 at input row 0 (76 cycles, 19 writes, output stalled)
swap 34: laplacian for frame 35 written during frame 34 at input row 119 (76 cycles, 19 writes)
swap 35: sharpen for frame 36 written during frame 35 at input row 42 (76 cycles, 19 writes)
swap 36: sobel for frame 37 written during frame 36 at input row 69 (76 cycles, 19 writes)
swap 37: scharr for frame 38 written during frame 37 at input row 2 (76 cycles, 19 writes)
swap 38: prewitt for frame 39 written during frame 38 at input row 108 (76 cycles, 19 writes)
swap 39: gaussian for frame 40 written during frame 39 at input row 0 (76 cycles, 19 writes, output stalled)
swap 40: laplacian for frame 41 written during frame 40 at input row 0 (76 cycles, 19 writes, output stalled)
swap 41: sharpen for frame 42 written during frame 41 at input row 0 (76 cycles, 19 writes, output stalled)
swap 42: sobel for frame 43 written during frame 42 at input row 119 (76 cycles, 19 writes)
swap 43: scharr for frame 44 written during frame 43 at input row 42 (76 cycles, 19 writes)
swap 44: prewitt for frame 45 written during frame 44 at input row 84 (76 cycles, 19 writes)
swap 45: gaussian for frame 46 written during frame 45 at input row 119 (76 cycles, 19 writes)
swap 46: laplacian for frame 47 written during frame 46 at input row 98 (76 cycles, 19 writes)
swap 47: sharpen for frame 48 written during frame 47 at input row 76 (76 cycles, 19 writes)
swap 48: sobel for frame 49 written during frame 48 at input row 119 (76 cycles, 19 writes)
swap 49: scharr for frame 50 written during frame 49 at input row 67 (76 cycles, 19 writes)
swap 50: prewitt for frame 51 written during frame 50 at input row 118 (76 cycles, 19 writes)
swap 51: gaussian for frame 52 written during frame 51 at input row 116 (76 cycles, 19 writes)
swap 52: laplacian for frame 53 written during frame 52 at input row 119 (76 cycles, 19 writes)
swap 53: sharpen for frame 54 written during frame 53 at input row 75 (76 cycles, 19 writes)
swap 54: sobel for frame 55 written during frame 54 at input row 30 (76 cycles, 19 writes, output stalled)
swap 55: scharr for frame 56 written during frame 55 at input row 61 (76 cycles, 19 writes, output stalled)
swap 56: prewitt for frame 57 written during frame 56 at input row 2 (76 cycles, 19 writes)
swap 57: gaussian for frame 58 written during frame 57 at input row 4 (76 cycles, 19 writes)
swap 58: laplacian for frame 59 written during frame 58 at input row 0 (76 cycles, 19 writes, output stalled)
swap 59: sharpen for frame 60 written during frame 59 at input row 0 (76 cycles, 19 writes, output stalled)
swap 60: sobel for frame 61 written during frame 60 at input row 119 (76 cycles, 19 writes)
swap 61: scharr for frame 62 written during frame 61 at input row 42 (76 cycles, 19 writes)
swap 62: prewitt for frame 63 written during frame 62 at input row 84 (76 cycles, 19 writes)
swap 63: gaussian for frame 64 written during frame 63 at input row 0 (76 cycles, 19 writes, output stalled)
swap 64: laplacian for frame 65 written during frame 64 at input row 0 (76 cycles, 19 writes, output stalled)
swap 65: sharpen for frame 66 written during frame 65 at input row 0 (76 cycles, 19 writes, output stalled)
swap 66: sobel for frame 67 written during frame 66 at input row 119 (76 cycles, 19 writes)
swap 67: scharr for frame 68 written during frame 67 at input row 99 (76 cycles, 19 writes)
swap 68: prewitt for frame 69 written during frame 68 at input row 62 (76 cycles, 19 writes)
swap 69: gaussian for frame 70 written during frame 69 at input row 108 (76 cycles, 19 writes)
swap 70: laplacian for frame 71 written during frame 70 at input row 0 (76 cycles, 19 writes, output stalled)
swap 71: sharpen for frame 72 written during frame 71 at input row 0 (76 cycles, 19 writes, output stalled)
swap 72: sobel for frame 73 written during frame 72 at input row 0 (76 cycles, 19 writes, output stalled)
swap 73: scharr for frame 74 written during frame 73 at input row 119 (76 cycles, 19 writes)
swap 74: prewitt for frame 75 written during frame 74 at input row 91 (76 cycles, 19 writes)
swap 75: gaussian for frame 76 written during frame 75 at input row 62 (76 cycles, 19 writes, output stalled)
swap 76: laplacian for frame 77 written during frame 76 at input row 109 (76 cycles, 19 writes)
swap 77: sharpen for frame 78 written during frame 77 at input row 99 (76 cycles, 19 writes)
swap 78: sobel for frame 79 written during frame 78 at input row 79 (76 cycles, 19 writes, output stalled)
swap 79: scharr for frame 80 written during frame 79 at input row 39 (76 cycles, 19 writes)
swap 80: prewitt for frame 81 written during frame 80 at input row 78 (76 cycles, 19 writes)
swap 81: gaussian for frame 82 written during frame 81 at input row 37 (76 cycles, 19 writes)
swap 82: laplacian for frame 83 written during frame 82 at input row 59 (76 cycles, 19 writes)
swap 83: sharpen for frame 84 written during frame 83 at input row 103 (76 cycles, 19 writes)
swap 84: sobel for frame 85 written during frame 84 at input row 87 (76 cycles, 19 writes)
swap 85: scharr for frame 86 written during frame 85 at input row 55 (76 cycles, 19 writes)
swap 86: prewitt for frame 87 written during frame 86 at input row 111 (76 cycles, 19 writes)
swap 87: gaussian for frame 88 written during frame 87 at input row 103 (76 cycles, 19 writes)
swap 88: laplacian for frame 89 written during frame 88 at input row 86 (76 cycles, 19 writes)
swap 89: sharpen for frame 90 written during frame 89 at input row 37 (76 cycles, 19 writes, output stalled)
swap 90: sobel for frame 91 written during frame 90 at input row 58 (76 cycles, 19 writes, output stalled)
swap 91: scharr for frame 92 written during frame 91 at input row 116 (76 cycles, 19 writes)
swap 92: prewitt for frame 93 written during frame 92 at input row 0 (76 cycles, 19 writes, output stalled)
swap 93: gaussian for frame 94 written during frame 93 at input row 119 (76 cycles, 19 writes)
swap 94: laplacian for frame 95 written during frame 94 at input row 99 (76 cycles, 19 writes)
swap 95: sharpen for frame 96 written during frame 95 at input row 62 (76 cycles, 19 writes)
swap 96: sobel for frame 97 written during frame 96 at input row 5 (76 cycles, 19 writes)
swap 97: scharr for frame 98 written during frame 97 at input row 114 (76 cycles, 19 writes)
swap 98: prewitt for frame 99 written during frame 98 at input row 92 (76 cycles, 19 writes)
swap 99: gaussian for frame 100 written during frame 99 at input row 119 (76 cycles, 19 writes)
swap 100: laplacian for frame 101 written during frame 100 at input row 82 (76 cycles, 19 writes)
swap 101: sharpen for frame 102 written during frame 101 at input row 28 (76 cycles, 19 writes, output stalled)
swap 102: sobel for frame 103 written during frame 102 at input row 0 (76 cycles, 19 writes, output stalled)
swap 103: scharr for frame 104 written during frame 103 at input row 0 (76 cycles, 19 writes, output stalled)
swap 104: prewitt for frame 105 written during frame 104 at input row 119 (76 cycles, 19 writes)
swap 105: gaussian for frame 106 written during frame 105 at input row 2 (76 cycles, 19 writes, output stalled)
swap 106: laplacian for frame 107 written during frame 106 at input row 5 (76 cycles, 19 writes)
swap 107: sharpen for frame 108 written during frame 107 at input row 11 (76 cycles, 19 writes)
swap 108: sobel for frame 109 written during frame 108 at input row 23 (76 cycles, 19 writes, output stalled)
swap 109: scharr for frame 110 written during frame 109 at input row 30 (76 cycles, 19 writes)
swap 110: prewitt for frame 111 written during frame 110 at input row 45 (76 cycles, 19 writes)
swap 111: gaussian for frame 112 written during frame 111 at input row 90 (76 cycles, 19 writes)
swap 112: laplacian for frame 113 written during frame 112 at input row 44 (76 cycles, 19 writes)
swap 113: sharpen for frame 114 written during frame 113 at input row 119 (76 cycles, 19 writes)
swap 114: sobel for frame 115 written during frame 114 at input row 58 (76 cycles, 19 writes)
swap 115: scharr for frame 116 written during frame 115 at input row 100 (76 cycles, 19 writes)
swap 116: prewitt for frame 117 written during frame 116 at input row 0 (76 cycles, 19 writes, output stalled)
swap 117: gaussian for frame 118 written during frame 117 at input row 0 (76 cycles, 19 writes, output stalled)
swap 118: laplacian for frame 119 written during frame 118 at input row 0 (76 cycles, 19 writes, output stalled)
swap 119: sharpen for frame 120 written during frame 119 at input row 0 (76 cycles, 19 writes, output stalled)
latency frame1: first accepted input beat (cyc 13) to first output beat (cyc 1913) = 1900 cycles = 12.795 us at 148.5 MHz
frame 1 (sobel): 0 mismatches / 19200 px, 34879 cycles first-in..last-out (1.8166 cyc/px)
frame 2 (scharr): 0 mismatches / 19200 px, 34791 cycles first-in..last-out (1.8120 cyc/px)
frame 3 (prewitt): 0 mismatches / 19200 px, 36398 cycles first-in..last-out (1.8957 cyc/px)
frame 4 (gaussian): 0 mismatches / 19200 px, 37739 cycles first-in..last-out (1.9656 cyc/px)
frame 5 (laplacian): 0 mismatches / 19200 px, 36798 cycles first-in..last-out (1.9166 cyc/px)
frame 6 (sharpen): 0 mismatches / 19200 px, 32890 cycles first-in..last-out (1.7130 cyc/px)
frame 7 (sobel): 0 mismatches / 19200 px, 35077 cycles first-in..last-out (1.8269 cyc/px)
frame 8 (scharr): 0 mismatches / 19200 px, 37584 cycles first-in..last-out (1.9575 cyc/px)
frame 9 (prewitt): 0 mismatches / 19200 px, 34733 cycles first-in..last-out (1.8090 cyc/px)
frame 10 (gaussian): 0 mismatches / 19200 px, 33912 cycles first-in..last-out (1.7663 cyc/px)
frame 11 (laplacian): 0 mismatches / 19200 px, 36226 cycles first-in..last-out (1.8868 cyc/px)
frame 12 (sharpen): 0 mismatches / 19200 px, 35010 cycles first-in..last-out (1.8234 cyc/px)
frame 13 (sobel): 0 mismatches / 19200 px, 34126 cycles first-in..last-out (1.7774 cyc/px)
frame 14 (scharr): 0 mismatches / 19200 px, 34996 cycles first-in..last-out (1.8227 cyc/px)
frame 15 (prewitt): 0 mismatches / 19200 px, 36968 cycles first-in..last-out (1.9254 cyc/px)
frame 16 (gaussian): 0 mismatches / 19200 px, 34973 cycles first-in..last-out (1.8215 cyc/px)
frame 17 (laplacian): 0 mismatches / 19200 px, 35277 cycles first-in..last-out (1.8373 cyc/px)
frame 18 (sharpen): 0 mismatches / 19200 px, 31783 cycles first-in..last-out (1.6554 cyc/px)
frame 19 (sobel): 0 mismatches / 19200 px, 35099 cycles first-in..last-out (1.8281 cyc/px)
frame 20 (scharr): 0 mismatches / 19200 px, 37272 cycles first-in..last-out (1.9412 cyc/px)
frame 21 (prewitt): 0 mismatches / 19200 px, 34160 cycles first-in..last-out (1.7792 cyc/px)
frame 22 (gaussian): 0 mismatches / 19200 px, 34020 cycles first-in..last-out (1.7719 cyc/px)
frame 23 (laplacian): 0 mismatches / 19200 px, 36492 cycles first-in..last-out (1.9006 cyc/px)
frame 24 (sharpen): 0 mismatches / 19200 px, 33836 cycles first-in..last-out (1.7623 cyc/px)
frame 25 (sobel): 0 mismatches / 19200 px, 37691 cycles first-in..last-out (1.9631 cyc/px)
frame 26 (scharr): 0 mismatches / 19200 px, 35045 cycles first-in..last-out (1.8253 cyc/px)
frame 27 (prewitt): 0 mismatches / 19200 px, 33259 cycles first-in..last-out (1.7322 cyc/px)
frame 28 (gaussian): 0 mismatches / 19200 px, 33289 cycles first-in..last-out (1.7338 cyc/px)
frame 29 (laplacian): 0 mismatches / 19200 px, 35084 cycles first-in..last-out (1.8273 cyc/px)
frame 30 (sharpen): 0 mismatches / 19200 px, 32360 cycles first-in..last-out (1.6854 cyc/px)
frame 31 (sobel): 0 mismatches / 19200 px, 33726 cycles first-in..last-out (1.7566 cyc/px)
frame 32 (scharr): 0 mismatches / 19200 px, 34427 cycles first-in..last-out (1.7931 cyc/px)
frame 33 (prewitt): 0 mismatches / 19200 px, 34415 cycles first-in..last-out (1.7924 cyc/px)
frame 34 (gaussian): 0 mismatches / 19200 px, 36117 cycles first-in..last-out (1.8811 cyc/px)
frame 35 (laplacian): 0 mismatches / 19200 px, 34270 cycles first-in..last-out (1.7849 cyc/px)
frame 36 (sharpen): 0 mismatches / 19200 px, 33782 cycles first-in..last-out (1.7595 cyc/px)
frame 37 (sobel): 0 mismatches / 19200 px, 36625 cycles first-in..last-out (1.9076 cyc/px)
frame 38 (scharr): 0 mismatches / 19200 px, 38019 cycles first-in..last-out (1.9802 cyc/px)
frame 39 (prewitt): 0 mismatches / 19200 px, 35333 cycles first-in..last-out (1.8403 cyc/px)
frame 40 (gaussian): 0 mismatches / 19200 px, 35409 cycles first-in..last-out (1.8442 cyc/px)
frame 41 (laplacian): 0 mismatches / 19200 px, 36917 cycles first-in..last-out (1.9228 cyc/px)
frame 42 (sharpen): 0 mismatches / 19200 px, 36120 cycles first-in..last-out (1.8813 cyc/px)
frame 43 (sobel): 0 mismatches / 19200 px, 35353 cycles first-in..last-out (1.8413 cyc/px)
frame 44 (scharr): 0 mismatches / 19200 px, 32063 cycles first-in..last-out (1.6699 cyc/px)
frame 45 (prewitt): 0 mismatches / 19200 px, 32416 cycles first-in..last-out (1.6883 cyc/px)
frame 46 (gaussian): 0 mismatches / 19200 px, 31691 cycles first-in..last-out (1.6506 cyc/px)
frame 47 (laplacian): 0 mismatches / 19200 px, 32137 cycles first-in..last-out (1.6738 cyc/px)
frame 48 (sharpen): 0 mismatches / 19200 px, 33999 cycles first-in..last-out (1.7708 cyc/px)
frame 49 (sobel): 0 mismatches / 19200 px, 36205 cycles first-in..last-out (1.8857 cyc/px)
frame 50 (scharr): 0 mismatches / 19200 px, 33972 cycles first-in..last-out (1.7694 cyc/px)
frame 51 (prewitt): 0 mismatches / 19200 px, 34961 cycles first-in..last-out (1.8209 cyc/px)
frame 52 (gaussian): 0 mismatches / 19200 px, 33852 cycles first-in..last-out (1.7631 cyc/px)
frame 53 (laplacian): 0 mismatches / 19200 px, 36274 cycles first-in..last-out (1.8893 cyc/px)
frame 54 (sharpen): 0 mismatches / 19200 px, 37345 cycles first-in..last-out (1.9451 cyc/px)
frame 55 (sobel): 0 mismatches / 19200 px, 36038 cycles first-in..last-out (1.8770 cyc/px)
frame 56 (scharr): 0 mismatches / 19200 px, 34294 cycles first-in..last-out (1.7861 cyc/px)
frame 57 (prewitt): 0 mismatches / 19200 px, 36740 cycles first-in..last-out (1.9135 cyc/px)
frame 58 (gaussian): 0 mismatches / 19200 px, 35384 cycles first-in..last-out (1.8429 cyc/px)
frame 59 (laplacian): 0 mismatches / 19200 px, 34160 cycles first-in..last-out (1.7792 cyc/px)
frame 60 (sharpen): 0 mismatches / 19200 px, 33422 cycles first-in..last-out (1.7407 cyc/px)
frame 61 (sobel): 0 mismatches / 19200 px, 34178 cycles first-in..last-out (1.7801 cyc/px)
frame 62 (scharr): 0 mismatches / 19200 px, 33555 cycles first-in..last-out (1.7477 cyc/px)
frame 63 (prewitt): 0 mismatches / 19200 px, 36013 cycles first-in..last-out (1.8757 cyc/px)
frame 64 (gaussian): 0 mismatches / 19200 px, 35660 cycles first-in..last-out (1.8573 cyc/px)
frame 65 (laplacian): 0 mismatches / 19200 px, 37314 cycles first-in..last-out (1.9434 cyc/px)
frame 66 (sharpen): 0 mismatches / 19200 px, 34795 cycles first-in..last-out (1.8122 cyc/px)
frame 67 (sobel): 0 mismatches / 19200 px, 34703 cycles first-in..last-out (1.8074 cyc/px)
frame 68 (scharr): 0 mismatches / 19200 px, 35515 cycles first-in..last-out (1.8497 cyc/px)
frame 69 (prewitt): 0 mismatches / 19200 px, 36641 cycles first-in..last-out (1.9084 cyc/px)
frame 70 (gaussian): 0 mismatches / 19200 px, 34912 cycles first-in..last-out (1.8183 cyc/px)
frame 71 (laplacian): 0 mismatches / 19200 px, 36271 cycles first-in..last-out (1.8891 cyc/px)
frame 72 (sharpen): 0 mismatches / 19200 px, 33698 cycles first-in..last-out (1.7551 cyc/px)
frame 73 (sobel): 0 mismatches / 19200 px, 31581 cycles first-in..last-out (1.6448 cyc/px)
frame 74 (scharr): 0 mismatches / 19200 px, 33902 cycles first-in..last-out (1.7657 cyc/px)
frame 75 (prewitt): 0 mismatches / 19200 px, 31483 cycles first-in..last-out (1.6397 cyc/px)
frame 76 (gaussian): 0 mismatches / 19200 px, 34891 cycles first-in..last-out (1.8172 cyc/px)
frame 77 (laplacian): 0 mismatches / 19200 px, 35221 cycles first-in..last-out (1.8344 cyc/px)
frame 78 (sharpen): 0 mismatches / 19200 px, 33955 cycles first-in..last-out (1.7685 cyc/px)
frame 79 (sobel): 0 mismatches / 19200 px, 35958 cycles first-in..last-out (1.8728 cyc/px)
frame 80 (scharr): 0 mismatches / 19200 px, 34936 cycles first-in..last-out (1.8196 cyc/px)
frame 81 (prewitt): 0 mismatches / 19200 px, 35228 cycles first-in..last-out (1.8348 cyc/px)
frame 82 (gaussian): 0 mismatches / 19200 px, 33588 cycles first-in..last-out (1.7494 cyc/px)
frame 83 (laplacian): 0 mismatches / 19200 px, 34306 cycles first-in..last-out (1.7868 cyc/px)
frame 84 (sharpen): 0 mismatches / 19200 px, 33868 cycles first-in..last-out (1.7640 cyc/px)
frame 85 (sobel): 0 mismatches / 19200 px, 34911 cycles first-in..last-out (1.8183 cyc/px)
frame 86 (scharr): 0 mismatches / 19200 px, 34003 cycles first-in..last-out (1.7710 cyc/px)
frame 87 (prewitt): 0 mismatches / 19200 px, 34089 cycles first-in..last-out (1.7755 cyc/px)
frame 88 (gaussian): 0 mismatches / 19200 px, 35682 cycles first-in..last-out (1.8584 cyc/px)
frame 89 (laplacian): 0 mismatches / 19200 px, 36161 cycles first-in..last-out (1.8834 cyc/px)
frame 90 (sharpen): 0 mismatches / 19200 px, 34534 cycles first-in..last-out (1.7986 cyc/px)
frame 91 (sobel): 0 mismatches / 19200 px, 35298 cycles first-in..last-out (1.8384 cyc/px)
frame 92 (scharr): 0 mismatches / 19200 px, 31680 cycles first-in..last-out (1.6500 cyc/px)
frame 93 (prewitt): 0 mismatches / 19200 px, 34292 cycles first-in..last-out (1.7860 cyc/px)
frame 94 (gaussian): 0 mismatches / 19200 px, 33623 cycles first-in..last-out (1.7512 cyc/px)
frame 95 (laplacian): 0 mismatches / 19200 px, 32670 cycles first-in..last-out (1.7016 cyc/px)
frame 96 (sharpen): 0 mismatches / 19200 px, 33150 cycles first-in..last-out (1.7266 cyc/px)
frame 97 (sobel): 0 mismatches / 19200 px, 34491 cycles first-in..last-out (1.7964 cyc/px)
frame 98 (scharr): 0 mismatches / 19200 px, 35626 cycles first-in..last-out (1.8555 cyc/px)
frame 99 (prewitt): 0 mismatches / 19200 px, 35458 cycles first-in..last-out (1.8468 cyc/px)
frame 100 (gaussian): 0 mismatches / 19200 px, 34815 cycles first-in..last-out (1.8133 cyc/px)
frame 101 (laplacian): 0 mismatches / 19200 px, 33163 cycles first-in..last-out (1.7272 cyc/px)
frame 102 (sharpen): 0 mismatches / 19200 px, 34487 cycles first-in..last-out (1.7962 cyc/px)
frame 103 (sobel): 0 mismatches / 19200 px, 34870 cycles first-in..last-out (1.8161 cyc/px)
frame 104 (scharr): 0 mismatches / 19200 px, 32342 cycles first-in..last-out (1.6845 cyc/px)
frame 105 (prewitt): 0 mismatches / 19200 px, 31876 cycles first-in..last-out (1.6602 cyc/px)
frame 106 (gaussian): 0 mismatches / 19200 px, 35053 cycles first-in..last-out (1.8257 cyc/px)
frame 107 (laplacian): 0 mismatches / 19200 px, 36156 cycles first-in..last-out (1.8831 cyc/px)
frame 108 (sharpen): 0 mismatches / 19200 px, 34668 cycles first-in..last-out (1.8056 cyc/px)
frame 109 (sobel): 0 mismatches / 19200 px, 35101 cycles first-in..last-out (1.8282 cyc/px)
frame 110 (scharr): 0 mismatches / 19200 px, 31718 cycles first-in..last-out (1.6520 cyc/px)
frame 111 (prewitt): 0 mismatches / 19200 px, 32422 cycles first-in..last-out (1.6886 cyc/px)
frame 112 (gaussian): 0 mismatches / 19200 px, 34443 cycles first-in..last-out (1.7939 cyc/px)
frame 113 (laplacian): 0 mismatches / 19200 px, 34366 cycles first-in..last-out (1.7899 cyc/px)
frame 114 (sharpen): 0 mismatches / 19200 px, 31943 cycles first-in..last-out (1.6637 cyc/px)
frame 115 (sobel): 0 mismatches / 19200 px, 34438 cycles first-in..last-out (1.7936 cyc/px)
frame 116 (scharr): 0 mismatches / 19200 px, 35195 cycles first-in..last-out (1.8331 cyc/px)
frame 117 (prewitt): 0 mismatches / 19200 px, 34511 cycles first-in..last-out (1.7974 cyc/px)
frame 118 (gaussian): 0 mismatches / 19200 px, 32728 cycles first-in..last-out (1.7046 cyc/px)
frame 119 (laplacian): 0 mismatches / 19200 px, 33096 cycles first-in..last-out (1.7237 cyc/px)
frame 120 (sharpen): 0 mismatches / 19200 px, 35264 cycles first-in..last-out (1.8367 cyc/px)
cycles/frame: min 31483 max 38019 mean 34647.7; input stall cycles total 602896
adversarial: 182 long tready stalls (lengths 1004..1998), longest tready-low stretch 2513 cycles (1998 with an output beat pending); SOF held until the engine was idle for 57 frames, back-to-back for 62; tready low in the accept cycle for 58 of 120 SOF beats and 120 of 120 first-EOL beats; 351 input gaps >= 500 cycles (longest 1496); 38 of 119 kernel writes finished while the output was stalled
summary: 120 frames, 2304000 pixels checked, 0 mismatches, 119 kernel swaps, tlast count 14400 (exp 14400), 0 TUSER errors, 0 TLAST errors, 0 extra beats, 0 register errors
TB PASS: all 120 frames bit-exact (2304000 px, 119 kernel swaps)
$finish called at time : 40681935 ns : File "<repo>/tb/tb_engine_ext.v" Line 472
run: Time (s): cpu = 00:00:00 ; elapsed = 00:00:09 . Memory (MB): peak = 227.547 ; gain = 0.000
exit
INFO: [Common 17-206] Exiting xsim at Mon Oct  5 11:10:13 2026...
