#-----------------------------------------------------------
# xsim v2026.1 (64-bit)
# SW Build 6511674 on Tue Jun 16 11:02:23 MDT 2026
# IP Build 6504888 on Tue Jun 09 09:05:25 MDT 2026
# SharedData Build 6501428 on Mon Jun 08 17:34:18 MDT 2026
# Start of session at: Mon Oct  5 10:43:59 2026
# Process ID         : 54976
# Current directory  : <repo>
# Command line       : xsim.exe -log tb/logs_long/c_w1920_h1080_f4_fullrate.log -mode tcl -source {xsim.dir/long1080p/xsim_script.tcl}
# Log file           : <repo>/tb/logs_long/c_w1920_h1080_f4_fullrate.log
# Journal file       : <repo>\xsim.jou
# Running On         : <redacted>
# Platform           : Windows 11
# Operating System   : 26300
# Processor Detail   : AMD RYZEN AI MAX PRO 390 w/ Radeon 8050S       
# CPU Frequency      : 3194 MHz
# CPU Physical cores : 12
# CPU Logical cores  : 24
# Host memory        : 51299 MB
# Swap memory        : 21481 MB
# Total Virtual      : 72780 MB
# Available Virtual  : 11082 MB
#-----------------------------------------------------------
source xsim.dir/long1080p/xsim_script.tcl
# xsim {long1080p} -testplusarg VEC=tb/vectors_w1920_h1080 -testplusarg FRAMES=4 -testplusarg FULLRATE -autoloadwcfg -runall
Time resolution is 1 ps
run -all
config: W=1920 H=1080 CW=11 frames=4 fullrate=1 adversarial=0 noswap=0 (long-run mode, 4 expected images loaded)
swap 1: scharr for frame 2 written during frame 1 at input row 2 (76 cycles, 19 writes)
swap 2: prewitt for frame 3 written during frame 2 at input row 348 (76 cycles, 19 writes)
swap 3: gaussian for frame 4 written during frame 3 at input row 0 (76 cycles, 19 writes)
latency frame1: first accepted input beat (cyc 13) to first output beat (cyc 1939) = 1926 cycles = 12.970 us at 148.5 MHz
frame 1 (sobel): 0 mismatches / 2073600 px, 2076604 cycles first-in..last-out (1.0014 cyc/px)
frame 2 (scharr): 0 mismatches / 2073600 px, 2076604 cycles first-in..last-out (1.0014 cyc/px)
frame 3 (prewitt): 0 mismatches / 2073600 px, 2076604 cycles first-in..last-out (1.0014 cyc/px)
frame 4 (gaussian): 0 mismatches / 2073600 px, 2076604 cycles first-in..last-out (1.0014 cyc/px)
cycles/frame: min 2076604 max 2076604 mean 2076604.0; input stall cycles total 10078
summary: 4 frames, 8294400 pixels checked, 0 mismatches, 3 kernel swaps, tlast count 4320 (exp 4320), 0 TUSER errors, 0 TLAST errors, 0 extra beats, 0 register errors
TB PASS: all 4 frames bit-exact (8294400 px, 3 kernel swaps)
$finish called at time : 83064525 ns : File "<repo>/tb/tb_engine_ext.v" Line 469
run: Time (s): cpu = 00:00:00 ; elapsed = 00:01:00 . Memory (MB): peak = 229.391 ; gain = 0.000
exit
INFO: xsimkernel Simulation Memory Usage: 46816 KB (Peak: 46816 KB), Simulation CPU Usage: 58156 ms
INFO: [Common 17-206] Exiting xsim at Mon Oct  5 10:45:01 2026...
