Copyright 1986-2022 Xilinx, Inc. All Rights Reserved. Copyright 2022-2026 Advanced Micro Devices, Inc. All Rights Reserved.
---------------------------------------------------------------------------------------------------------------------------------------------
| Tool Version : Vivado v.2026.1 (win64) Build 6511674 Tue Jun 16 11:02:23 MDT 2026
| Date         : Wed Sep 30 14:34:49 2026
| Host         : <redacted> running 64-bit major release  (build 9200)
| Command      : report_timing_summary -delay_type min_max -max_paths 10 -file filter2d_top_extratiming_tim_impl.rpt
| Design       : filter2d_top
| Device       : 7z020-clg400
| Speed File   : -1  PRODUCTION 1.12 2019-11-22
| Design State : Physopt postRoute
---------------------------------------------------------------------------------------------------------------------------------------------

Timing Summary Report

------------------------------------------------------------------------------------------------
| Timer Settings
| --------------
------------------------------------------------------------------------------------------------

  Enable Multi Corner Analysis               :  Yes
  Enable Pessimism Removal                   :  Yes
  Pessimism Removal Resolution               :  Nearest Common Node
  Enable Input Delay Default Clock           :  No
  Enable Preset / Clear Arcs                 :  No
  Disable Flight Delays                      :  No
  Ignore I/O Paths                           :  No
  Timing Early Launch at Borrowing Latches   :  No
  Borrow Time for Max Delay Exceptions       :  Yes
  Merge Timing Exceptions                    :  Yes
  Inter-SLR Compensation                     :  Conservative

  Corner  Analyze    Analyze    
  Name    Max Paths  Min Paths  
  ------  ---------  ---------  
  Slow    Yes        Yes        
  Fast    Yes        Yes        


------------------------------------------------------------------------------------------------
| Report Methodology
| ------------------
------------------------------------------------------------------------------------------------

No report available as report_methodology has not been run prior. Run report_methodology on the current design for the summary of methodology violations.



check_timing report

Table of Contents
-----------------
1. checking no_clock (0)
2. checking constant_clock (0)
3. checking pulse_width_clock (0)
4. checking unconstrained_internal_endpoints (0)
5. checking no_input_delay (0)
6. checking no_output_delay (0)
7. checking multiple_clock (0)
8. checking generated_clocks (0)
9. checking loops (0)
10. checking partial_input_delay (0)
11. checking partial_output_delay (0)
12. checking latch_loops (0)

1. checking no_clock (0)
------------------------
 There are 0 register/latch pins with no clock.


2. checking constant_clock (0)
------------------------------
 There are 0 register/latch pins with constant_clock.


3. checking pulse_width_clock (0)
---------------------------------
 There are 0 register/latch pins which need pulse_width check


4. checking unconstrained_internal_endpoints (0)
------------------------------------------------
 There are 0 pins that are not constrained for maximum delay.

 There are 0 pins that are not constrained for maximum delay due to constant clock.


5. checking no_input_delay (0)
------------------------------
 There are 0 input ports with no input delay specified.

 There are 0 input ports with no input delay but user has a false path constraint.


6. checking no_output_delay (0)
-------------------------------
 There are 0 ports with no output delay specified.

 There are 0 ports with no output delay but user has a false path constraint

 There are 0 ports with no output delay but with a timing clock defined on it or propagating through it


7. checking multiple_clock (0)
------------------------------
 There are 0 register/latch pins with multiple clocks.


8. checking generated_clocks (0)
--------------------------------
 There are 0 generated clocks that are not connected to a clock source.


9. checking loops (0)
---------------------
 There are 0 combinational loops in the design.


10. checking partial_input_delay (0)
------------------------------------
 There are 0 input ports with partial input delay specified.


11. checking partial_output_delay (0)
-------------------------------------
 There are 0 ports with partial output delay specified.


12. checking latch_loops (0)
----------------------------
 There are 0 combinational latch loops in the design through latch input



------------------------------------------------------------------------------------------------
| Design Timing Summary
| ---------------------
------------------------------------------------------------------------------------------------

    WNS(ns)      TNS(ns)  TNS Failing Endpoints  TNS Total Endpoints      WHS(ns)      THS(ns)  THS Failing Endpoints  THS Total Endpoints     WPWS(ns)     TPWS(ns)  TPWS Failing Endpoints  TPWS Total Endpoints  
    -------      -------  ---------------------  -------------------      -------      -------  ---------------------  -------------------     --------     --------  ----------------------  --------------------  
      0.539        0.000                      0                 4294        0.067        0.000                      0                 4294        2.117        0.000                       0                  1565  


All user specified timing constraints are met.


------------------------------------------------------------------------------------------------
| Clock Summary
| -------------
------------------------------------------------------------------------------------------------

Clock   Waveform(ns)         Period(ns)      Frequency(MHz)
-----   ------------         ----------      --------------
ap_clk  {0.000 3.367}        6.734           148.500         


------------------------------------------------------------------------------------------------
| Intra Clock Table
| -----------------
------------------------------------------------------------------------------------------------

Clock             WNS(ns)      TNS(ns)  TNS Failing Endpoints  TNS Total Endpoints      WHS(ns)      THS(ns)  THS Failing Endpoints  THS Total Endpoints     WPWS(ns)     TPWS(ns)  TPWS Failing Endpoints  TPWS Total Endpoints  
-----             -------      -------  ---------------------  -------------------      -------      -------  ---------------------  -------------------     --------     --------  ----------------------  --------------------  
ap_clk              0.539        0.000                      0                 4294        0.067        0.000                      0                 4294        2.117        0.000                       0                  1565  


------------------------------------------------------------------------------------------------
| Inter Clock Table
| -----------------
------------------------------------------------------------------------------------------------

From Clock    To Clock          WNS(ns)      TNS(ns)  TNS Failing Endpoints  TNS Total Endpoints      WHS(ns)      THS(ns)  THS Failing Endpoints  THS Total Endpoints  
----------    --------          -------      -------  ---------------------  -------------------      -------      -------  ---------------------  -------------------  


------------------------------------------------------------------------------------------------
| Other Path Groups Table
| -----------------------
------------------------------------------------------------------------------------------------

Path Group    From Clock    To Clock          WNS(ns)      TNS(ns)  TNS Failing Endpoints  TNS Total Endpoints      WHS(ns)      THS(ns)  THS Failing Endpoints  THS Total Endpoints  
----------    ----------    --------          -------      -------  ---------------------  -------------------      -------      -------  ---------------------  -------------------  


------------------------------------------------------------------------------------------------
| Timing Details
| --------------
------------------------------------------------------------------------------------------------


---------------------------------------------------------------------------------------------------
From Clock:  ap_clk
  To Clock:  ap_clk

Setup :            0  Failing Endpoints,  Worst Slack        0.539ns,  Total Violation        0.000ns
Hold  :            0  Failing Endpoints,  Worst Slack        0.067ns,  Total Violation        0.000ns
PW    :            0  Failing Endpoints,  Worst Slack        2.117ns,  Total Violation        0.000ns
---------------------------------------------------------------------------------------------------


Max Delay Paths
--------------------------------------------------------------------------------------
Slack (MET) :             0.539ns  (required time - arrival time)
  Source:                 ap_rst_n
                            (input port clocked by ap_clk  {rise@0.000ns fall@3.367ns period=6.734ns})
  Destination:            AXIvideo2xfMat_8_0_1080_1920_1_2_U0/ap_CS_fsm_reg[1]/R
                            (rising edge-triggered cell FDRE clocked by ap_clk  {rise@0.000ns fall@3.367ns period=6.734ns})
  Path Group:             ap_clk
  Path Type:              Setup (Max at Slow Process Corner)
  Requirement:            6.734ns  (ap_clk rise@6.734ns - ap_clk rise@0.000ns)
  Data Path Delay:        4.655ns  (logic 0.124ns (2.664%)  route 4.531ns (97.336%))
  Logic Levels:           1  (LUT1=1)
  Input Delay:            2.000ns
  Clock Path Skew:        0.924ns (DCD - SCD + CPR)
    Destination Clock Delay (DCD):    0.924ns = ( 7.658 - 6.734 ) 
    Source Clock Delay      (SCD):    0.000ns
    Clock Pessimism Removal (CPR):    0.000ns
  Clock Uncertainty:      0.035ns  ((TSJ^2 + TIJ^2)^1/2 + DJ) / 2 + PE
    Total System Jitter     (TSJ):    0.071ns
    Total Input Jitter      (TIJ):    0.000ns
    Discrete Jitter          (DJ):    0.000ns
    Phase Error              (PE):    0.000ns

    Location             Delay type                Incr(ns)  Path(ns)    Netlist Resource(s)
  -------------------------------------------------------------------    -------------------
                         (clock ap_clk rise edge)     0.000     0.000 r  <hidden>
                         input delay                  2.000     2.000    <hidden>
                                                      0.000     2.000 f  ap_rst_n
                         net (fo=14, unset)           0.973     2.973    control_s_axi_U/ap_rst_n
    SLICE_X17Y24         LUT1 (Prop_lut1_I0_O)        0.124     3.097 r  control_s_axi_U/FSM_onehot_wstate[1]_i_1/O
                         net (fo=230, routed)         3.558     6.655    AXIvideo2xfMat_8_0_1080_1920_1_2_U0/ap_rst_n_inv
    SLICE_X28Y7          FDRE                                         r  AXIvideo2xfMat_8_0_1080_1920_1_2_U0/ap_CS_fsm_reg[1]/R
  -------------------------------------------------------------------    -------------------

                         (clock ap_clk rise edge)     6.734     6.734 r  <hidden>
                                                      0.000     6.734 r  ap_clk
                         net (fo=1564, unset)         0.924     7.658    AXIvideo2xfMat_8_0_1080_1920_1_2_U0/ap_clk
    SLICE_X28Y7          FDRE                                         r  AXIvideo2xfMat_8_0_1080_1920_1_2_U0/ap_CS_fsm_reg[1]/C
                         clock pessimism              0.000     7.658    <hidden>
                         clock uncertainty           -0.035     7.623    <hidden>
    SLICE_X28Y7          FDRE (Setup_fdre_C_R)       -0.429     7.194    AXIvideo2xfMat_8_0_1080_1920_1_2_U0/ap_CS_fsm_reg[1]
  -------------------------------------------------------------------
                         required time                          7.194    <hidden>
                         arrival time                          -6.655    <hidden>
  -------------------------------------------------------------------
                         slack                                  0.539    <hidden>

Slack (MET) :             0.539ns  (required time - arrival time)
  Source:                 ap_rst_n
                            (input port clocked by ap_clk  {rise@0.000ns fall@3.367ns period=6.734ns})
  Destination:            AXIvideo2xfMat_8_0_1080_1920_1_2_U0/ap_CS_fsm_reg[2]/R
                            (rising edge-triggered cell FDRE clocked by ap_clk  {rise@0.000ns fall@3.367ns period=6.734ns})
  Path Group:             ap_clk
  Path Type:              Setup (Max at Slow Process Corner)
  Requirement:            6.734ns  (ap_clk rise@6.734ns - ap_clk rise@0.000ns)
  Data Path Delay:        4.655ns  (logic 0.124ns (2.664%)  route 4.531ns (97.336%))
  Logic Levels:           1  (LUT1=1)
  Input Delay:            2.000ns
  Clock Path Skew:        0.924ns (DCD - SCD + CPR)
    Destination Clock Delay (DCD):    0.924ns = ( 7.658 - 6.734 ) 
    Source Clock Delay      (SCD):    0.000ns
    Clock Pessimism Removal (CPR):    0.000ns
  Clock Uncertainty:      0.035ns  ((TSJ^2 + TIJ^2)^1/2 + DJ) / 2 + PE
    Total System Jitter     (TSJ):    0.071ns
    Total Input Jitter      (TIJ):    0.000ns
    Discrete Jitter          (DJ):    0.000ns
    Phase Error              (PE):    0.000ns

    Location             Delay type                Incr(ns)  Path(ns)    Netlist Resource(s)
  -------------------------------------------------------------------    -------------------
                         (clock ap_clk rise edge)     0.000     0.000 r  <hidden>
                         input delay                  2.000     2.000    <hidden>
                                                      0.000     2.000 f  ap_rst_n
                         net (fo=14, unset)           0.973     2.973    control_s_axi_U/ap_rst_n
    SLICE_X17Y24         LUT1 (Prop_lut1_I0_O)        0.124     3.097 r  control_s_axi_U/FSM_onehot_wstate[1]_i_1/O
                         net (fo=230, routed)         3.558     6.655    AXIvideo2xfMat_8_0_1080_1920_1_2_U0/ap_rst_n_inv
    SLICE_X28Y7          FDRE                                         r  AXIvideo2xfMat_8_0_1080_1920_1_2_U0/ap_CS_fsm_reg[2]/R
  -------------------------------------------------------------------    -------------------

                         (clock ap_clk rise edge)     6.734     6.734 r  <hidden>
                                                      0.000     6.734 r  ap_clk
                         net (fo=1564, unset)         0.924     7.658    AXIvideo2xfMat_8_0_1080_1920_1_2_U0/ap_clk
    SLICE_X28Y7          FDRE                                         r  AXIvideo2xfMat_8_0_1080_1920_1_2_U0/ap_CS_fsm_reg[2]/C
                         clock pessimism              0.000     7.658    <hidden>
                         clock uncertainty           -0.035     7.623    <hidden>
    SLICE_X28Y7          FDRE (Setup_fdre_C_R)       -0.429     7.194    AXIvideo2xfMat_8_0_1080_1920_1_2_U0/ap_CS_fsm_reg[2]
  -------------------------------------------------------------------
                         required time                          7.194    <hidden>
                         arrival time                          -6.655    <hidden>
  -------------------------------------------------------------------
                         slack                                  0.539    <hidden>

Slack (MET) :             0.539ns  (required time - arrival time)
  Source:                 ap_rst_n
                            (input port clocked by ap_clk  {rise@0.000ns fall@3.367ns period=6.734ns})
  Destination:            AXIvideo2xfMat_8_0_1080_1920_1_2_U0/ap_CS_fsm_reg[3]/R
                            (rising edge-triggered cell FDRE clocked by ap_clk  {rise@0.000ns fall@3.367ns period=6.734ns})
  Path Group:             ap_clk
  Path Type:              Setup (Max at Slow Process Corner)
  Requirement:            6.734ns  (ap_clk rise@6.734ns - ap_clk rise@0.000ns)
  Data Path Delay:        4.655ns  (logic 0.124ns (2.664%)  route 4.531ns (97.336%))
  Logic Levels:           1  (LUT1=1)
  Input Delay:            2.000ns
  Clock Path Skew:        0.924ns (DCD - SCD + CPR)
    Destination Clock Delay (DCD):    0.924ns = ( 7.658 - 6.734 ) 
    Source Clock Delay      (SCD):    0.000ns
    Clock Pessimism Removal (CPR):    0.000ns
  Clock Uncertainty:      0.035ns  ((TSJ^2 + TIJ^2)^1/2 + DJ) / 2 + PE
    Total System Jitter     (TSJ):    0.071ns
    Total Input Jitter      (TIJ):    0.000ns
    Discrete Jitter          (DJ):    0.000ns
    Phase Error              (PE):    0.000ns

    Location             Delay type                Incr(ns)  Path(ns)    Netlist Resource(s)
  -------------------------------------------------------------------    -------------------
                         (clock ap_clk rise edge)     0.000     0.000 r  <hidden>
                         input delay                  2.000     2.000    <hidden>
                                                      0.000     2.000 f  ap_rst_n
                         net (fo=14, unset)           0.973     2.973    control_s_axi_U/ap_rst_n
    SLICE_X17Y24         LUT1 (Prop_lut1_I0_O)        0.124     3.097 r  control_s_axi_U/FSM_onehot_wstate[1]_i_1/O
                         net (fo=230, routed)         3.558     6.655    AXIvideo2xfMat_8_0_1080_1920_1_2_U0/ap_rst_n_inv
    SLICE_X28Y7          FDRE                                         r  AXIvideo2xfMat_8_0_1080_1920_1_2_U0/ap_CS_fsm_reg[3]/R
  -------------------------------------------------------------------    -------------------

                         (clock ap_clk rise edge)     6.734     6.734 r  <hidden>
                                                      0.000     6.734 r  ap_clk
                         net (fo=1564, unset)         0.924     7.658    AXIvideo2xfMat_8_0_1080_1920_1_2_U0/ap_clk
    SLICE_X28Y7          FDRE                                         r  AXIvideo2xfMat_8_0_1080_1920_1_2_U0/ap_CS_fsm_reg[3]/C
                         clock pessimism              0.000     7.658    <hidden>
                         clock uncertainty           -0.035     7.623    <hidden>
    SLICE_X28Y7          FDRE (Setup_fdre_C_R)       -0.429     7.194    AXIvideo2xfMat_8_0_1080_1920_1_2_U0/ap_CS_fsm_reg[3]
  -------------------------------------------------------------------
                         required time                          7.194    <hidden>
                         arrival time                          -6.655    <hidden>
  -------------------------------------------------------------------
                         slack                                  0.539    <hidden>

Slack (MET) :             0.539ns  (required time - arrival time)
  Source:                 ap_rst_n
                            (input port clocked by ap_clk  {rise@0.000ns fall@3.367ns period=6.734ns})
  Destination:            AXIvideo2xfMat_8_0_1080_1920_1_2_U0/grp_AXIvideo2xfMat_8_0_1080_1920_1_2_Pipeline_loop_start_hunt_fu_160/flow_control_loop_pipe_sequential_init_U/ap_done_cache_reg/R
                            (rising edge-triggered cell FDRE clocked by ap_clk  {rise@0.000ns fall@3.367ns period=6.734ns})
  Path Group:             ap_clk
  Path Type:              Setup (Max at Slow Process Corner)
  Requirement:            6.734ns  (ap_clk rise@6.734ns - ap_clk rise@0.000ns)
  Data Path Delay:        4.655ns  (logic 0.124ns (2.664%)  route 4.531ns (97.336%))
  Logic Levels:           1  (LUT1=1)
  Input Delay:            2.000ns
  Clock Path Skew:        0.924ns (DCD - SCD + CPR)
    Destination Clock Delay (DCD):    0.924ns = ( 7.658 - 6.734 ) 
    Source Clock Delay      (SCD):    0.000ns
    Clock Pessimism Removal (CPR):    0.000ns
  Clock Uncertainty:      0.035ns  ((TSJ^2 + TIJ^2)^1/2 + DJ) / 2 + PE
    Total System Jitter     (TSJ):    0.071ns
    Total Input Jitter      (TIJ):    0.000ns
    Discrete Jitter          (DJ):    0.000ns
    Phase Error              (PE):    0.000ns

    Location             Delay type                Incr(ns)  Path(ns)    Netlist Resource(s)
  -------------------------------------------------------------------    -------------------
                         (clock ap_clk rise edge)     0.000     0.000 r  <hidden>
                         input delay                  2.000     2.000    <hidden>
                                                      0.000     2.000 f  ap_rst_n
                         net (fo=14, unset)           0.973     2.973    control_s_axi_U/ap_rst_n
    SLICE_X17Y24         LUT1 (Prop_lut1_I0_O)        0.124     3.097 r  control_s_axi_U/FSM_onehot_wstate[1]_i_1/O
                         net (fo=230, routed)         3.558     6.655    AXIvideo2xfMat_8_0_1080_1920_1_2_U0/grp_AXIvideo2xfMat_8_0_1080_1920_1_2_Pipeline_loop_start_hunt_fu_160/flow_control_loop_pipe_sequential_init_U/ap_rst_n_inv
    SLICE_X28Y7          FDRE                                         r  AXIvideo2xfMat_8_0_1080_1920_1_2_U0/grp_AXIvideo2xfMat_8_0_1080_1920_1_2_Pipeline_loop_start_hunt_fu_160/flow_control_loop_pipe_sequential_init_U/ap_done_cache_reg/R
  -------------------------------------------------------------------    -------------------

                         (clock ap_clk rise edge)     6.734     6.734 r  <hidden>
                                                      0.000     6.734 r  ap_clk
                         net (fo=1564, unset)         0.924     7.658    AXIvideo2xfMat_8_0_1080_1920_1_2_U0/grp_AXIvideo2xfMat_8_0_1080_1920_1_2_Pipeline_loop_start_hunt_fu_160/flow_control_loop_pipe_sequential_init_U/ap_clk
    SLICE_X28Y7          FDRE                                         r  AXIvideo2xfMat_8_0_1080_1920_1_2_U0/grp_AXIvideo2xfMat_8_0_1080_1920_1_2_Pipeline_loop_start_hunt_fu_160/flow_control_loop_pipe_sequential_init_U/ap_done_cache_reg/C
                         clock pessimism              0.000     7.658    <hidden>
                         clock uncertainty           -0.035     7.623    <hidden>
    SLICE_X28Y7          FDRE (Setup_fdre_C_R)       -0.429     7.194    AXIvideo2xfMat_8_0_1080_1920_1_2_U0/grp_AXIvideo2xfMat_8_0_1080_1920_1_2_Pipeline_loop_start_hunt_fu_160/flow_control_loop_pipe_sequential_init_U/ap_done_cache_reg
  -------------------------------------------------------------------
                         required time                          7.194    <hidden>
                         arrival time                          -6.655    <hidden>
  -------------------------------------------------------------------
                         slack                                  0.539    <hidden>

Slack (MET) :             0.539ns  (required time - arrival time)
  Source:                 ap_rst_n
                            (input port clocked by ap_clk  {rise@0.000ns fall@3.367ns period=6.734ns})
  Destination:            AXIvideo2xfMat_8_0_1080_1920_1_2_U0/grp_AXIvideo2xfMat_8_0_1080_1920_1_2_Pipeline_loop_start_hunt_fu_160_ap_start_reg_reg/R
                            (rising edge-triggered cell FDRE clocked by ap_clk  {rise@0.000ns fall@3.367ns period=6.734ns})
  Path Group:             ap_clk
  Path Type:              Setup (Max at Slow Process Corner)
  Requirement:            6.734ns  (ap_clk rise@6.734ns - ap_clk rise@0.000ns)
  Data Path Delay:        4.655ns  (logic 0.124ns (2.664%)  route 4.531ns (97.336%))
  Logic Levels:           1  (LUT1=1)
  Input Delay:            2.000ns
  Clock Path Skew:        0.924ns (DCD - SCD + CPR)
    Destination Clock Delay (DCD):    0.924ns = ( 7.658 - 6.734 ) 
    Source Clock Delay      (SCD):    0.000ns
    Clock Pessimism Removal (CPR):    0.000ns
  Clock Uncertainty:      0.035ns  ((TSJ^2 + TIJ^2)^1/2 + DJ) / 2 + PE
    Total System Jitter     (TSJ):    0.071ns
    Total Input Jitter      (TIJ):    0.000ns
    Discrete Jitter          (DJ):    0.000ns
    Phase Error              (PE):    0.000ns

    Location             Delay type                Incr(ns)  Path(ns)    Netlist Resource(s)
  -------------------------------------------------------------------    -------------------
                         (clock ap_clk rise edge)     0.000     0.000 r  <hidden>
                         input delay                  2.000     2.000    <hidden>
                                                      0.000     2.000 f  ap_rst_n
                         net (fo=14, unset)           0.973     2.973    control_s_axi_U/ap_rst_n
    SLICE_X17Y24         LUT1 (Prop_lut1_I0_O)        0.124     3.097 r  control_s_axi_U/FSM_onehot_wstate[1]_i_1/O
                         net (fo=230, routed)         3.558     6.655    AXIvideo2xfMat_8_0_1080_1920_1_2_U0/ap_rst_n_inv
    SLICE_X28Y7          FDRE                                         r  AXIvideo2xfMat_8_0_1080_1920_1_2_U0/grp_AXIvideo2xfMat_8_0_1080_1920_1_2_Pipeline_loop_start_hunt_fu_160_ap_start_reg_reg/R
  -------------------------------------------------------------------    -------------------

                         (clock ap_clk rise edge)     6.734     6.734 r  <hidden>
                                                      0.000     6.734 r  ap_clk
                         net (fo=1564, unset)         0.924     7.658    AXIvideo2xfMat_8_0_1080_1920_1_2_U0/ap_clk
    SLICE_X28Y7          FDRE                                         r  AXIvideo2xfMat_8_0_1080_1920_1_2_U0/grp_AXIvideo2xfMat_8_0_1080_1920_1_2_Pipeline_loop_start_hunt_fu_160_ap_start_reg_reg/C
                         clock pessimism              0.000     7.658    <hidden>
                         clock uncertainty           -0.035     7.623    <hidden>
    SLICE_X28Y7          FDRE (Setup_fdre_C_R)       -0.429     7.194    AXIvideo2xfMat_8_0_1080_1920_1_2_U0/grp_AXIvideo2xfMat_8_0_1080_1920_1_2_Pipeline_loop_start_hunt_fu_160_ap_start_reg_reg
  -------------------------------------------------------------------
                         required time                          7.194    <hidden>
                         arrival time                          -6.655    <hidden>
  -------------------------------------------------------------------
                         slack                                  0.539    <hidden>

Slack (MET) :             0.603ns  (required time - arrival time)
  Source:                 s_axi_control_ARVALID
                            (input port clocked by ap_clk  {rise@0.000ns fall@3.367ns period=6.734ns})
  Destination:            s_axi_control_WREADY
                            (output port clocked by ap_clk  {rise@0.000ns fall@3.367ns period=6.734ns})
  Path Group:             ap_clk
  Path Type:              Max at Slow Process Corner
  Requirement:            6.734ns  (ap_clk rise@6.734ns - ap_clk rise@0.000ns)
  Data Path Delay:        2.096ns  (logic 0.150ns (7.156%)  route 1.946ns (92.844%))
  Logic Levels:           1  (LUT3=1)
  Input Delay:            2.000ns
  Output Delay:           2.000ns
  Clock Uncertainty:      0.035ns  ((TSJ^2 + TIJ^2)^1/2 + DJ) / 2 + PE
    Total System Jitter     (TSJ):    0.071ns
    Total Input Jitter      (TIJ):    0.000ns
    Discrete Jitter          (DJ):    0.000ns
    Phase Error              (PE):    0.000ns

    Location             Delay type                Incr(ns)  Path(ns)    Netlist Resource(s)
  -------------------------------------------------------------------    -------------------
                         (clock ap_clk rise edge)     0.000     0.000 r  <hidden>
                         input delay                  2.000     2.000    <hidden>
                                                      0.000     2.000 f  s_axi_control_ARVALID
                         net (fo=23, unset)           0.973     2.973    control_s_axi_U/s_axi_control_ARVALID
    SLICE_X18Y20         LUT3 (Prop_lut3_I2_O)        0.150     3.123 r  control_s_axi_U/s_axi_control_WREADY_INST_0/O
                         net (fo=0)                   0.973     4.096    s_axi_control_WREADY
                                                                      r  s_axi_control_WREADY
  -------------------------------------------------------------------    -------------------

                         (clock ap_clk rise edge)     6.734     6.734 r  <hidden>
                         clock pessimism              0.000     6.734    <hidden>
                         clock uncertainty           -0.035     6.699    <hidden>
                         output delay                -2.000     4.699    <hidden>
  -------------------------------------------------------------------
                         required time                          4.699    <hidden>
                         arrival time                          -4.096    <hidden>
  -------------------------------------------------------------------
                         slack                                  0.603    <hidden>

Slack (MET) :             0.680ns  (required time - arrival time)
  Source:                 ap_rst_n
                            (input port clocked by ap_clk  {rise@0.000ns fall@3.367ns period=6.734ns})
  Destination:            AXIvideo2xfMat_8_0_1080_1920_1_2_U0/ap_CS_fsm_reg[7]/R
                            (rising edge-triggered cell FDRE clocked by ap_clk  {rise@0.000ns fall@3.367ns period=6.734ns})
  Path Group:             ap_clk
  Path Type:              Setup (Max at Slow Process Corner)
  Requirement:            6.734ns  (ap_clk rise@6.734ns - ap_clk rise@0.000ns)
  Data Path Delay:        4.514ns  (logic 0.124ns (2.747%)  route 4.390ns (97.253%))
  Logic Levels:           1  (LUT1=1)
  Input Delay:            2.000ns
  Clock Path Skew:        0.924ns (DCD - SCD + CPR)
    Destination Clock Delay (DCD):    0.924ns = ( 7.658 - 6.734 ) 
    Source Clock Delay      (SCD):    0.000ns
    Clock Pessimism Removal (CPR):    0.000ns
  Clock Uncertainty:      0.035ns  ((TSJ^2 + TIJ^2)^1/2 + DJ) / 2 + PE
    Total System Jitter     (TSJ):    0.071ns
    Total Input Jitter      (TIJ):    0.000ns
    Discrete Jitter          (DJ):    0.000ns
    Phase Error              (PE):    0.000ns

    Location             Delay type                Incr(ns)  Path(ns)    Netlist Resource(s)
  -------------------------------------------------------------------    -------------------
                         (clock ap_clk rise edge)     0.000     0.000 r  <hidden>
                         input delay                  2.000     2.000    <hidden>
                                                      0.000     2.000 f  ap_rst_n
                         net (fo=14, unset)           0.973     2.973    control_s_axi_U/ap_rst_n
    SLICE_X17Y24         LUT1 (Prop_lut1_I0_O)        0.124     3.097 r  control_s_axi_U/FSM_onehot_wstate[1]_i_1/O
                         net (fo=230, routed)         3.417     6.514    AXIvideo2xfMat_8_0_1080_1920_1_2_U0/ap_rst_n_inv
    SLICE_X28Y5          FDRE                                         r  AXIvideo2xfMat_8_0_1080_1920_1_2_U0/ap_CS_fsm_reg[7]/R
  -------------------------------------------------------------------    -------------------

                         (clock ap_clk rise edge)     6.734     6.734 r  <hidden>
                                                      0.000     6.734 r  ap_clk
                         net (fo=1564, unset)         0.924     7.658    AXIvideo2xfMat_8_0_1080_1920_1_2_U0/ap_clk
    SLICE_X28Y5          FDRE                                         r  AXIvideo2xfMat_8_0_1080_1920_1_2_U0/ap_CS_fsm_reg[7]/C
                         clock pessimism              0.000     7.658    <hidden>
                         clock uncertainty           -0.035     7.623    <hidden>
    SLICE_X28Y5          FDRE (Setup_fdre_C_R)       -0.429     7.194    AXIvideo2xfMat_8_0_1080_1920_1_2_U0/ap_CS_fsm_reg[7]
  -------------------------------------------------------------------
                         required time                          7.194    <hidden>
                         arrival time                          -6.514    <hidden>
  -------------------------------------------------------------------
                         slack                                  0.680    <hidden>

Slack (MET) :             0.680ns  (required time - arrival time)
  Source:                 ap_rst_n
                            (input port clocked by ap_clk  {rise@0.000ns fall@3.367ns period=6.734ns})
  Destination:            AXIvideo2xfMat_8_0_1080_1920_1_2_U0/grp_AXIvideo2xfMat_8_0_1080_1920_1_2_Pipeline_loop_last_hunt_fu_208/flow_control_loop_pipe_sequential_init_U/ap_done_cache_reg/R
                            (rising edge-triggered cell FDRE clocked by ap_clk  {rise@0.000ns fall@3.367ns period=6.734ns})
  Path Group:             ap_clk
  Path Type:              Setup (Max at Slow Process Corner)
  Requirement:            6.734ns  (ap_clk rise@6.734ns - ap_clk rise@0.000ns)
  Data Path Delay:        4.514ns  (logic 0.124ns (2.747%)  route 4.390ns (97.253%))
  Logic Levels:           1  (LUT1=1)
  Input Delay:            2.000ns
  Clock Path Skew:        0.924ns (DCD - SCD + CPR)
    Destination Clock Delay (DCD):    0.924ns = ( 7.658 - 6.734 ) 
    Source Clock Delay      (SCD):    0.000ns
    Clock Pessimism Removal (CPR):    0.000ns
  Clock Uncertainty:      0.035ns  ((TSJ^2 + TIJ^2)^1/2 + DJ) / 2 + PE
    Total System Jitter     (TSJ):    0.071ns
    Total Input Jitter      (TIJ):    0.000ns
    Discrete Jitter          (DJ):    0.000ns
    Phase Error              (PE):    0.000ns

    Location             Delay type                Incr(ns)  Path(ns)    Netlist Resource(s)
  -------------------------------------------------------------------    -------------------
                         (clock ap_clk rise edge)     0.000     0.000 r  <hidden>
                         input delay                  2.000     2.000    <hidden>
                                                      0.000     2.000 f  ap_rst_n
                         net (fo=14, unset)           0.973     2.973    control_s_axi_U/ap_rst_n
    SLICE_X17Y24         LUT1 (Prop_lut1_I0_O)        0.124     3.097 r  control_s_axi_U/FSM_onehot_wstate[1]_i_1/O
                         net (fo=230, routed)         3.417     6.514    AXIvideo2xfMat_8_0_1080_1920_1_2_U0/grp_AXIvideo2xfMat_8_0_1080_1920_1_2_Pipeline_loop_last_hunt_fu_208/flow_control_loop_pipe_sequential_init_U/ap_rst_n_inv
    SLICE_X28Y5          FDRE                                         r  AXIvideo2xfMat_8_0_1080_1920_1_2_U0/grp_AXIvideo2xfMat_8_0_1080_1920_1_2_Pipeline_loop_last_hunt_fu_208/flow_control_loop_pipe_sequential_init_U/ap_done_cache_reg/R
  -------------------------------------------------------------------    -------------------

                         (clock ap_clk rise edge)     6.734     6.734 r  <hidden>
                                                      0.000     6.734 r  ap_clk
                         net (fo=1564, unset)         0.924     7.658    AXIvideo2xfMat_8_0_1080_1920_1_2_U0/grp_AXIvideo2xfMat_8_0_1080_1920_1_2_Pipeline_loop_last_hunt_fu_208/flow_control_loop_pipe_sequential_init_U/ap_clk
    SLICE_X28Y5          FDRE                                         r  AXIvideo2xfMat_8_0_1080_1920_1_2_U0/grp_AXIvideo2xfMat_8_0_1080_1920_1_2_Pipeline_loop_last_hunt_fu_208/flow_control_loop_pipe_sequential_init_U/ap_done_cache_reg/C
                         clock pessimism              0.000     7.658    <hidden>
                         clock uncertainty           -0.035     7.623    <hidden>
    SLICE_X28Y5          FDRE (Setup_fdre_C_R)       -0.429     7.194    AXIvideo2xfMat_8_0_1080_1920_1_2_U0/grp_AXIvideo2xfMat_8_0_1080_1920_1_2_Pipeline_loop_last_hunt_fu_208/flow_control_loop_pipe_sequential_init_U/ap_done_cache_reg
  -------------------------------------------------------------------
                         required time                          7.194    <hidden>
                         arrival time                          -6.514    <hidden>
  -------------------------------------------------------------------
                         slack                                  0.680    <hidden>

Slack (MET) :             0.680ns  (required time - arrival time)
  Source:                 ap_rst_n
                            (input port clocked by ap_clk  {rise@0.000ns fall@3.367ns period=6.734ns})
  Destination:            AXIvideo2xfMat_8_0_1080_1920_1_2_U0/grp_AXIvideo2xfMat_8_0_1080_1920_1_2_Pipeline_loop_last_hunt_fu_208_ap_start_reg_reg/R
                            (rising edge-triggered cell FDRE clocked by ap_clk  {rise@0.000ns fall@3.367ns period=6.734ns})
  Path Group:             ap_clk
  Path Type:              Setup (Max at Slow Process Corner)
  Requirement:            6.734ns  (ap_clk rise@6.734ns - ap_clk rise@0.000ns)
  Data Path Delay:        4.514ns  (logic 0.124ns (2.747%)  route 4.390ns (97.253%))
  Logic Levels:           1  (LUT1=1)
  Input Delay:            2.000ns
  Clock Path Skew:        0.924ns (DCD - SCD + CPR)
    Destination Clock Delay (DCD):    0.924ns = ( 7.658 - 6.734 ) 
    Source Clock Delay      (SCD):    0.000ns
    Clock Pessimism Removal (CPR):    0.000ns
  Clock Uncertainty:      0.035ns  ((TSJ^2 + TIJ^2)^1/2 + DJ) / 2 + PE
    Total System Jitter     (TSJ):    0.071ns
    Total Input Jitter      (TIJ):    0.000ns
    Discrete Jitter          (DJ):    0.000ns
    Phase Error              (PE):    0.000ns

    Location             Delay type                Incr(ns)  Path(ns)    Netlist Resource(s)
  -------------------------------------------------------------------    -------------------
                         (clock ap_clk rise edge)     0.000     0.000 r  <hidden>
                         input delay                  2.000     2.000    <hidden>
                                                      0.000     2.000 f  ap_rst_n
                         net (fo=14, unset)           0.973     2.973    control_s_axi_U/ap_rst_n
    SLICE_X17Y24         LUT1 (Prop_lut1_I0_O)        0.124     3.097 r  control_s_axi_U/FSM_onehot_wstate[1]_i_1/O
                         net (fo=230, routed)         3.417     6.514    AXIvideo2xfMat_8_0_1080_1920_1_2_U0/ap_rst_n_inv
    SLICE_X28Y5          FDRE                                         r  AXIvideo2xfMat_8_0_1080_1920_1_2_U0/grp_AXIvideo2xfMat_8_0_1080_1920_1_2_Pipeline_loop_last_hunt_fu_208_ap_start_reg_reg/R
  -------------------------------------------------------------------    -------------------

                         (clock ap_clk rise edge)     6.734     6.734 r  <hidden>
                                                      0.000     6.734 r  ap_clk
                         net (fo=1564, unset)         0.924     7.658    AXIvideo2xfMat_8_0_1080_1920_1_2_U0/ap_clk
    SLICE_X28Y5          FDRE                                         r  AXIvideo2xfMat_8_0_1080_1920_1_2_U0/grp_AXIvideo2xfMat_8_0_1080_1920_1_2_Pipeline_loop_last_hunt_fu_208_ap_start_reg_reg/C
                         clock pessimism              0.000     7.658    <hidden>
                         clock uncertainty           -0.035     7.623    <hidden>
    SLICE_X28Y5          FDRE (Setup_fdre_C_R)       -0.429     7.194    AXIvideo2xfMat_8_0_1080_1920_1_2_U0/grp_AXIvideo2xfMat_8_0_1080_1920_1_2_Pipeline_loop_last_hunt_fu_208_ap_start_reg_reg
  -------------------------------------------------------------------
                         required time                          7.194    <hidden>
                         arrival time                          -6.514    <hidden>
  -------------------------------------------------------------------
                         slack                                  0.680    <hidden>

Slack (MET) :             0.735ns  (required time - arrival time)
  Source:                 ap_rst_n
                            (input port clocked by ap_clk  {rise@0.000ns fall@3.367ns period=6.734ns})
  Destination:            filter2D_0_3_3_0_0_1080_1920_1_2_2_U0/ap_CS_fsm_reg[0]/S
                            (rising edge-triggered cell FDSE clocked by ap_clk  {rise@0.000ns fall@3.367ns period=6.734ns})
  Path Group:             ap_clk
  Path Type:              Setup (Max at Slow Process Corner)
  Requirement:            6.734ns  (ap_clk rise@6.734ns - ap_clk rise@0.000ns)
  Data Path Delay:        4.364ns  (logic 0.124ns (2.841%)  route 4.240ns (97.159%))
  Logic Levels:           1  (LUT1=1)
  Input Delay:            2.000ns
  Clock Path Skew:        0.924ns (DCD - SCD + CPR)
    Destination Clock Delay (DCD):    0.924ns = ( 7.658 - 6.734 ) 
    Source Clock Delay      (SCD):    0.000ns
    Clock Pessimism Removal (CPR):    0.000ns
  Clock Uncertainty:      0.035ns  ((TSJ^2 + TIJ^2)^1/2 + DJ) / 2 + PE
    Total System Jitter     (TSJ):    0.071ns
    Total Input Jitter      (TIJ):    0.000ns
    Discrete Jitter          (DJ):    0.000ns
    Phase Error              (PE):    0.000ns

    Location             Delay type                Incr(ns)  Path(ns)    Netlist Resource(s)
  -------------------------------------------------------------------    -------------------
                         (clock ap_clk rise edge)     0.000     0.000 r  <hidden>
                         input delay                  2.000     2.000    <hidden>
                                                      0.000     2.000 f  ap_rst_n
                         net (fo=14, unset)           0.973     2.973    control_s_axi_U/ap_rst_n
    SLICE_X17Y24         LUT1 (Prop_lut1_I0_O)        0.124     3.097 r  control_s_axi_U/FSM_onehot_wstate[1]_i_1/O
                         net (fo=230, routed)         3.267     6.364    filter2D_0_3_3_0_0_1080_1920_1_2_2_U0/ap_rst_n_inv
    SLICE_X26Y16         FDSE                                         r  filter2D_0_3_3_0_0_1080_1920_1_2_2_U0/ap_CS_fsm_reg[0]/S
  -------------------------------------------------------------------    -------------------

                         (clock ap_clk rise edge)     6.734     6.734 r  <hidden>
                                                      0.000     6.734 r  ap_clk
                         net (fo=1564, unset)         0.924     7.658    filter2D_0_3_3_0_0_1080_1920_1_2_2_U0/ap_clk
    SLICE_X26Y16         FDSE                                         r  filter2D_0_3_3_0_0_1080_1920_1_2_2_U0/ap_CS_fsm_reg[0]/C
                         clock pessimism              0.000     7.658    <hidden>
                         clock uncertainty           -0.035     7.623    <hidden>
    SLICE_X26Y16         FDSE (Setup_fdse_C_S)       -0.524     7.099    filter2D_0_3_3_0_0_1080_1920_1_2_2_U0/ap_CS_fsm_reg[0]
  -------------------------------------------------------------------
                         required time                          7.099    <hidden>
                         arrival time                          -6.364    <hidden>
  -------------------------------------------------------------------
                         slack                                  0.735    <hidden>





Min Delay Paths
--------------------------------------------------------------------------------------
Slack (MET) :             0.067ns  (arrival time - required time)
  Source:                 Loop_VITIS_LOOP_25_1_proc_U0/zext_ln25_reg_112_reg[0]/C
                            (rising edge-triggered cell FDRE clocked by ap_clk  {rise@0.000ns fall@3.367ns period=6.734ns})
  Destination:            lcoef_U/filter2d_top_lcoef_RAM_AUTO_1R1W_memcore_U/ram_reg_0_31_12_15/RAMA/WADR1
                            (rising edge-triggered cell RAMD32 clocked by ap_clk  {rise@0.000ns fall@3.367ns period=6.734ns})
  Path Group:             ap_clk
  Path Type:              Hold (Min at Fast Process Corner)
  Requirement:            0.000ns  (ap_clk rise@0.000ns - ap_clk rise@0.000ns)
  Data Path Delay:        0.398ns  (logic 0.141ns (35.423%)  route 0.257ns (64.577%))
  Logic Levels:           0  
  Clock Path Skew:        0.022ns (DCD - SCD - CPR)
    Destination Clock Delay (DCD):    0.432ns
    Source Clock Delay      (SCD):    0.410ns
    Clock Pessimism Removal (CPR):    -0.000ns

    Location             Delay type                Incr(ns)  Path(ns)    Netlist Resource(s)
  -------------------------------------------------------------------    -------------------
                         (clock ap_clk rise edge)     0.000     0.000 r  <hidden>
                                                      0.000     0.000 r  ap_clk
                         net (fo=1564, unset)         0.410     0.410    Loop_VITIS_LOOP_25_1_proc_U0/ap_clk
    SLICE_X15Y17         FDRE                                         r  Loop_VITIS_LOOP_25_1_proc_U0/zext_ln25_reg_112_reg[0]/C
  -------------------------------------------------------------------    -------------------
    SLICE_X15Y17         FDRE (Prop_fdre_C_Q)         0.141     0.551 r  Loop_VITIS_LOOP_25_1_proc_U0/zext_ln25_reg_112_reg[0]/Q
                         net (fo=24, routed)          0.257     0.808    lcoef_U/filter2d_top_lcoef_RAM_AUTO_1R1W_memcore_U/ram_reg_0_31_12_15/ADDRD1
    SLICE_X14Y16         RAMD32                                       r  lcoef_U/filter2d_top_lcoef_RAM_AUTO_1R1W_memcore_U/ram_reg_0_31_12_15/RAMA/WADR1
  -------------------------------------------------------------------    -------------------

                         (clock ap_clk rise edge)     0.000     0.000 r  <hidden>
                                                      0.000     0.000 r  ap_clk
                         net (fo=1564, unset)         0.432     0.432    lcoef_U/filter2d_top_lcoef_RAM_AUTO_1R1W_memcore_U/ram_reg_0_31_12_15/WCLK
    SLICE_X14Y16         RAMD32                                       r  lcoef_U/filter2d_top_lcoef_RAM_AUTO_1R1W_memcore_U/ram_reg_0_31_12_15/RAMA/CLK
                         clock pessimism              0.000     0.432    <hidden>
    SLICE_X14Y16         RAMD32 (Hold_ramd32_CLK_WADR1)
                                                      0.309     0.741    lcoef_U/filter2d_top_lcoef_RAM_AUTO_1R1W_memcore_U/ram_reg_0_31_12_15/RAMA
  -------------------------------------------------------------------
                         required time                         -0.741    <hidden>
                         arrival time                           0.808    <hidden>
  -------------------------------------------------------------------
                         slack                                  0.067    <hidden>

Slack (MET) :             0.067ns  (arrival time - required time)
  Source:                 Loop_VITIS_LOOP_25_1_proc_U0/zext_ln25_reg_112_reg[0]/C
                            (rising edge-triggered cell FDRE clocked by ap_clk  {rise@0.000ns fall@3.367ns period=6.734ns})
  Destination:            lcoef_U/filter2d_top_lcoef_RAM_AUTO_1R1W_memcore_U/ram_reg_0_31_12_15/RAMA_D1/WADR1
                            (rising edge-triggered cell RAMD32 clocked by ap_clk  {rise@0.000ns fall@3.367ns period=6.734ns})
  Path Group:             ap_clk
  Path Type:              Hold (Min at Fast Process Corner)
  Requirement:            0.000ns  (ap_clk rise@0.000ns - ap_clk rise@0.000ns)
  Data Path Delay:        0.398ns  (logic 0.141ns (35.423%)  route 0.257ns (64.577%))
  Logic Levels:           0  
  Clock Path Skew:        0.022ns (DCD - SCD - CPR)
    Destination Clock Delay (DCD):    0.432ns
    Source Clock Delay      (SCD):    0.410ns
    Clock Pessimism Removal (CPR):    -0.000ns

    Location             Delay type                Incr(ns)  Path(ns)    Netlist Resource(s)
  -------------------------------------------------------------------    -------------------
                         (clock ap_clk rise edge)     0.000     0.000 r  <hidden>
                                                      0.000     0.000 r  ap_clk
                         net (fo=1564, unset)         0.410     0.410    Loop_VITIS_LOOP_25_1_proc_U0/ap_clk
    SLICE_X15Y17         FDRE                                         r  Loop_VITIS_LOOP_25_1_proc_U0/zext_ln25_reg_112_reg[0]/C
  -------------------------------------------------------------------    -------------------
    SLICE_X15Y17         FDRE (Prop_fdre_C_Q)         0.141     0.551 r  Loop_VITIS_LOOP_25_1_proc_U0/zext_ln25_reg_112_reg[0]/Q
                         net (fo=24, routed)          0.257     0.808    lcoef_U/filter2d_top_lcoef_RAM_AUTO_1R1W_memcore_U/ram_reg_0_31_12_15/ADDRD1
    SLICE_X14Y16         RAMD32                                       r  lcoef_U/filter2d_top_lcoef_RAM_AUTO_1R1W_memcore_U/ram_reg_0_31_12_15/RAMA_D1/WADR1
  -------------------------------------------------------------------    -------------------

                         (clock ap_clk rise edge)     0.000     0.000 r  <hidden>
                                                      0.000     0.000 r  ap_clk
                         net (fo=1564, unset)         0.432     0.432    lcoef_U/filter2d_top_lcoef_RAM_AUTO_1R1W_memcore_U/ram_reg_0_31_12_15/WCLK
    SLICE_X14Y16         RAMD32                                       r  lcoef_U/filter2d_top_lcoef_RAM_AUTO_1R1W_memcore_U/ram_reg_0_31_12_15/RAMA_D1/CLK
                         clock pessimism              0.000     0.432    <hidden>
    SLICE_X14Y16         RAMD32 (Hold_ramd32_CLK_WADR1)
                                                      0.309     0.741    lcoef_U/filter2d_top_lcoef_RAM_AUTO_1R1W_memcore_U/ram_reg_0_31_12_15/RAMA_D1
  -------------------------------------------------------------------
                         required time                         -0.741    <hidden>
                         arrival time                           0.808    <hidden>
  -------------------------------------------------------------------
                         slack                                  0.067    <hidden>

Slack (MET) :             0.067ns  (arrival time - required time)
  Source:                 Loop_VITIS_LOOP_25_1_proc_U0/zext_ln25_reg_112_reg[0]/C
                            (rising edge-triggered cell FDRE clocked by ap_clk  {rise@0.000ns fall@3.367ns period=6.734ns})
  Destination:            lcoef_U/filter2d_top_lcoef_RAM_AUTO_1R1W_memcore_U/ram_reg_0_31_12_15/RAMB/WADR1
                            (rising edge-triggered cell RAMD32 clocked by ap_clk  {rise@0.000ns fall@3.367ns period=6.734ns})
  Path Group:             ap_clk
  Path Type:              Hold (Min at Fast Process Corner)
  Requirement:            0.000ns  (ap_clk rise@0.000ns - ap_clk rise@0.000ns)
  Data Path Delay:        0.398ns  (logic 0.141ns (35.423%)  route 0.257ns (64.577%))
  Logic Levels:           0  
  Clock Path Skew:        0.022ns (DCD - SCD - CPR)
    Destination Clock Delay (DCD):    0.432ns
    Source Clock Delay      (SCD):    0.410ns
    Clock Pessimism Removal (CPR):    -0.000ns

    Location             Delay type                Incr(ns)  Path(ns)    Netlist Resource(s)
  -------------------------------------------------------------------    -------------------
                         (clock ap_clk rise edge)     0.000     0.000 r  <hidden>
                                                      0.000     0.000 r  ap_clk
                         net (fo=1564, unset)         0.410     0.410    Loop_VITIS_LOOP_25_1_proc_U0/ap_clk
    SLICE_X15Y17         FDRE                                         r  Loop_VITIS_LOOP_25_1_proc_U0/zext_ln25_reg_112_reg[0]/C
  -------------------------------------------------------------------    -------------------
    SLICE_X15Y17         FDRE (Prop_fdre_C_Q)         0.141     0.551 r  Loop_VITIS_LOOP_25_1_proc_U0/zext_ln25_reg_112_reg[0]/Q
                         net (fo=24, routed)          0.257     0.808    lcoef_U/filter2d_top_lcoef_RAM_AUTO_1R1W_memcore_U/ram_reg_0_31_12_15/ADDRD1
    SLICE_X14Y16         RAMD32                                       r  lcoef_U/filter2d_top_lcoef_RAM_AUTO_1R1W_memcore_U/ram_reg_0_31_12_15/RAMB/WADR1
  -------------------------------------------------------------------    -------------------

                         (clock ap_clk rise edge)     0.000     0.000 r  <hidden>
                                                      0.000     0.000 r  ap_clk
                         net (fo=1564, unset)         0.432     0.432    lcoef_U/filter2d_top_lcoef_RAM_AUTO_1R1W_memcore_U/ram_reg_0_31_12_15/WCLK
    SLICE_X14Y16         RAMD32                                       r  lcoef_U/filter2d_top_lcoef_RAM_AUTO_1R1W_memcore_U/ram_reg_0_31_12_15/RAMB/CLK
                         clock pessimism              0.000     0.432    <hidden>
    SLICE_X14Y16         RAMD32 (Hold_ramd32_CLK_WADR1)
                                                      0.309     0.741    lcoef_U/filter2d_top_lcoef_RAM_AUTO_1R1W_memcore_U/ram_reg_0_31_12_15/RAMB
  -------------------------------------------------------------------
                         required time                         -0.741    <hidden>
                         arrival time                           0.808    <hidden>
  -------------------------------------------------------------------
                         slack                                  0.067    <hidden>

Slack (MET) :             0.067ns  (arrival time - required time)
  Source:                 Loop_VITIS_LOOP_25_1_proc_U0/zext_ln25_reg_112_reg[0]/C
                            (rising edge-triggered cell FDRE clocked by ap_clk  {rise@0.000ns fall@3.367ns period=6.734ns})
  Destination:            lcoef_U/filter2d_top_lcoef_RAM_AUTO_1R1W_memcore_U/ram_reg_0_31_12_15/RAMB_D1/WADR1
                            (rising edge-triggered cell RAMD32 clocked by ap_clk  {rise@0.000ns fall@3.367ns period=6.734ns})
  Path Group:             ap_clk
  Path Type:              Hold (Min at Fast Process Corner)
  Requirement:            0.000ns  (ap_clk rise@0.000ns - ap_clk rise@0.000ns)
  Data Path Delay:        0.398ns  (logic 0.141ns (35.423%)  route 0.257ns (64.577%))
  Logic Levels:           0  
  Clock Path Skew:        0.022ns (DCD - SCD - CPR)
    Destination Clock Delay (DCD):    0.432ns
    Source Clock Delay      (SCD):    0.410ns
    Clock Pessimism Removal (CPR):    -0.000ns

    Location             Delay type                Incr(ns)  Path(ns)    Netlist Resource(s)
  -------------------------------------------------------------------    -------------------
                         (clock ap_clk rise edge)     0.000     0.000 r  <hidden>
                                                      0.000     0.000 r  ap_clk
                         net (fo=1564, unset)         0.410     0.410    Loop_VITIS_LOOP_25_1_proc_U0/ap_clk
    SLICE_X15Y17         FDRE                                         r  Loop_VITIS_LOOP_25_1_proc_U0/zext_ln25_reg_112_reg[0]/C
  -------------------------------------------------------------------    -------------------
    SLICE_X15Y17         FDRE (Prop_fdre_C_Q)         0.141     0.551 r  Loop_VITIS_LOOP_25_1_proc_U0/zext_ln25_reg_112_reg[0]/Q
                         net (fo=24, routed)          0.257     0.808    lcoef_U/filter2d_top_lcoef_RAM_AUTO_1R1W_memcore_U/ram_reg_0_31_12_15/ADDRD1
    SLICE_X14Y16         RAMD32                                       r  lcoef_U/filter2d_top_lcoef_RAM_AUTO_1R1W_memcore_U/ram_reg_0_31_12_15/RAMB_D1/WADR1
  -------------------------------------------------------------------    -------------------

                         (clock ap_clk rise edge)     0.000     0.000 r  <hidden>
                                                      0.000     0.000 r  ap_clk
                         net (fo=1564, unset)         0.432     0.432    lcoef_U/filter2d_top_lcoef_RAM_AUTO_1R1W_memcore_U/ram_reg_0_31_12_15/WCLK
    SLICE_X14Y16         RAMD32                                       r  lcoef_U/filter2d_top_lcoef_RAM_AUTO_1R1W_memcore_U/ram_reg_0_31_12_15/RAMB_D1/CLK
                         clock pessimism              0.000     0.432    <hidden>
    SLICE_X14Y16         RAMD32 (Hold_ramd32_CLK_WADR1)
                                                      0.309     0.741    lcoef_U/filter2d_top_lcoef_RAM_AUTO_1R1W_memcore_U/ram_reg_0_31_12_15/RAMB_D1
  -------------------------------------------------------------------
                         required time                         -0.741    <hidden>
                         arrival time                           0.808    <hidden>
  -------------------------------------------------------------------
                         slack                                  0.067    <hidden>

Slack (MET) :             0.067ns  (arrival time - required time)
  Source:                 Loop_VITIS_LOOP_25_1_proc_U0/zext_ln25_reg_112_reg[0]/C
                            (rising edge-triggered cell FDRE clocked by ap_clk  {rise@0.000ns fall@3.367ns period=6.734ns})
  Destination:            lcoef_U/filter2d_top_lcoef_RAM_AUTO_1R1W_memcore_U/ram_reg_0_31_12_15/RAMC/WADR1
                            (rising edge-triggered cell RAMD32 clocked by ap_clk  {rise@0.000ns fall@3.367ns period=6.734ns})
  Path Group:             ap_clk
  Path Type:              Hold (Min at Fast Process Corner)
  Requirement:            0.000ns  (ap_clk rise@0.000ns - ap_clk rise@0.000ns)
  Data Path Delay:        0.398ns  (logic 0.141ns (35.423%)  route 0.257ns (64.577%))
  Logic Levels:           0  
  Clock Path Skew:        0.022ns (DCD - SCD - CPR)
    Destination Clock Delay (DCD):    0.432ns
    Source Clock Delay      (SCD):    0.410ns
    Clock Pessimism Removal (CPR):    -0.000ns

    Location             Delay type                Incr(ns)  Path(ns)    Netlist Resource(s)
  -------------------------------------------------------------------    -------------------
                         (clock ap_clk rise edge)     0.000     0.000 r  <hidden>
                                                      0.000     0.000 r  ap_clk
                         net (fo=1564, unset)         0.410     0.410    Loop_VITIS_LOOP_25_1_proc_U0/ap_clk
    SLICE_X15Y17         FDRE                                         r  Loop_VITIS_LOOP_25_1_proc_U0/zext_ln25_reg_112_reg[0]/C
  -------------------------------------------------------------------    -------------------
    SLICE_X15Y17         FDRE (Prop_fdre_C_Q)         0.141     0.551 r  Loop_VITIS_LOOP_25_1_proc_U0/zext_ln25_reg_112_reg[0]/Q
                         net (fo=24, routed)          0.257     0.808    lcoef_U/filter2d_top_lcoef_RAM_AUTO_1R1W_memcore_U/ram_reg_0_31_12_15/ADDRD1
    SLICE_X14Y16         RAMD32                                       r  lcoef_U/filter2d_top_lcoef_RAM_AUTO_1R1W_memcore_U/ram_reg_0_31_12_15/RAMC/WADR1
  -------------------------------------------------------------------    -------------------

                         (clock ap_clk rise edge)     0.000     0.000 r  <hidden>
                                                      0.000     0.000 r  ap_clk
                         net (fo=1564, unset)         0.432     0.432    lcoef_U/filter2d_top_lcoef_RAM_AUTO_1R1W_memcore_U/ram_reg_0_31_12_15/WCLK
    SLICE_X14Y16         RAMD32                                       r  lcoef_U/filter2d_top_lcoef_RAM_AUTO_1R1W_memcore_U/ram_reg_0_31_12_15/RAMC/CLK
                         clock pessimism              0.000     0.432    <hidden>
    SLICE_X14Y16         RAMD32 (Hold_ramd32_CLK_WADR1)
                                                      0.309     0.741    lcoef_U/filter2d_top_lcoef_RAM_AUTO_1R1W_memcore_U/ram_reg_0_31_12_15/RAMC
  -------------------------------------------------------------------
                         required time                         -0.741    <hidden>
                         arrival time                           0.808    <hidden>
  -------------------------------------------------------------------
                         slack                                  0.067    <hidden>

Slack (MET) :             0.067ns  (arrival time - required time)
  Source:                 Loop_VITIS_LOOP_25_1_proc_U0/zext_ln25_reg_112_reg[0]/C
                            (rising edge-triggered cell FDRE clocked by ap_clk  {rise@0.000ns fall@3.367ns period=6.734ns})
  Destination:            lcoef_U/filter2d_top_lcoef_RAM_AUTO_1R1W_memcore_U/ram_reg_0_31_12_15/RAMC_D1/WADR1
                            (rising edge-triggered cell RAMD32 clocked by ap_clk  {rise@0.000ns fall@3.367ns period=6.734ns})
  Path Group:             ap_clk
  Path Type:              Hold (Min at Fast Process Corner)
  Requirement:            0.000ns  (ap_clk rise@0.000ns - ap_clk rise@0.000ns)
  Data Path Delay:        0.398ns  (logic 0.141ns (35.423%)  route 0.257ns (64.577%))
  Logic Levels:           0  
  Clock Path Skew:        0.022ns (DCD - SCD - CPR)
    Destination Clock Delay (DCD):    0.432ns
    Source Clock Delay      (SCD):    0.410ns
    Clock Pessimism Removal (CPR):    -0.000ns

    Location             Delay type                Incr(ns)  Path(ns)    Netlist Resource(s)
  -------------------------------------------------------------------    -------------------
                         (clock ap_clk rise edge)     0.000     0.000 r  <hidden>
                                                      0.000     0.000 r  ap_clk
                         net (fo=1564, unset)         0.410     0.410    Loop_VITIS_LOOP_25_1_proc_U0/ap_clk
    SLICE_X15Y17         FDRE                                         r  Loop_VITIS_LOOP_25_1_proc_U0/zext_ln25_reg_112_reg[0]/C
  -------------------------------------------------------------------    -------------------
    SLICE_X15Y17         FDRE (Prop_fdre_C_Q)         0.141     0.551 r  Loop_VITIS_LOOP_25_1_proc_U0/zext_ln25_reg_112_reg[0]/Q
                         net (fo=24, routed)          0.257     0.808    lcoef_U/filter2d_top_lcoef_RAM_AUTO_1R1W_memcore_U/ram_reg_0_31_12_15/ADDRD1
    SLICE_X14Y16         RAMD32                                       r  lcoef_U/filter2d_top_lcoef_RAM_AUTO_1R1W_memcore_U/ram_reg_0_31_12_15/RAMC_D1/WADR1
  -------------------------------------------------------------------    -------------------

                         (clock ap_clk rise edge)     0.000     0.000 r  <hidden>
                                                      0.000     0.000 r  ap_clk
                         net (fo=1564, unset)         0.432     0.432    lcoef_U/filter2d_top_lcoef_RAM_AUTO_1R1W_memcore_U/ram_reg_0_31_12_15/WCLK
    SLICE_X14Y16         RAMD32                                       r  lcoef_U/filter2d_top_lcoef_RAM_AUTO_1R1W_memcore_U/ram_reg_0_31_12_15/RAMC_D1/CLK
                         clock pessimism              0.000     0.432    <hidden>
    SLICE_X14Y16         RAMD32 (Hold_ramd32_CLK_WADR1)
                                                      0.309     0.741    lcoef_U/filter2d_top_lcoef_RAM_AUTO_1R1W_memcore_U/ram_reg_0_31_12_15/RAMC_D1
  -------------------------------------------------------------------
                         required time                         -0.741    <hidden>
                         arrival time                           0.808    <hidden>
  -------------------------------------------------------------------
                         slack                                  0.067    <hidden>

Slack (MET) :             0.067ns  (arrival time - required time)
  Source:                 Loop_VITIS_LOOP_25_1_proc_U0/zext_ln25_reg_112_reg[0]/C
                            (rising edge-triggered cell FDRE clocked by ap_clk  {rise@0.000ns fall@3.367ns period=6.734ns})
  Destination:            lcoef_U/filter2d_top_lcoef_RAM_AUTO_1R1W_memcore_U/ram_reg_0_31_12_15/RAMD/ADR1
                            (rising edge-triggered cell RAMS32 clocked by ap_clk  {rise@0.000ns fall@3.367ns period=6.734ns})
  Path Group:             ap_clk
  Path Type:              Hold (Min at Fast Process Corner)
  Requirement:            0.000ns  (ap_clk rise@0.000ns - ap_clk rise@0.000ns)
  Data Path Delay:        0.398ns  (logic 0.141ns (35.423%)  route 0.257ns (64.577%))
  Logic Levels:           0  
  Clock Path Skew:        0.022ns (DCD - SCD - CPR)
    Destination Clock Delay (DCD):    0.432ns
    Source Clock Delay      (SCD):    0.410ns
    Clock Pessimism Removal (CPR):    -0.000ns

    Location             Delay type                Incr(ns)  Path(ns)    Netlist Resource(s)
  -------------------------------------------------------------------    -------------------
                         (clock ap_clk rise edge)     0.000     0.000 r  <hidden>
                                                      0.000     0.000 r  ap_clk
                         net (fo=1564, unset)         0.410     0.410    Loop_VITIS_LOOP_25_1_proc_U0/ap_clk
    SLICE_X15Y17         FDRE                                         r  Loop_VITIS_LOOP_25_1_proc_U0/zext_ln25_reg_112_reg[0]/C
  -------------------------------------------------------------------    -------------------
    SLICE_X15Y17         FDRE (Prop_fdre_C_Q)         0.141     0.551 r  Loop_VITIS_LOOP_25_1_proc_U0/zext_ln25_reg_112_reg[0]/Q
                         net (fo=24, routed)          0.257     0.808    lcoef_U/filter2d_top_lcoef_RAM_AUTO_1R1W_memcore_U/ram_reg_0_31_12_15/ADDRD1
    SLICE_X14Y16         RAMS32                                       r  lcoef_U/filter2d_top_lcoef_RAM_AUTO_1R1W_memcore_U/ram_reg_0_31_12_15/RAMD/ADR1
  -------------------------------------------------------------------    -------------------

                         (clock ap_clk rise edge)     0.000     0.000 r  <hidden>
                                                      0.000     0.000 r  ap_clk
                         net (fo=1564, unset)         0.432     0.432    lcoef_U/filter2d_top_lcoef_RAM_AUTO_1R1W_memcore_U/ram_reg_0_31_12_15/WCLK
    SLICE_X14Y16         RAMS32                                       r  lcoef_U/filter2d_top_lcoef_RAM_AUTO_1R1W_memcore_U/ram_reg_0_31_12_15/RAMD/CLK
                         clock pessimism              0.000     0.432    <hidden>
    SLICE_X14Y16         RAMS32 (Hold_rams32_CLK_ADR1)
                                                      0.309     0.741    lcoef_U/filter2d_top_lcoef_RAM_AUTO_1R1W_memcore_U/ram_reg_0_31_12_15/RAMD
  -------------------------------------------------------------------
                         required time                         -0.741    <hidden>
                         arrival time                           0.808    <hidden>
  -------------------------------------------------------------------
                         slack                                  0.067    <hidden>

Slack (MET) :             0.067ns  (arrival time - required time)
  Source:                 Loop_VITIS_LOOP_25_1_proc_U0/zext_ln25_reg_112_reg[0]/C
                            (rising edge-triggered cell FDRE clocked by ap_clk  {rise@0.000ns fall@3.367ns period=6.734ns})
  Destination:            lcoef_U/filter2d_top_lcoef_RAM_AUTO_1R1W_memcore_U/ram_reg_0_31_12_15/RAMD_D1/ADR1
                            (rising edge-triggered cell RAMS32 clocked by ap_clk  {rise@0.000ns fall@3.367ns period=6.734ns})
  Path Group:             ap_clk
  Path Type:              Hold (Min at Fast Process Corner)
  Requirement:            0.000ns  (ap_clk rise@0.000ns - ap_clk rise@0.000ns)
  Data Path Delay:        0.398ns  (logic 0.141ns (35.423%)  route 0.257ns (64.577%))
  Logic Levels:           0  
  Clock Path Skew:        0.022ns (DCD - SCD - CPR)
    Destination Clock Delay (DCD):    0.432ns
    Source Clock Delay      (SCD):    0.410ns
    Clock Pessimism Removal (CPR):    -0.000ns

    Location             Delay type                Incr(ns)  Path(ns)    Netlist Resource(s)
  -------------------------------------------------------------------    -------------------
                         (clock ap_clk rise edge)     0.000     0.000 r  <hidden>
                                                      0.000     0.000 r  ap_clk
                         net (fo=1564, unset)         0.410     0.410    Loop_VITIS_LOOP_25_1_proc_U0/ap_clk
    SLICE_X15Y17         FDRE                                         r  Loop_VITIS_LOOP_25_1_proc_U0/zext_ln25_reg_112_reg[0]/C
  -------------------------------------------------------------------    -------------------
    SLICE_X15Y17         FDRE (Prop_fdre_C_Q)         0.141     0.551 r  Loop_VITIS_LOOP_25_1_proc_U0/zext_ln25_reg_112_reg[0]/Q
                         net (fo=24, routed)          0.257     0.808    lcoef_U/filter2d_top_lcoef_RAM_AUTO_1R1W_memcore_U/ram_reg_0_31_12_15/ADDRD1
    SLICE_X14Y16         RAMS32                                       r  lcoef_U/filter2d_top_lcoef_RAM_AUTO_1R1W_memcore_U/ram_reg_0_31_12_15/RAMD_D1/ADR1
  -------------------------------------------------------------------    -------------------

                         (clock ap_clk rise edge)     0.000     0.000 r  <hidden>
                                                      0.000     0.000 r  ap_clk
                         net (fo=1564, unset)         0.432     0.432    lcoef_U/filter2d_top_lcoef_RAM_AUTO_1R1W_memcore_U/ram_reg_0_31_12_15/WCLK
    SLICE_X14Y16         RAMS32                                       r  lcoef_U/filter2d_top_lcoef_RAM_AUTO_1R1W_memcore_U/ram_reg_0_31_12_15/RAMD_D1/CLK
                         clock pessimism              0.000     0.432    <hidden>
    SLICE_X14Y16         RAMS32 (Hold_rams32_CLK_ADR1)
                                                      0.309     0.741    lcoef_U/filter2d_top_lcoef_RAM_AUTO_1R1W_memcore_U/ram_reg_0_31_12_15/RAMD_D1
  -------------------------------------------------------------------
                         required time                         -0.741    <hidden>
                         arrival time                           0.808    <hidden>
  -------------------------------------------------------------------
                         slack                                  0.067    <hidden>

Slack (MET) :             0.083ns  (arrival time - required time)
  Source:                 control_s_axi_U/int_shift_reg[4]/C
                            (rising edge-triggered cell FDRE clocked by ap_clk  {rise@0.000ns fall@3.367ns period=6.734ns})
  Destination:            shift_c_U/U_filter2d_top_fifo_w8_d3_S_ShiftReg/SRL_SIG_reg[2][4]_srl3/D
                            (rising edge-triggered cell SRL16E clocked by ap_clk  {rise@0.000ns fall@3.367ns period=6.734ns})
  Path Group:             ap_clk
  Path Type:              Hold (Min at Fast Process Corner)
  Requirement:            0.000ns  (ap_clk rise@0.000ns - ap_clk rise@0.000ns)
  Data Path Delay:        0.221ns  (logic 0.141ns (63.734%)  route 0.080ns (36.266%))
  Logic Levels:           0  
  Clock Path Skew:        0.022ns (DCD - SCD - CPR)
    Destination Clock Delay (DCD):    0.432ns
    Source Clock Delay      (SCD):    0.410ns
    Clock Pessimism Removal (CPR):    -0.000ns

    Location             Delay type                Incr(ns)  Path(ns)    Netlist Resource(s)
  -------------------------------------------------------------------    -------------------
                         (clock ap_clk rise edge)     0.000     0.000 r  <hidden>
                                                      0.000     0.000 r  ap_clk
                         net (fo=1564, unset)         0.410     0.410    control_s_axi_U/ap_clk
    SLICE_X19Y16         FDRE                                         r  control_s_axi_U/int_shift_reg[4]/C
  -------------------------------------------------------------------    -------------------
    SLICE_X19Y16         FDRE (Prop_fdre_C_Q)         0.141     0.551 r  control_s_axi_U/int_shift_reg[4]/Q
                         net (fo=3, routed)           0.080     0.631    shift_c_U/U_filter2d_top_fifo_w8_d3_S_ShiftReg/in[4]
    SLICE_X18Y16         SRL16E                                       r  shift_c_U/U_filter2d_top_fifo_w8_d3_S_ShiftReg/SRL_SIG_reg[2][4]_srl3/D
  -------------------------------------------------------------------    -------------------

                         (clock ap_clk rise edge)     0.000     0.000 r  <hidden>
                                                      0.000     0.000 r  ap_clk
                         net (fo=1564, unset)         0.432     0.432    shift_c_U/U_filter2d_top_fifo_w8_d3_S_ShiftReg/ap_clk
    SLICE_X18Y16         SRL16E                                       r  shift_c_U/U_filter2d_top_fifo_w8_d3_S_ShiftReg/SRL_SIG_reg[2][4]_srl3/CLK
                         clock pessimism              0.000     0.432    <hidden>
    SLICE_X18Y16         SRL16E (Hold_srl16e_CLK_D)
                                                      0.117     0.549    shift_c_U/U_filter2d_top_fifo_w8_d3_S_ShiftReg/SRL_SIG_reg[2][4]_srl3
  -------------------------------------------------------------------
                         required time                         -0.549    <hidden>
                         arrival time                           0.631    <hidden>
  -------------------------------------------------------------------
                         slack                                  0.083    <hidden>

Slack (MET) :             0.096ns  (arrival time - required time)
  Source:                 filter2D_0_3_3_0_0_1080_1920_1_2_2_U0/grp_xFFilter2Dkernel_0_0_1080_1920_0_0_1_2_2_1_1_1920_3_3_1_s_fu_133/grp_xFFilter2Dkernel_Pipeline_COL_LOOP_fu_194/k_buf_1_addr_reg_965_reg[3]/C
                            (rising edge-triggered cell FDRE clocked by ap_clk  {rise@0.000ns fall@3.367ns period=6.734ns})
  Destination:            filter2D_0_3_3_0_0_1080_1920_1_2_2_U0/grp_xFFilter2Dkernel_0_0_1080_1920_0_0_1_2_2_1_1_1920_3_3_1_s_fu_133/grp_xFFilter2Dkernel_Pipeline_COL_LOOP_fu_194/k_buf_U/ram_reg/ADDRARDADDR[6]
                            (rising edge-triggered cell RAMB18E1 clocked by ap_clk  {rise@0.000ns fall@3.367ns period=6.734ns})
  Path Group:             ap_clk
  Path Type:              Hold (Min at Fast Process Corner)
  Requirement:            0.000ns  (ap_clk rise@0.000ns - ap_clk rise@0.000ns)
  Data Path Delay:        0.300ns  (logic 0.141ns (46.982%)  route 0.159ns (53.018%))
  Logic Levels:           0  
  Clock Path Skew:        0.022ns (DCD - SCD - CPR)
    Destination Clock Delay (DCD):    0.432ns
    Source Clock Delay      (SCD):    0.410ns
    Clock Pessimism Removal (CPR):    -0.000ns

    Location             Delay type                Incr(ns)  Path(ns)    Netlist Resource(s)
  -------------------------------------------------------------------    -------------------
                         (clock ap_clk rise edge)     0.000     0.000 r  <hidden>
                                                      0.000     0.000 r  ap_clk
                         net (fo=1564, unset)         0.410     0.410    filter2D_0_3_3_0_0_1080_1920_1_2_2_U0/grp_xFFilter2Dkernel_0_0_1080_1920_0_0_1_2_2_1_1_1920_3_3_1_s_fu_133/grp_xFFilter2Dkernel_Pipeline_COL_LOOP_fu_194/ap_clk
    SLICE_X23Y4          FDRE                                         r  filter2D_0_3_3_0_0_1080_1920_1_2_2_U0/grp_xFFilter2Dkernel_0_0_1080_1920_0_0_1_2_2_1_1_1920_3_3_1_s_fu_133/grp_xFFilter2Dkernel_Pipeline_COL_LOOP_fu_194/k_buf_1_addr_reg_965_reg[3]/C
  -------------------------------------------------------------------    -------------------
    SLICE_X23Y4          FDRE (Prop_fdre_C_Q)         0.141     0.551 r  filter2D_0_3_3_0_0_1080_1920_1_2_2_U0/grp_xFFilter2Dkernel_0_0_1080_1920_0_0_1_2_2_1_1_1920_3_3_1_s_fu_133/grp_xFFilter2Dkernel_Pipeline_COL_LOOP_fu_194/k_buf_1_addr_reg_965_reg[3]/Q
                         net (fo=2, routed)           0.159     0.710    filter2D_0_3_3_0_0_1080_1920_1_2_2_U0/grp_xFFilter2Dkernel_0_0_1080_1920_0_0_1_2_2_1_1_1920_3_3_1_s_fu_133/grp_xFFilter2Dkernel_Pipeline_COL_LOOP_fu_194/k_buf_U/Q[3]
    RAMB18_X1Y0          RAMB18E1                                     r  filter2D_0_3_3_0_0_1080_1920_1_2_2_U0/grp_xFFilter2Dkernel_0_0_1080_1920_0_0_1_2_2_1_1_1920_3_3_1_s_fu_133/grp_xFFilter2Dkernel_Pipeline_COL_LOOP_fu_194/k_buf_U/ram_reg/ADDRARDADDR[6]
  -------------------------------------------------------------------    -------------------

                         (clock ap_clk rise edge)     0.000     0.000 r  <hidden>
                                                      0.000     0.000 r  ap_clk
                         net (fo=1564, unset)         0.432     0.432    filter2D_0_3_3_0_0_1080_1920_1_2_2_U0/grp_xFFilter2Dkernel_0_0_1080_1920_0_0_1_2_2_1_1_1920_3_3_1_s_fu_133/grp_xFFilter2Dkernel_Pipeline_COL_LOOP_fu_194/k_buf_U/ap_clk
    RAMB18_X1Y0          RAMB18E1                                     r  filter2D_0_3_3_0_0_1080_1920_1_2_2_U0/grp_xFFilter2Dkernel_0_0_1080_1920_0_0_1_2_2_1_1_1920_3_3_1_s_fu_133/grp_xFFilter2Dkernel_Pipeline_COL_LOOP_fu_194/k_buf_U/ram_reg/CLKARDCLK
                         clock pessimism              0.000     0.432    <hidden>
    RAMB18_X1Y0          RAMB18E1 (Hold_ramb18e1_CLKARDCLK_ADDRARDADDR[6])
                                                      0.183     0.615    filter2D_0_3_3_0_0_1080_1920_1_2_2_U0/grp_xFFilter2Dkernel_0_0_1080_1920_0_0_1_2_2_1_1_1920_3_3_1_s_fu_133/grp_xFFilter2Dkernel_Pipeline_COL_LOOP_fu_194/k_buf_U/ram_reg
  -------------------------------------------------------------------
                         required time                         -0.615    <hidden>
                         arrival time                           0.710    <hidden>
  -------------------------------------------------------------------
                         slack                                  0.096    <hidden>





Pulse Width Checks
--------------------------------------------------------------------------------------
Clock Name:         ap_clk
Waveform(ns):       { 0.000 3.367 }
Period(ns):         6.734
Sources:            { ap_clk }

Check Type        Corner  Lib Pin             Reference Pin  Required(ns)  Actual(ns)  Slack(ns)  Location      Pin
Min Period        n/a     RAMB18E1/CLKARDCLK  n/a            2.944         6.734       3.790      RAMB18_X0Y0   filter2D_0_3_3_0_0_1080_1920_1_2_2_U0/grp_xFFilter2Dkernel_0_0_1080_1920_0_0_1_2_2_1_1_1920_3_3_1_s_fu_133/grp_xFFilter2Dkernel_Pipeline_COL_LOOP_fu_194/k_buf_1_U/ram_reg/CLKARDCLK
Min Period        n/a     RAMB18E1/CLKARDCLK  n/a            2.944         6.734       3.790      RAMB18_X0Y1   filter2D_0_3_3_0_0_1080_1920_1_2_2_U0/grp_xFFilter2Dkernel_0_0_1080_1920_0_0_1_2_2_1_1_1920_3_3_1_s_fu_133/grp_xFFilter2Dkernel_Pipeline_COL_LOOP_fu_194/k_buf_2_U/ram_reg/CLKARDCLK
Min Period        n/a     RAMB18E1/CLKARDCLK  n/a            2.944         6.734       3.790      RAMB18_X1Y0   filter2D_0_3_3_0_0_1080_1920_1_2_2_U0/grp_xFFilter2Dkernel_0_0_1080_1920_0_0_1_2_2_1_1_1920_3_3_1_s_fu_133/grp_xFFilter2Dkernel_Pipeline_COL_LOOP_fu_194/k_buf_U/ram_reg/CLKARDCLK
Min Period        n/a     RAMB18E1/CLKBWRCLK  n/a            2.576         6.734       4.158      RAMB18_X0Y0   filter2D_0_3_3_0_0_1080_1920_1_2_2_U0/grp_xFFilter2Dkernel_0_0_1080_1920_0_0_1_2_2_1_1_1920_3_3_1_s_fu_133/grp_xFFilter2Dkernel_Pipeline_COL_LOOP_fu_194/k_buf_1_U/ram_reg/CLKBWRCLK
Min Period        n/a     RAMB18E1/CLKBWRCLK  n/a            2.576         6.734       4.158      RAMB18_X0Y1   filter2D_0_3_3_0_0_1080_1920_1_2_2_U0/grp_xFFilter2Dkernel_0_0_1080_1920_0_0_1_2_2_1_1_1920_3_3_1_s_fu_133/grp_xFFilter2Dkernel_Pipeline_COL_LOOP_fu_194/k_buf_2_U/ram_reg/CLKBWRCLK
Min Period        n/a     RAMB18E1/CLKBWRCLK  n/a            2.576         6.734       4.158      RAMB18_X1Y0   filter2D_0_3_3_0_0_1080_1920_1_2_2_U0/grp_xFFilter2Dkernel_0_0_1080_1920_0_0_1_2_2_1_1_1920_3_3_1_s_fu_133/grp_xFFilter2Dkernel_Pipeline_COL_LOOP_fu_194/k_buf_U/ram_reg/CLKBWRCLK
Min Period        n/a     DSP48E1/CLK         n/a            2.154         6.734       4.580      DSP48_X2Y3    filter2D_0_3_3_0_0_1080_1920_1_2_2_U0/grp_xFFilter2Dkernel_0_0_1080_1920_0_0_1_2_2_1_1_1920_3_3_1_s_fu_133/grp_xFFilter2Dkernel_Pipeline_COL_LOOP_fu_194/grp_xFApplyFilter2D_0_0_3_3_1_s_fu_381/temp_4_reg_503_reg/CLK
Min Period        n/a     DSP48E1/CLK         n/a            2.154         6.734       4.580      DSP48_X0Y1    filter2D_0_3_3_0_0_1080_1920_1_2_2_U0/grp_xFFilter2Dkernel_0_0_1080_1920_0_0_1_2_2_1_1_1920_3_3_1_s_fu_133/grp_xFFilter2Dkernel_Pipeline_COL_LOOP_fu_194/grp_xFApplyFilter2D_0_0_3_3_1_s_fu_381/temp_8_reg_518_reg/CLK
Min Period        n/a     DSP48E1/CLK         n/a            2.154         6.734       4.580      DSP48_X1Y5    filter2D_0_3_3_0_0_1080_1920_1_2_2_U0/grp_xFFilter2Dkernel_0_0_1080_1920_0_0_1_2_2_1_1_1920_3_3_1_s_fu_133/grp_xFFilter2Dkernel_Pipeline_COL_LOOP_fu_194/grp_xFApplyFilter2D_0_0_3_3_1_s_fu_381/temp_reg_498_reg/CLK
Min Period        n/a     DSP48E1/CLK         n/a            2.154         6.734       4.580      DSP48_X1Y4    filter2D_0_3_3_0_0_1080_1920_1_2_2_U0/grp_xFFilter2Dkernel_0_0_1080_1920_0_0_1_2_2_1_1_1920_3_3_1_s_fu_133/grp_xFFilter2Dkernel_Pipeline_COL_LOOP_fu_194/grp_xFApplyFilter2D_0_0_3_3_1_s_fu_381/mac_muladd_16s_8ns_24s_25_4_0_U70/filter2d_top_mac_muladd_16s_8ns_24s_25_4_0_DSP48_0_U/p_reg_reg/CLK
Low Pulse Width   Slow    RAMD32/CLK          n/a            1.250         3.367       2.117      SLICE_X16Y18  control_s_axi_U/int_coef/mem_reg_0_7_0_0/DP/CLK
Low Pulse Width   Fast    RAMD32/CLK          n/a            1.250         3.367       2.117      SLICE_X16Y18  control_s_axi_U/int_coef/mem_reg_0_7_0_0/DP/CLK
Low Pulse Width   Slow    RAMD32/CLK          n/a            1.250         3.367       2.117      SLICE_X16Y18  control_s_axi_U/int_coef/mem_reg_0_7_0_0/SP/CLK
Low Pulse Width   Fast    RAMD32/CLK          n/a            1.250         3.367       2.117      SLICE_X16Y18  control_s_axi_U/int_coef/mem_reg_0_7_0_0/SP/CLK
Low Pulse Width   Slow    RAMD32/CLK          n/a            1.250         3.367       2.117      SLICE_X14Y19  control_s_axi_U/int_coef/mem_reg_0_7_10_10/DP/CLK
Low Pulse Width   Fast    RAMD32/CLK          n/a            1.250         3.367       2.117      SLICE_X14Y19  control_s_axi_U/int_coef/mem_reg_0_7_10_10/DP/CLK
Low Pulse Width   Slow    RAMD32/CLK          n/a            1.250         3.367       2.117      SLICE_X14Y19  control_s_axi_U/int_coef/mem_reg_0_7_10_10/SP/CLK
Low Pulse Width   Fast    RAMD32/CLK          n/a            1.250         3.367       2.117      SLICE_X14Y19  control_s_axi_U/int_coef/mem_reg_0_7_10_10/SP/CLK
Low Pulse Width   Slow    RAMD32/CLK          n/a            1.250         3.367       2.117      SLICE_X14Y19  control_s_axi_U/int_coef/mem_reg_0_7_11_11/DP/CLK
Low Pulse Width   Fast    RAMD32/CLK          n/a            1.250         3.367       2.117      SLICE_X14Y19  control_s_axi_U/int_coef/mem_reg_0_7_11_11/DP/CLK
High Pulse Width  Slow    RAMD32/CLK          n/a            1.250         3.367       2.117      SLICE_X16Y18  control_s_axi_U/int_coef/mem_reg_0_7_0_0/DP/CLK
High Pulse Width  Fast    RAMD32/CLK          n/a            1.250         3.367       2.117      SLICE_X16Y18  control_s_axi_U/int_coef/mem_reg_0_7_0_0/DP/CLK
High Pulse Width  Slow    RAMD32/CLK          n/a            1.250         3.367       2.117      SLICE_X16Y18  control_s_axi_U/int_coef/mem_reg_0_7_0_0/SP/CLK
High Pulse Width  Fast    RAMD32/CLK          n/a            1.250         3.367       2.117      SLICE_X16Y18  control_s_axi_U/int_coef/mem_reg_0_7_0_0/SP/CLK
High Pulse Width  Slow    RAMD32/CLK          n/a            1.250         3.367       2.117      SLICE_X14Y19  control_s_axi_U/int_coef/mem_reg_0_7_10_10/DP/CLK
High Pulse Width  Fast    RAMD32/CLK          n/a            1.250         3.367       2.117      SLICE_X14Y19  control_s_axi_U/int_coef/mem_reg_0_7_10_10/DP/CLK
High Pulse Width  Slow    RAMD32/CLK          n/a            1.250         3.367       2.117      SLICE_X14Y19  control_s_axi_U/int_coef/mem_reg_0_7_10_10/SP/CLK
High Pulse Width  Fast    RAMD32/CLK          n/a            1.250         3.367       2.117      SLICE_X14Y19  control_s_axi_U/int_coef/mem_reg_0_7_10_10/SP/CLK
High Pulse Width  Slow    RAMD32/CLK          n/a            1.250         3.367       2.117      SLICE_X14Y19  control_s_axi_U/int_coef/mem_reg_0_7_11_11/DP/CLK
High Pulse Width  Fast    RAMD32/CLK          n/a            1.250         3.367       2.117      SLICE_X14Y19  control_s_axi_U/int_coef/mem_reg_0_7_11_11/DP/CLK



