Copyright 1986-2022 Xilinx, Inc. All Rights Reserved. Copyright 2022-2026 Advanced Micro Devices, Inc. All Rights Reserved.
---------------------------------------------------------------------------------------------------------------------------------------------
| Tool Version : Vivado v.2026.1 (win64) Build 6511674 Tue Jun 16 11:02:23 MDT 2026
| Date         : Wed Sep 30 14:34:45 2026
| Host         : <redacted> running 64-bit major release  (build 9200)
| Command      : report_timing_summary -delay_type min_max -max_paths 10 -file filter2d_top_default_flow_tim_impl.rpt
| Design       : filter2d_top
| Device       : 7z020-clg400
| Speed File   : -1  PRODUCTION 1.12 2019-11-22
| Design State : Routed
---------------------------------------------------------------------------------------------------------------------------------------------

Timing Summary Report

------------------------------------------------------------------------------------------------
| Timer Settings
| --------------
------------------------------------------------------------------------------------------------

  Enable Multi Corner Analysis               :  Yes
  Enable Pessimism Removal                   :  Yes
  Pessimism Removal Resolution               :  Nearest Common Node
  Enable Input Delay Default Clock           :  No
  Enable Preset / Clear Arcs                 :  No
  Disable Flight Delays                      :  No
  Ignore I/O Paths                           :  No
  Timing Early Launch at Borrowing Latches   :  No
  Borrow Time for Max Delay Exceptions       :  Yes
  Merge Timing Exceptions                    :  Yes
  Inter-SLR Compensation                     :  Conservative

  Corner  Analyze    Analyze    
  Name    Max Paths  Min Paths  
  ------  ---------  ---------  
  Slow    Yes        Yes        
  Fast    Yes        Yes        


------------------------------------------------------------------------------------------------
| Report Methodology
| ------------------
------------------------------------------------------------------------------------------------

No report available as report_methodology has not been run prior. Run report_methodology on the current design for the summary of methodology violations.



check_timing report

Table of Contents
-----------------
1. checking no_clock (0)
2. checking constant_clock (0)
3. checking pulse_width_clock (0)
4. checking unconstrained_internal_endpoints (0)
5. checking no_input_delay (0)
6. checking no_output_delay (0)
7. checking multiple_clock (0)
8. checking generated_clocks (0)
9. checking loops (0)
10. checking partial_input_delay (0)
11. checking partial_output_delay (0)
12. checking latch_loops (0)

1. checking no_clock (0)
------------------------
 There are 0 register/latch pins with no clock.


2. checking constant_clock (0)
------------------------------
 There are 0 register/latch pins with constant_clock.


3. checking pulse_width_clock (0)
---------------------------------
 There are 0 register/latch pins which need pulse_width check


4. checking unconstrained_internal_endpoints (0)
------------------------------------------------
 There are 0 pins that are not constrained for maximum delay.

 There are 0 pins that are not constrained for maximum delay due to constant clock.


5. checking no_input_delay (0)
------------------------------
 There are 0 input ports with no input delay specified.

 There are 0 input ports with no input delay but user has a false path constraint.


6. checking no_output_delay (0)
-------------------------------
 There are 0 ports with no output delay specified.

 There are 0 ports with no output delay but user has a false path constraint

 There are 0 ports with no output delay but with a timing clock defined on it or propagating through it


7. checking multiple_clock (0)
------------------------------
 There are 0 register/latch pins with multiple clocks.


8. checking generated_clocks (0)
--------------------------------
 There are 0 generated clocks that are not connected to a clock source.


9. checking loops (0)
---------------------
 There are 0 combinational loops in the design.


10. checking partial_input_delay (0)
------------------------------------
 There are 0 input ports with partial input delay specified.


11. checking partial_output_delay (0)
-------------------------------------
 There are 0 ports with partial output delay specified.


12. checking latch_loops (0)
----------------------------
 There are 0 combinational latch loops in the design through latch input



------------------------------------------------------------------------------------------------
| Design Timing Summary
| ---------------------
------------------------------------------------------------------------------------------------

    WNS(ns)      TNS(ns)  TNS Failing Endpoints  TNS Total Endpoints      WHS(ns)      THS(ns)  THS Failing Endpoints  THS Total Endpoints     WPWS(ns)     TPWS(ns)  TPWS Failing Endpoints  TPWS Total Endpoints  
    -------      -------  ---------------------  -------------------      -------      -------  ---------------------  -------------------     --------     --------  ----------------------  --------------------  
      0.427        0.000                      0                 4294        0.090        0.000                      0                 4294        2.117        0.000                       0                  1565  


All user specified timing constraints are met.


------------------------------------------------------------------------------------------------
| Clock Summary
| -------------
------------------------------------------------------------------------------------------------

Clock   Waveform(ns)         Period(ns)      Frequency(MHz)
-----   ------------         ----------      --------------
ap_clk  {0.000 3.367}        6.734           148.500         


------------------------------------------------------------------------------------------------
| Intra Clock Table
| -----------------
------------------------------------------------------------------------------------------------

Clock             WNS(ns)      TNS(ns)  TNS Failing Endpoints  TNS Total Endpoints      WHS(ns)      THS(ns)  THS Failing Endpoints  THS Total Endpoints     WPWS(ns)     TPWS(ns)  TPWS Failing Endpoints  TPWS Total Endpoints  
-----             -------      -------  ---------------------  -------------------      -------      -------  ---------------------  -------------------     --------     --------  ----------------------  --------------------  
ap_clk              0.427        0.000                      0                 4294        0.090        0.000                      0                 4294        2.117        0.000                       0                  1565  


------------------------------------------------------------------------------------------------
| Inter Clock Table
| -----------------
------------------------------------------------------------------------------------------------

From Clock    To Clock          WNS(ns)      TNS(ns)  TNS Failing Endpoints  TNS Total Endpoints      WHS(ns)      THS(ns)  THS Failing Endpoints  THS Total Endpoints  
----------    --------          -------      -------  ---------------------  -------------------      -------      -------  ---------------------  -------------------  


------------------------------------------------------------------------------------------------
| Other Path Groups Table
| -----------------------
------------------------------------------------------------------------------------------------

Path Group    From Clock    To Clock          WNS(ns)      TNS(ns)  TNS Failing Endpoints  TNS Total Endpoints      WHS(ns)      THS(ns)  THS Failing Endpoints  THS Total Endpoints  
----------    ----------    --------          -------      -------  ---------------------  -------------------      -------      -------  ---------------------  -------------------  


------------------------------------------------------------------------------------------------
| Timing Details
| --------------
------------------------------------------------------------------------------------------------


---------------------------------------------------------------------------------------------------
From Clock:  ap_clk
  To Clock:  ap_clk

Setup :            0  Failing Endpoints,  Worst Slack        0.427ns,  Total Violation        0.000ns
Hold  :            0  Failing Endpoints,  Worst Slack        0.090ns,  Total Violation        0.000ns
PW    :            0  Failing Endpoints,  Worst Slack        2.117ns,  Total Violation        0.000ns
---------------------------------------------------------------------------------------------------


Max Delay Paths
--------------------------------------------------------------------------------------
Slack (MET) :             0.427ns  (required time - arrival time)
  Source:                 ap_rst_n
                            (input port clocked by ap_clk  {rise@0.000ns fall@3.367ns period=6.734ns})
  Destination:            AXIvideo2xfMat_8_0_1080_1920_1_2_U0/regslice_both_s_axis_V_last_V_U/FSM_sequential_state_reg[0]/S
                            (rising edge-triggered cell FDSE clocked by ap_clk  {rise@0.000ns fall@3.367ns period=6.734ns})
  Path Group:             ap_clk
  Path Type:              Setup (Max at Slow Process Corner)
  Requirement:            6.734ns  (ap_clk rise@6.734ns - ap_clk rise@0.000ns)
  Data Path Delay:        4.559ns  (logic 0.152ns (3.334%)  route 4.407ns (96.666%))
  Logic Levels:           1  (LUT1=1)
  Input Delay:            2.000ns
  Clock Path Skew:        0.924ns (DCD - SCD + CPR)
    Destination Clock Delay (DCD):    0.924ns = ( 7.658 - 6.734 ) 
    Source Clock Delay      (SCD):    0.000ns
    Clock Pessimism Removal (CPR):    0.000ns
  Clock Uncertainty:      0.035ns  ((TSJ^2 + TIJ^2)^1/2 + DJ) / 2 + PE
    Total System Jitter     (TSJ):    0.071ns
    Total Input Jitter      (TIJ):    0.000ns
    Discrete Jitter          (DJ):    0.000ns
    Phase Error              (PE):    0.000ns

    Location             Delay type                Incr(ns)  Path(ns)    Netlist Resource(s)
  -------------------------------------------------------------------    -------------------
                         (clock ap_clk rise edge)     0.000     0.000 r  <hidden>
                         input delay                  2.000     2.000    <hidden>
                                                      0.000     2.000 f  ap_rst_n
                         net (fo=14, unset)           0.973     2.973    control_s_axi_U/ap_rst_n
    SLICE_X47Y51         LUT1 (Prop_lut1_I0_O)        0.152     3.125 r  control_s_axi_U/FSM_onehot_wstate[1]_i_1/O
                         net (fo=230, routed)         3.434     6.559    AXIvideo2xfMat_8_0_1080_1920_1_2_U0/regslice_both_s_axis_V_last_V_U/ap_rst_n_inv
    SLICE_X27Y51         FDSE                                         r  AXIvideo2xfMat_8_0_1080_1920_1_2_U0/regslice_both_s_axis_V_last_V_U/FSM_sequential_state_reg[0]/S
  -------------------------------------------------------------------    -------------------

                         (clock ap_clk rise edge)     6.734     6.734 r  <hidden>
                                                      0.000     6.734 r  ap_clk
                         net (fo=1564, unset)         0.924     7.658    AXIvideo2xfMat_8_0_1080_1920_1_2_U0/regslice_both_s_axis_V_last_V_U/ap_clk
    SLICE_X27Y51         FDSE                                         r  AXIvideo2xfMat_8_0_1080_1920_1_2_U0/regslice_both_s_axis_V_last_V_U/FSM_sequential_state_reg[0]/C
                         clock pessimism              0.000     7.658    <hidden>
                         clock uncertainty           -0.035     7.623    <hidden>
    SLICE_X27Y51         FDSE (Setup_fdse_C_S)       -0.637     6.986    AXIvideo2xfMat_8_0_1080_1920_1_2_U0/regslice_both_s_axis_V_last_V_U/FSM_sequential_state_reg[0]
  -------------------------------------------------------------------
                         required time                          6.986    <hidden>
                         arrival time                          -6.559    <hidden>
  -------------------------------------------------------------------
                         slack                                  0.427    <hidden>

Slack (MET) :             0.427ns  (required time - arrival time)
  Source:                 ap_rst_n
                            (input port clocked by ap_clk  {rise@0.000ns fall@3.367ns period=6.734ns})
  Destination:            AXIvideo2xfMat_8_0_1080_1920_1_2_U0/regslice_both_s_axis_V_user_V_U/FSM_sequential_state_reg[0]/S
                            (rising edge-triggered cell FDSE clocked by ap_clk  {rise@0.000ns fall@3.367ns period=6.734ns})
  Path Group:             ap_clk
  Path Type:              Setup (Max at Slow Process Corner)
  Requirement:            6.734ns  (ap_clk rise@6.734ns - ap_clk rise@0.000ns)
  Data Path Delay:        4.559ns  (logic 0.152ns (3.334%)  route 4.407ns (96.666%))
  Logic Levels:           1  (LUT1=1)
  Input Delay:            2.000ns
  Clock Path Skew:        0.924ns (DCD - SCD + CPR)
    Destination Clock Delay (DCD):    0.924ns = ( 7.658 - 6.734 ) 
    Source Clock Delay      (SCD):    0.000ns
    Clock Pessimism Removal (CPR):    0.000ns
  Clock Uncertainty:      0.035ns  ((TSJ^2 + TIJ^2)^1/2 + DJ) / 2 + PE
    Total System Jitter     (TSJ):    0.071ns
    Total Input Jitter      (TIJ):    0.000ns
    Discrete Jitter          (DJ):    0.000ns
    Phase Error              (PE):    0.000ns

    Location             Delay type                Incr(ns)  Path(ns)    Netlist Resource(s)
  -------------------------------------------------------------------    -------------------
                         (clock ap_clk rise edge)     0.000     0.000 r  <hidden>
                         input delay                  2.000     2.000    <hidden>
                                                      0.000     2.000 f  ap_rst_n
                         net (fo=14, unset)           0.973     2.973    control_s_axi_U/ap_rst_n
    SLICE_X47Y51         LUT1 (Prop_lut1_I0_O)        0.152     3.125 r  control_s_axi_U/FSM_onehot_wstate[1]_i_1/O
                         net (fo=230, routed)         3.434     6.559    AXIvideo2xfMat_8_0_1080_1920_1_2_U0/regslice_both_s_axis_V_user_V_U/ap_rst_n_inv
    SLICE_X27Y51         FDSE                                         r  AXIvideo2xfMat_8_0_1080_1920_1_2_U0/regslice_both_s_axis_V_user_V_U/FSM_sequential_state_reg[0]/S
  -------------------------------------------------------------------    -------------------

                         (clock ap_clk rise edge)     6.734     6.734 r  <hidden>
                                                      0.000     6.734 r  ap_clk
                         net (fo=1564, unset)         0.924     7.658    AXIvideo2xfMat_8_0_1080_1920_1_2_U0/regslice_both_s_axis_V_user_V_U/ap_clk
    SLICE_X27Y51         FDSE                                         r  AXIvideo2xfMat_8_0_1080_1920_1_2_U0/regslice_both_s_axis_V_user_V_U/FSM_sequential_state_reg[0]/C
                         clock pessimism              0.000     7.658    <hidden>
                         clock uncertainty           -0.035     7.623    <hidden>
    SLICE_X27Y51         FDSE (Setup_fdse_C_S)       -0.637     6.986    AXIvideo2xfMat_8_0_1080_1920_1_2_U0/regslice_both_s_axis_V_user_V_U/FSM_sequential_state_reg[0]
  -------------------------------------------------------------------
                         required time                          6.986    <hidden>
                         arrival time                          -6.559    <hidden>
  -------------------------------------------------------------------
                         slack                                  0.427    <hidden>

Slack (MET) :             0.427ns  (required time - arrival time)
  Source:                 ap_rst_n
                            (input port clocked by ap_clk  {rise@0.000ns fall@3.367ns period=6.734ns})
  Destination:            AXIvideo2xfMat_8_0_1080_1920_1_2_U0/regslice_both_s_axis_V_user_V_U/FSM_sequential_state_reg[1]/R
                            (rising edge-triggered cell FDRE clocked by ap_clk  {rise@0.000ns fall@3.367ns period=6.734ns})
  Path Group:             ap_clk
  Path Type:              Setup (Max at Slow Process Corner)
  Requirement:            6.734ns  (ap_clk rise@6.734ns - ap_clk rise@0.000ns)
  Data Path Delay:        4.559ns  (logic 0.152ns (3.334%)  route 4.407ns (96.666%))
  Logic Levels:           1  (LUT1=1)
  Input Delay:            2.000ns
  Clock Path Skew:        0.924ns (DCD - SCD + CPR)
    Destination Clock Delay (DCD):    0.924ns = ( 7.658 - 6.734 ) 
    Source Clock Delay      (SCD):    0.000ns
    Clock Pessimism Removal (CPR):    0.000ns
  Clock Uncertainty:      0.035ns  ((TSJ^2 + TIJ^2)^1/2 + DJ) / 2 + PE
    Total System Jitter     (TSJ):    0.071ns
    Total Input Jitter      (TIJ):    0.000ns
    Discrete Jitter          (DJ):    0.000ns
    Phase Error              (PE):    0.000ns

    Location             Delay type                Incr(ns)  Path(ns)    Netlist Resource(s)
  -------------------------------------------------------------------    -------------------
                         (clock ap_clk rise edge)     0.000     0.000 r  <hidden>
                         input delay                  2.000     2.000    <hidden>
                                                      0.000     2.000 f  ap_rst_n
                         net (fo=14, unset)           0.973     2.973    control_s_axi_U/ap_rst_n
    SLICE_X47Y51         LUT1 (Prop_lut1_I0_O)        0.152     3.125 r  control_s_axi_U/FSM_onehot_wstate[1]_i_1/O
                         net (fo=230, routed)         3.434     6.559    AXIvideo2xfMat_8_0_1080_1920_1_2_U0/regslice_both_s_axis_V_user_V_U/ap_rst_n_inv
    SLICE_X27Y51         FDRE                                         r  AXIvideo2xfMat_8_0_1080_1920_1_2_U0/regslice_both_s_axis_V_user_V_U/FSM_sequential_state_reg[1]/R
  -------------------------------------------------------------------    -------------------

                         (clock ap_clk rise edge)     6.734     6.734 r  <hidden>
                                                      0.000     6.734 r  ap_clk
                         net (fo=1564, unset)         0.924     7.658    AXIvideo2xfMat_8_0_1080_1920_1_2_U0/regslice_both_s_axis_V_user_V_U/ap_clk
    SLICE_X27Y51         FDRE                                         r  AXIvideo2xfMat_8_0_1080_1920_1_2_U0/regslice_both_s_axis_V_user_V_U/FSM_sequential_state_reg[1]/C
                         clock pessimism              0.000     7.658    <hidden>
                         clock uncertainty           -0.035     7.623    <hidden>
    SLICE_X27Y51         FDRE (Setup_fdre_C_R)       -0.637     6.986    AXIvideo2xfMat_8_0_1080_1920_1_2_U0/regslice_both_s_axis_V_user_V_U/FSM_sequential_state_reg[1]
  -------------------------------------------------------------------
                         required time                          6.986    <hidden>
                         arrival time                          -6.559    <hidden>
  -------------------------------------------------------------------
                         slack                                  0.427    <hidden>

Slack (MET) :             0.427ns  (required time - arrival time)
  Source:                 ap_rst_n
                            (input port clocked by ap_clk  {rise@0.000ns fall@3.367ns period=6.734ns})
  Destination:            AXIvideo2xfMat_8_0_1080_1920_1_2_U0/regslice_both_s_axis_V_user_V_U/ack_in_t_reg/R
                            (rising edge-triggered cell FDRE clocked by ap_clk  {rise@0.000ns fall@3.367ns period=6.734ns})
  Path Group:             ap_clk
  Path Type:              Setup (Max at Slow Process Corner)
  Requirement:            6.734ns  (ap_clk rise@6.734ns - ap_clk rise@0.000ns)
  Data Path Delay:        4.559ns  (logic 0.152ns (3.334%)  route 4.407ns (96.666%))
  Logic Levels:           1  (LUT1=1)
  Input Delay:            2.000ns
  Clock Path Skew:        0.924ns (DCD - SCD + CPR)
    Destination Clock Delay (DCD):    0.924ns = ( 7.658 - 6.734 ) 
    Source Clock Delay      (SCD):    0.000ns
    Clock Pessimism Removal (CPR):    0.000ns
  Clock Uncertainty:      0.035ns  ((TSJ^2 + TIJ^2)^1/2 + DJ) / 2 + PE
    Total System Jitter     (TSJ):    0.071ns
    Total Input Jitter      (TIJ):    0.000ns
    Discrete Jitter          (DJ):    0.000ns
    Phase Error              (PE):    0.000ns

    Location             Delay type                Incr(ns)  Path(ns)    Netlist Resource(s)
  -------------------------------------------------------------------    -------------------
                         (clock ap_clk rise edge)     0.000     0.000 r  <hidden>
                         input delay                  2.000     2.000    <hidden>
                                                      0.000     2.000 f  ap_rst_n
                         net (fo=14, unset)           0.973     2.973    control_s_axi_U/ap_rst_n
    SLICE_X47Y51         LUT1 (Prop_lut1_I0_O)        0.152     3.125 r  control_s_axi_U/FSM_onehot_wstate[1]_i_1/O
                         net (fo=230, routed)         3.434     6.559    AXIvideo2xfMat_8_0_1080_1920_1_2_U0/regslice_both_s_axis_V_user_V_U/ap_rst_n_inv
    SLICE_X27Y51         FDRE                                         r  AXIvideo2xfMat_8_0_1080_1920_1_2_U0/regslice_both_s_axis_V_user_V_U/ack_in_t_reg/R
  -------------------------------------------------------------------    -------------------

                         (clock ap_clk rise edge)     6.734     6.734 r  <hidden>
                                                      0.000     6.734 r  ap_clk
                         net (fo=1564, unset)         0.924     7.658    AXIvideo2xfMat_8_0_1080_1920_1_2_U0/regslice_both_s_axis_V_user_V_U/ap_clk
    SLICE_X27Y51         FDRE                                         r  AXIvideo2xfMat_8_0_1080_1920_1_2_U0/regslice_both_s_axis_V_user_V_U/ack_in_t_reg/C
                         clock pessimism              0.000     7.658    <hidden>
                         clock uncertainty           -0.035     7.623    <hidden>
    SLICE_X27Y51         FDRE (Setup_fdre_C_R)       -0.637     6.986    AXIvideo2xfMat_8_0_1080_1920_1_2_U0/regslice_both_s_axis_V_user_V_U/ack_in_t_reg
  -------------------------------------------------------------------
                         required time                          6.986    <hidden>
                         arrival time                          -6.559    <hidden>
  -------------------------------------------------------------------
                         slack                                  0.427    <hidden>

Slack (MET) :             0.470ns  (required time - arrival time)
  Source:                 ap_rst_n
                            (input port clocked by ap_clk  {rise@0.000ns fall@3.367ns period=6.734ns})
  Destination:            filter2D_0_3_3_0_0_1080_1920_1_2_2_U0/grp_xFFilter2Dkernel_0_0_1080_1920_0_0_1_2_2_1_1_1920_3_3_1_s_fu_133/grp_xFFilter2Dkernel_Pipeline_COL_LOOP_fu_194/ap_enable_reg_pp0_iter1_reg/R
                            (rising edge-triggered cell FDRE clocked by ap_clk  {rise@0.000ns fall@3.367ns period=6.734ns})
  Path Group:             ap_clk
  Path Type:              Setup (Max at Slow Process Corner)
  Requirement:            6.734ns  (ap_clk rise@6.734ns - ap_clk rise@0.000ns)
  Data Path Delay:        4.516ns  (logic 0.152ns (3.366%)  route 4.364ns (96.634%))
  Logic Levels:           1  (LUT1=1)
  Input Delay:            2.000ns
  Clock Path Skew:        0.924ns (DCD - SCD + CPR)
    Destination Clock Delay (DCD):    0.924ns = ( 7.658 - 6.734 ) 
    Source Clock Delay      (SCD):    0.000ns
    Clock Pessimism Removal (CPR):    0.000ns
  Clock Uncertainty:      0.035ns  ((TSJ^2 + TIJ^2)^1/2 + DJ) / 2 + PE
    Total System Jitter     (TSJ):    0.071ns
    Total Input Jitter      (TIJ):    0.000ns
    Discrete Jitter          (DJ):    0.000ns
    Phase Error              (PE):    0.000ns

    Location             Delay type                Incr(ns)  Path(ns)    Netlist Resource(s)
  -------------------------------------------------------------------    -------------------
                         (clock ap_clk rise edge)     0.000     0.000 r  <hidden>
                         input delay                  2.000     2.000    <hidden>
                                                      0.000     2.000 f  ap_rst_n
                         net (fo=14, unset)           0.973     2.973    control_s_axi_U/ap_rst_n
    SLICE_X47Y51         LUT1 (Prop_lut1_I0_O)        0.152     3.125 r  control_s_axi_U/FSM_onehot_wstate[1]_i_1/O
                         net (fo=230, routed)         3.391     6.516    filter2D_0_3_3_0_0_1080_1920_1_2_2_U0/grp_xFFilter2Dkernel_0_0_1080_1920_0_0_1_2_2_1_1_1920_3_3_1_s_fu_133/grp_xFFilter2Dkernel_Pipeline_COL_LOOP_fu_194/ap_rst_n_inv
    SLICE_X25Y42         FDRE                                         r  filter2D_0_3_3_0_0_1080_1920_1_2_2_U0/grp_xFFilter2Dkernel_0_0_1080_1920_0_0_1_2_2_1_1_1920_3_3_1_s_fu_133/grp_xFFilter2Dkernel_Pipeline_COL_LOOP_fu_194/ap_enable_reg_pp0_iter1_reg/R
  -------------------------------------------------------------------    -------------------

                         (clock ap_clk rise edge)     6.734     6.734 r  <hidden>
                                                      0.000     6.734 r  ap_clk
                         net (fo=1564, unset)         0.924     7.658    filter2D_0_3_3_0_0_1080_1920_1_2_2_U0/grp_xFFilter2Dkernel_0_0_1080_1920_0_0_1_2_2_1_1_1920_3_3_1_s_fu_133/grp_xFFilter2Dkernel_Pipeline_COL_LOOP_fu_194/ap_clk
    SLICE_X25Y42         FDRE                                         r  filter2D_0_3_3_0_0_1080_1920_1_2_2_U0/grp_xFFilter2Dkernel_0_0_1080_1920_0_0_1_2_2_1_1_1920_3_3_1_s_fu_133/grp_xFFilter2Dkernel_Pipeline_COL_LOOP_fu_194/ap_enable_reg_pp0_iter1_reg/C
                         clock pessimism              0.000     7.658    <hidden>
                         clock uncertainty           -0.035     7.623    <hidden>
    SLICE_X25Y42         FDRE (Setup_fdre_C_R)       -0.637     6.986    filter2D_0_3_3_0_0_1080_1920_1_2_2_U0/grp_xFFilter2Dkernel_0_0_1080_1920_0_0_1_2_2_1_1_1920_3_3_1_s_fu_133/grp_xFFilter2Dkernel_Pipeline_COL_LOOP_fu_194/ap_enable_reg_pp0_iter1_reg
  -------------------------------------------------------------------
                         required time                          6.986    <hidden>
                         arrival time                          -6.516    <hidden>
  -------------------------------------------------------------------
                         slack                                  0.470    <hidden>

Slack (MET) :             0.470ns  (required time - arrival time)
  Source:                 ap_rst_n
                            (input port clocked by ap_clk  {rise@0.000ns fall@3.367ns period=6.734ns})
  Destination:            filter2D_0_3_3_0_0_1080_1920_1_2_2_U0/grp_xFFilter2Dkernel_0_0_1080_1920_0_0_1_2_2_1_1_1920_3_3_1_s_fu_133/grp_xFFilter2Dkernel_Pipeline_COL_LOOP_fu_194/ap_enable_reg_pp0_iter2_reg/R
                            (rising edge-triggered cell FDRE clocked by ap_clk  {rise@0.000ns fall@3.367ns period=6.734ns})
  Path Group:             ap_clk
  Path Type:              Setup (Max at Slow Process Corner)
  Requirement:            6.734ns  (ap_clk rise@6.734ns - ap_clk rise@0.000ns)
  Data Path Delay:        4.516ns  (logic 0.152ns (3.366%)  route 4.364ns (96.634%))
  Logic Levels:           1  (LUT1=1)
  Input Delay:            2.000ns
  Clock Path Skew:        0.924ns (DCD - SCD + CPR)
    Destination Clock Delay (DCD):    0.924ns = ( 7.658 - 6.734 ) 
    Source Clock Delay      (SCD):    0.000ns
    Clock Pessimism Removal (CPR):    0.000ns
  Clock Uncertainty:      0.035ns  ((TSJ^2 + TIJ^2)^1/2 + DJ) / 2 + PE
    Total System Jitter     (TSJ):    0.071ns
    Total Input Jitter      (TIJ):    0.000ns
    Discrete Jitter          (DJ):    0.000ns
    Phase Error              (PE):    0.000ns

    Location             Delay type                Incr(ns)  Path(ns)    Netlist Resource(s)
  -------------------------------------------------------------------    -------------------
                         (clock ap_clk rise edge)     0.000     0.000 r  <hidden>
                         input delay                  2.000     2.000    <hidden>
                                                      0.000     2.000 f  ap_rst_n
                         net (fo=14, unset)           0.973     2.973    control_s_axi_U/ap_rst_n
    SLICE_X47Y51         LUT1 (Prop_lut1_I0_O)        0.152     3.125 r  control_s_axi_U/FSM_onehot_wstate[1]_i_1/O
                         net (fo=230, routed)         3.391     6.516    filter2D_0_3_3_0_0_1080_1920_1_2_2_U0/grp_xFFilter2Dkernel_0_0_1080_1920_0_0_1_2_2_1_1_1920_3_3_1_s_fu_133/grp_xFFilter2Dkernel_Pipeline_COL_LOOP_fu_194/ap_rst_n_inv
    SLICE_X25Y42         FDRE                                         r  filter2D_0_3_3_0_0_1080_1920_1_2_2_U0/grp_xFFilter2Dkernel_0_0_1080_1920_0_0_1_2_2_1_1_1920_3_3_1_s_fu_133/grp_xFFilter2Dkernel_Pipeline_COL_LOOP_fu_194/ap_enable_reg_pp0_iter2_reg/R
  -------------------------------------------------------------------    -------------------

                         (clock ap_clk rise edge)     6.734     6.734 r  <hidden>
                                                      0.000     6.734 r  ap_clk
                         net (fo=1564, unset)         0.924     7.658    filter2D_0_3_3_0_0_1080_1920_1_2_2_U0/grp_xFFilter2Dkernel_0_0_1080_1920_0_0_1_2_2_1_1_1920_3_3_1_s_fu_133/grp_xFFilter2Dkernel_Pipeline_COL_LOOP_fu_194/ap_clk
    SLICE_X25Y42         FDRE                                         r  filter2D_0_3_3_0_0_1080_1920_1_2_2_U0/grp_xFFilter2Dkernel_0_0_1080_1920_0_0_1_2_2_1_1_1920_3_3_1_s_fu_133/grp_xFFilter2Dkernel_Pipeline_COL_LOOP_fu_194/ap_enable_reg_pp0_iter2_reg/C
                         clock pessimism              0.000     7.658    <hidden>
                         clock uncertainty           -0.035     7.623    <hidden>
    SLICE_X25Y42         FDRE (Setup_fdre_C_R)       -0.637     6.986    filter2D_0_3_3_0_0_1080_1920_1_2_2_U0/grp_xFFilter2Dkernel_0_0_1080_1920_0_0_1_2_2_1_1_1920_3_3_1_s_fu_133/grp_xFFilter2Dkernel_Pipeline_COL_LOOP_fu_194/ap_enable_reg_pp0_iter2_reg
  -------------------------------------------------------------------
                         required time                          6.986    <hidden>
                         arrival time                          -6.516    <hidden>
  -------------------------------------------------------------------
                         slack                                  0.470    <hidden>

Slack (MET) :             0.470ns  (required time - arrival time)
  Source:                 ap_rst_n
                            (input port clocked by ap_clk  {rise@0.000ns fall@3.367ns period=6.734ns})
  Destination:            filter2D_0_3_3_0_0_1080_1920_1_2_2_U0/grp_xFFilter2Dkernel_0_0_1080_1920_0_0_1_2_2_1_1_1920_3_3_1_s_fu_133/grp_xFFilter2Dkernel_Pipeline_COL_LOOP_fu_194/ap_enable_reg_pp0_iter3_reg/R
                            (rising edge-triggered cell FDRE clocked by ap_clk  {rise@0.000ns fall@3.367ns period=6.734ns})
  Path Group:             ap_clk
  Path Type:              Setup (Max at Slow Process Corner)
  Requirement:            6.734ns  (ap_clk rise@6.734ns - ap_clk rise@0.000ns)
  Data Path Delay:        4.516ns  (logic 0.152ns (3.366%)  route 4.364ns (96.634%))
  Logic Levels:           1  (LUT1=1)
  Input Delay:            2.000ns
  Clock Path Skew:        0.924ns (DCD - SCD + CPR)
    Destination Clock Delay (DCD):    0.924ns = ( 7.658 - 6.734 ) 
    Source Clock Delay      (SCD):    0.000ns
    Clock Pessimism Removal (CPR):    0.000ns
  Clock Uncertainty:      0.035ns  ((TSJ^2 + TIJ^2)^1/2 + DJ) / 2 + PE
    Total System Jitter     (TSJ):    0.071ns
    Total Input Jitter      (TIJ):    0.000ns
    Discrete Jitter          (DJ):    0.000ns
    Phase Error              (PE):    0.000ns

    Location             Delay type                Incr(ns)  Path(ns)    Netlist Resource(s)
  -------------------------------------------------------------------    -------------------
                         (clock ap_clk rise edge)     0.000     0.000 r  <hidden>
                         input delay                  2.000     2.000    <hidden>
                                                      0.000     2.000 f  ap_rst_n
                         net (fo=14, unset)           0.973     2.973    control_s_axi_U/ap_rst_n
    SLICE_X47Y51         LUT1 (Prop_lut1_I0_O)        0.152     3.125 r  control_s_axi_U/FSM_onehot_wstate[1]_i_1/O
                         net (fo=230, routed)         3.391     6.516    filter2D_0_3_3_0_0_1080_1920_1_2_2_U0/grp_xFFilter2Dkernel_0_0_1080_1920_0_0_1_2_2_1_1_1920_3_3_1_s_fu_133/grp_xFFilter2Dkernel_Pipeline_COL_LOOP_fu_194/ap_rst_n_inv
    SLICE_X25Y42         FDRE                                         r  filter2D_0_3_3_0_0_1080_1920_1_2_2_U0/grp_xFFilter2Dkernel_0_0_1080_1920_0_0_1_2_2_1_1_1920_3_3_1_s_fu_133/grp_xFFilter2Dkernel_Pipeline_COL_LOOP_fu_194/ap_enable_reg_pp0_iter3_reg/R
  -------------------------------------------------------------------    -------------------

                         (clock ap_clk rise edge)     6.734     6.734 r  <hidden>
                                                      0.000     6.734 r  ap_clk
                         net (fo=1564, unset)         0.924     7.658    filter2D_0_3_3_0_0_1080_1920_1_2_2_U0/grp_xFFilter2Dkernel_0_0_1080_1920_0_0_1_2_2_1_1_1920_3_3_1_s_fu_133/grp_xFFilter2Dkernel_Pipeline_COL_LOOP_fu_194/ap_clk
    SLICE_X25Y42         FDRE                                         r  filter2D_0_3_3_0_0_1080_1920_1_2_2_U0/grp_xFFilter2Dkernel_0_0_1080_1920_0_0_1_2_2_1_1_1920_3_3_1_s_fu_133/grp_xFFilter2Dkernel_Pipeline_COL_LOOP_fu_194/ap_enable_reg_pp0_iter3_reg/C
                         clock pessimism              0.000     7.658    <hidden>
                         clock uncertainty           -0.035     7.623    <hidden>
    SLICE_X25Y42         FDRE (Setup_fdre_C_R)       -0.637     6.986    filter2D_0_3_3_0_0_1080_1920_1_2_2_U0/grp_xFFilter2Dkernel_0_0_1080_1920_0_0_1_2_2_1_1_1920_3_3_1_s_fu_133/grp_xFFilter2Dkernel_Pipeline_COL_LOOP_fu_194/ap_enable_reg_pp0_iter3_reg
  -------------------------------------------------------------------
                         required time                          6.986    <hidden>
                         arrival time                          -6.516    <hidden>
  -------------------------------------------------------------------
                         slack                                  0.470    <hidden>

Slack (MET) :             0.471ns  (required time - arrival time)
  Source:                 ap_rst_n
                            (input port clocked by ap_clk  {rise@0.000ns fall@3.367ns period=6.734ns})
  Destination:            AXIvideo2xfMat_8_0_1080_1920_1_2_U0/regslice_both_s_axis_V_last_V_U/FSM_sequential_state_reg[1]/R
                            (rising edge-triggered cell FDRE clocked by ap_clk  {rise@0.000ns fall@3.367ns period=6.734ns})
  Path Group:             ap_clk
  Path Type:              Setup (Max at Slow Process Corner)
  Requirement:            6.734ns  (ap_clk rise@6.734ns - ap_clk rise@0.000ns)
  Data Path Delay:        4.420ns  (logic 0.152ns (3.439%)  route 4.268ns (96.561%))
  Logic Levels:           1  (LUT1=1)
  Input Delay:            2.000ns
  Clock Path Skew:        0.924ns (DCD - SCD + CPR)
    Destination Clock Delay (DCD):    0.924ns = ( 7.658 - 6.734 ) 
    Source Clock Delay      (SCD):    0.000ns
    Clock Pessimism Removal (CPR):    0.000ns
  Clock Uncertainty:      0.035ns  ((TSJ^2 + TIJ^2)^1/2 + DJ) / 2 + PE
    Total System Jitter     (TSJ):    0.071ns
    Total Input Jitter      (TIJ):    0.000ns
    Discrete Jitter          (DJ):    0.000ns
    Phase Error              (PE):    0.000ns

    Location             Delay type                Incr(ns)  Path(ns)    Netlist Resource(s)
  -------------------------------------------------------------------    -------------------
                         (clock ap_clk rise edge)     0.000     0.000 r  <hidden>
                         input delay                  2.000     2.000    <hidden>
                                                      0.000     2.000 f  ap_rst_n
                         net (fo=14, unset)           0.973     2.973    control_s_axi_U/ap_rst_n
    SLICE_X47Y51         LUT1 (Prop_lut1_I0_O)        0.152     3.125 r  control_s_axi_U/FSM_onehot_wstate[1]_i_1/O
                         net (fo=230, routed)         3.295     6.420    AXIvideo2xfMat_8_0_1080_1920_1_2_U0/regslice_both_s_axis_V_last_V_U/ap_rst_n_inv
    SLICE_X26Y50         FDRE                                         r  AXIvideo2xfMat_8_0_1080_1920_1_2_U0/regslice_both_s_axis_V_last_V_U/FSM_sequential_state_reg[1]/R
  -------------------------------------------------------------------    -------------------

                         (clock ap_clk rise edge)     6.734     6.734 r  <hidden>
                                                      0.000     6.734 r  ap_clk
                         net (fo=1564, unset)         0.924     7.658    AXIvideo2xfMat_8_0_1080_1920_1_2_U0/regslice_both_s_axis_V_last_V_U/ap_clk
    SLICE_X26Y50         FDRE                                         r  AXIvideo2xfMat_8_0_1080_1920_1_2_U0/regslice_both_s_axis_V_last_V_U/FSM_sequential_state_reg[1]/C
                         clock pessimism              0.000     7.658    <hidden>
                         clock uncertainty           -0.035     7.623    <hidden>
    SLICE_X26Y50         FDRE (Setup_fdre_C_R)       -0.732     6.891    AXIvideo2xfMat_8_0_1080_1920_1_2_U0/regslice_both_s_axis_V_last_V_U/FSM_sequential_state_reg[1]
  -------------------------------------------------------------------
                         required time                          6.891    <hidden>
                         arrival time                          -6.420    <hidden>
  -------------------------------------------------------------------
                         slack                                  0.471    <hidden>

Slack (MET) :             0.471ns  (required time - arrival time)
  Source:                 ap_rst_n
                            (input port clocked by ap_clk  {rise@0.000ns fall@3.367ns period=6.734ns})
  Destination:            AXIvideo2xfMat_8_0_1080_1920_1_2_U0/regslice_both_s_axis_V_last_V_U/ack_in_t_reg/R
                            (rising edge-triggered cell FDRE clocked by ap_clk  {rise@0.000ns fall@3.367ns period=6.734ns})
  Path Group:             ap_clk
  Path Type:              Setup (Max at Slow Process Corner)
  Requirement:            6.734ns  (ap_clk rise@6.734ns - ap_clk rise@0.000ns)
  Data Path Delay:        4.420ns  (logic 0.152ns (3.439%)  route 4.268ns (96.561%))
  Logic Levels:           1  (LUT1=1)
  Input Delay:            2.000ns
  Clock Path Skew:        0.924ns (DCD - SCD + CPR)
    Destination Clock Delay (DCD):    0.924ns = ( 7.658 - 6.734 ) 
    Source Clock Delay      (SCD):    0.000ns
    Clock Pessimism Removal (CPR):    0.000ns
  Clock Uncertainty:      0.035ns  ((TSJ^2 + TIJ^2)^1/2 + DJ) / 2 + PE
    Total System Jitter     (TSJ):    0.071ns
    Total Input Jitter      (TIJ):    0.000ns
    Discrete Jitter          (DJ):    0.000ns
    Phase Error              (PE):    0.000ns

    Location             Delay type                Incr(ns)  Path(ns)    Netlist Resource(s)
  -------------------------------------------------------------------    -------------------
                         (clock ap_clk rise edge)     0.000     0.000 r  <hidden>
                         input delay                  2.000     2.000    <hidden>
                                                      0.000     2.000 f  ap_rst_n
                         net (fo=14, unset)           0.973     2.973    control_s_axi_U/ap_rst_n
    SLICE_X47Y51         LUT1 (Prop_lut1_I0_O)        0.152     3.125 r  control_s_axi_U/FSM_onehot_wstate[1]_i_1/O
                         net (fo=230, routed)         3.295     6.420    AXIvideo2xfMat_8_0_1080_1920_1_2_U0/regslice_both_s_axis_V_last_V_U/ap_rst_n_inv
    SLICE_X26Y50         FDRE                                         r  AXIvideo2xfMat_8_0_1080_1920_1_2_U0/regslice_both_s_axis_V_last_V_U/ack_in_t_reg/R
  -------------------------------------------------------------------    -------------------

                         (clock ap_clk rise edge)     6.734     6.734 r  <hidden>
                                                      0.000     6.734 r  ap_clk
                         net (fo=1564, unset)         0.924     7.658    AXIvideo2xfMat_8_0_1080_1920_1_2_U0/regslice_both_s_axis_V_last_V_U/ap_clk
    SLICE_X26Y50         FDRE                                         r  AXIvideo2xfMat_8_0_1080_1920_1_2_U0/regslice_both_s_axis_V_last_V_U/ack_in_t_reg/C
                         clock pessimism              0.000     7.658    <hidden>
                         clock uncertainty           -0.035     7.623    <hidden>
    SLICE_X26Y50         FDRE (Setup_fdre_C_R)       -0.732     6.891    AXIvideo2xfMat_8_0_1080_1920_1_2_U0/regslice_both_s_axis_V_last_V_U/ack_in_t_reg
  -------------------------------------------------------------------
                         required time                          6.891    <hidden>
                         arrival time                          -6.420    <hidden>
  -------------------------------------------------------------------
                         slack                                  0.471    <hidden>

Slack (MET) :             0.494ns  (required time - arrival time)
  Source:                 ap_rst_n
                            (input port clocked by ap_clk  {rise@0.000ns fall@3.367ns period=6.734ns})
  Destination:            AXIvideo2xfMat_8_0_1080_1920_1_2_U0/ap_CS_fsm_reg[5]/R
                            (rising edge-triggered cell FDRE clocked by ap_clk  {rise@0.000ns fall@3.367ns period=6.734ns})
  Path Group:             ap_clk
  Path Type:              Setup (Max at Slow Process Corner)
  Requirement:            6.734ns  (ap_clk rise@6.734ns - ap_clk rise@0.000ns)
  Data Path Delay:        4.492ns  (logic 0.152ns (3.384%)  route 4.340ns (96.616%))
  Logic Levels:           1  (LUT1=1)
  Input Delay:            2.000ns
  Clock Path Skew:        0.924ns (DCD - SCD + CPR)
    Destination Clock Delay (DCD):    0.924ns = ( 7.658 - 6.734 ) 
    Source Clock Delay      (SCD):    0.000ns
    Clock Pessimism Removal (CPR):    0.000ns
  Clock Uncertainty:      0.035ns  ((TSJ^2 + TIJ^2)^1/2 + DJ) / 2 + PE
    Total System Jitter     (TSJ):    0.071ns
    Total Input Jitter      (TIJ):    0.000ns
    Discrete Jitter          (DJ):    0.000ns
    Phase Error              (PE):    0.000ns

    Location             Delay type                Incr(ns)  Path(ns)    Netlist Resource(s)
  -------------------------------------------------------------------    -------------------
                         (clock ap_clk rise edge)     0.000     0.000 r  <hidden>
                         input delay                  2.000     2.000    <hidden>
                                                      0.000     2.000 f  ap_rst_n
                         net (fo=14, unset)           0.973     2.973    control_s_axi_U/ap_rst_n
    SLICE_X47Y51         LUT1 (Prop_lut1_I0_O)        0.152     3.125 r  control_s_axi_U/FSM_onehot_wstate[1]_i_1/O
                         net (fo=230, routed)         3.367     6.492    AXIvideo2xfMat_8_0_1080_1920_1_2_U0/ap_rst_n_inv
    SLICE_X27Y47         FDRE                                         r  AXIvideo2xfMat_8_0_1080_1920_1_2_U0/ap_CS_fsm_reg[5]/R
  -------------------------------------------------------------------    -------------------

                         (clock ap_clk rise edge)     6.734     6.734 r  <hidden>
                                                      0.000     6.734 r  ap_clk
                         net (fo=1564, unset)         0.924     7.658    AXIvideo2xfMat_8_0_1080_1920_1_2_U0/ap_clk
    SLICE_X27Y47         FDRE                                         r  AXIvideo2xfMat_8_0_1080_1920_1_2_U0/ap_CS_fsm_reg[5]/C
                         clock pessimism              0.000     7.658    <hidden>
                         clock uncertainty           -0.035     7.623    <hidden>
    SLICE_X27Y47         FDRE (Setup_fdre_C_R)       -0.637     6.986    AXIvideo2xfMat_8_0_1080_1920_1_2_U0/ap_CS_fsm_reg[5]
  -------------------------------------------------------------------
                         required time                          6.986    <hidden>
                         arrival time                          -6.492    <hidden>
  -------------------------------------------------------------------
                         slack                                  0.494    <hidden>





Min Delay Paths
--------------------------------------------------------------------------------------
Slack (MET) :             0.090ns  (arrival time - required time)
  Source:                 filter2D_0_3_3_0_0_1080_1920_1_2_2_U0/grp_xFFilter2Dkernel_0_0_1080_1920_0_0_1_2_2_1_1_1920_3_3_1_s_fu_133/grp_xFFilter2Dkernel_Pipeline_COL_LOOP_fu_194/grp_xFApplyFilter2D_0_0_3_3_1_s_fu_381/p_kernel_filter_2_2_val_int_reg_reg[7]/C
                            (rising edge-triggered cell FDRE clocked by ap_clk  {rise@0.000ns fall@3.367ns period=6.734ns})
  Destination:            filter2D_0_3_3_0_0_1080_1920_1_2_2_U0/grp_xFFilter2Dkernel_0_0_1080_1920_0_0_1_2_2_1_1_1920_3_3_1_s_fu_133/grp_xFFilter2Dkernel_Pipeline_COL_LOOP_fu_194/grp_xFApplyFilter2D_0_0_3_3_1_s_fu_381/p_kernel_filter_2_2_val_read_reg_408_pp0_iter1_reg_reg[7]_srl2/D
                            (rising edge-triggered cell SRL16E clocked by ap_clk  {rise@0.000ns fall@3.367ns period=6.734ns})
  Path Group:             ap_clk
  Path Type:              Hold (Min at Fast Process Corner)
  Requirement:            0.000ns  (ap_clk rise@0.000ns - ap_clk rise@0.000ns)
  Data Path Delay:        0.241ns  (logic 0.128ns (53.025%)  route 0.113ns (46.975%))
  Logic Levels:           0  
  Clock Path Skew:        0.022ns (DCD - SCD - CPR)
    Destination Clock Delay (DCD):    0.432ns
    Source Clock Delay      (SCD):    0.410ns
    Clock Pessimism Removal (CPR):    -0.000ns

    Location             Delay type                Incr(ns)  Path(ns)    Netlist Resource(s)
  -------------------------------------------------------------------    -------------------
                         (clock ap_clk rise edge)     0.000     0.000 r  <hidden>
                                                      0.000     0.000 r  ap_clk
                         net (fo=1564, unset)         0.410     0.410    filter2D_0_3_3_0_0_1080_1920_1_2_2_U0/grp_xFFilter2Dkernel_0_0_1080_1920_0_0_1_2_2_1_1_1920_3_3_1_s_fu_133/grp_xFFilter2Dkernel_Pipeline_COL_LOOP_fu_194/grp_xFApplyFilter2D_0_0_3_3_1_s_fu_381/ap_clk
    SLICE_X39Y31         FDRE                                         r  filter2D_0_3_3_0_0_1080_1920_1_2_2_U0/grp_xFFilter2Dkernel_0_0_1080_1920_0_0_1_2_2_1_1_1920_3_3_1_s_fu_133/grp_xFFilter2Dkernel_Pipeline_COL_LOOP_fu_194/grp_xFApplyFilter2D_0_0_3_3_1_s_fu_381/p_kernel_filter_2_2_val_int_reg_reg[7]/C
  -------------------------------------------------------------------    -------------------
    SLICE_X39Y31         FDRE (Prop_fdre_C_Q)         0.128     0.538 r  filter2D_0_3_3_0_0_1080_1920_1_2_2_U0/grp_xFFilter2Dkernel_0_0_1080_1920_0_0_1_2_2_1_1_1920_3_3_1_s_fu_133/grp_xFFilter2Dkernel_Pipeline_COL_LOOP_fu_194/grp_xFApplyFilter2D_0_0_3_3_1_s_fu_381/p_kernel_filter_2_2_val_int_reg_reg[7]/Q
                         net (fo=1, routed)           0.113     0.652    filter2D_0_3_3_0_0_1080_1920_1_2_2_U0/grp_xFFilter2Dkernel_0_0_1080_1920_0_0_1_2_2_1_1_1920_3_3_1_s_fu_133/grp_xFFilter2Dkernel_Pipeline_COL_LOOP_fu_194/grp_xFApplyFilter2D_0_0_3_3_1_s_fu_381/p_kernel_filter_2_2_val_int_reg[7]
    SLICE_X38Y31         SRL16E                                       r  filter2D_0_3_3_0_0_1080_1920_1_2_2_U0/grp_xFFilter2Dkernel_0_0_1080_1920_0_0_1_2_2_1_1_1920_3_3_1_s_fu_133/grp_xFFilter2Dkernel_Pipeline_COL_LOOP_fu_194/grp_xFApplyFilter2D_0_0_3_3_1_s_fu_381/p_kernel_filter_2_2_val_read_reg_408_pp0_iter1_reg_reg[7]_srl2/D
  -------------------------------------------------------------------    -------------------

                         (clock ap_clk rise edge)     0.000     0.000 r  <hidden>
                                                      0.000     0.000 r  ap_clk
                         net (fo=1564, unset)         0.432     0.432    filter2D_0_3_3_0_0_1080_1920_1_2_2_U0/grp_xFFilter2Dkernel_0_0_1080_1920_0_0_1_2_2_1_1_1920_3_3_1_s_fu_133/grp_xFFilter2Dkernel_Pipeline_COL_LOOP_fu_194/grp_xFApplyFilter2D_0_0_3_3_1_s_fu_381/ap_clk
    SLICE_X38Y31         SRL16E                                       r  filter2D_0_3_3_0_0_1080_1920_1_2_2_U0/grp_xFFilter2Dkernel_0_0_1080_1920_0_0_1_2_2_1_1_1920_3_3_1_s_fu_133/grp_xFFilter2Dkernel_Pipeline_COL_LOOP_fu_194/grp_xFApplyFilter2D_0_0_3_3_1_s_fu_381/p_kernel_filter_2_2_val_read_reg_408_pp0_iter1_reg_reg[7]_srl2/CLK
                         clock pessimism              0.000     0.432    <hidden>
    SLICE_X38Y31         SRL16E (Hold_srl16e_CLK_D)
                                                      0.130     0.562    filter2D_0_3_3_0_0_1080_1920_1_2_2_U0/grp_xFFilter2Dkernel_0_0_1080_1920_0_0_1_2_2_1_1_1920_3_3_1_s_fu_133/grp_xFFilter2Dkernel_Pipeline_COL_LOOP_fu_194/grp_xFApplyFilter2D_0_0_3_3_1_s_fu_381/p_kernel_filter_2_2_val_read_reg_408_pp0_iter1_reg_reg[7]_srl2
  -------------------------------------------------------------------
                         required time                         -0.562    <hidden>
                         arrival time                           0.652    <hidden>
  -------------------------------------------------------------------
                         slack                                  0.090    <hidden>

Slack (MET) :             0.098ns  (arrival time - required time)
  Source:                 AXIvideo2xfMat_8_0_1080_1920_1_2_U0/p_0_0_0_07816_lcssa32_fu_90_reg[4]/C
                            (rising edge-triggered cell FDRE clocked by ap_clk  {rise@0.000ns fall@3.367ns period=6.734ns})
  Destination:            AXIvideo2xfMat_8_0_1080_1920_1_2_U0/grp_AXIvideo2xfMat_8_0_1080_1920_1_2_Pipeline_loop_col_zxi2mat_fu_180/p_0_0_0_07815_fu_86_reg[4]/D
                            (rising edge-triggered cell FDRE clocked by ap_clk  {rise@0.000ns fall@3.367ns period=6.734ns})
  Path Group:             ap_clk
  Path Type:              Hold (Min at Fast Process Corner)
  Requirement:            0.000ns  (ap_clk rise@0.000ns - ap_clk rise@0.000ns)
  Data Path Delay:        0.240ns  (logic 0.186ns (77.466%)  route 0.054ns (22.534%))
  Logic Levels:           1  (LUT4=1)
  Clock Path Skew:        0.022ns (DCD - SCD - CPR)
    Destination Clock Delay (DCD):    0.432ns
    Source Clock Delay      (SCD):    0.410ns
    Clock Pessimism Removal (CPR):    -0.000ns

    Location             Delay type                Incr(ns)  Path(ns)    Netlist Resource(s)
  -------------------------------------------------------------------    -------------------
                         (clock ap_clk rise edge)     0.000     0.000 r  <hidden>
                                                      0.000     0.000 r  ap_clk
                         net (fo=1564, unset)         0.410     0.410    AXIvideo2xfMat_8_0_1080_1920_1_2_U0/ap_clk
    SLICE_X23Y46         FDRE                                         r  AXIvideo2xfMat_8_0_1080_1920_1_2_U0/p_0_0_0_07816_lcssa32_fu_90_reg[4]/C
  -------------------------------------------------------------------    -------------------
    SLICE_X23Y46         FDRE (Prop_fdre_C_Q)         0.141     0.551 r  AXIvideo2xfMat_8_0_1080_1920_1_2_U0/p_0_0_0_07816_lcssa32_fu_90_reg[4]/Q
                         net (fo=1, routed)           0.054     0.605    AXIvideo2xfMat_8_0_1080_1920_1_2_U0/grp_AXIvideo2xfMat_8_0_1080_1920_1_2_Pipeline_loop_col_zxi2mat_fu_180/flow_control_loop_pipe_sequential_init_U/p_0_0_0_07815_fu_86_reg[7][4]
    SLICE_X22Y46         LUT4 (Prop_lut4_I0_O)        0.045     0.650 r  AXIvideo2xfMat_8_0_1080_1920_1_2_U0/grp_AXIvideo2xfMat_8_0_1080_1920_1_2_Pipeline_loop_col_zxi2mat_fu_180/flow_control_loop_pipe_sequential_init_U/p_0_0_0_07815_fu_86[4]_i_1/O
                         net (fo=1, routed)           0.000     0.650    AXIvideo2xfMat_8_0_1080_1920_1_2_U0/grp_AXIvideo2xfMat_8_0_1080_1920_1_2_Pipeline_loop_col_zxi2mat_fu_180/p_0_in[4]
    SLICE_X22Y46         FDRE                                         r  AXIvideo2xfMat_8_0_1080_1920_1_2_U0/grp_AXIvideo2xfMat_8_0_1080_1920_1_2_Pipeline_loop_col_zxi2mat_fu_180/p_0_0_0_07815_fu_86_reg[4]/D
  -------------------------------------------------------------------    -------------------

                         (clock ap_clk rise edge)     0.000     0.000 r  <hidden>
                                                      0.000     0.000 r  ap_clk
                         net (fo=1564, unset)         0.432     0.432    AXIvideo2xfMat_8_0_1080_1920_1_2_U0/grp_AXIvideo2xfMat_8_0_1080_1920_1_2_Pipeline_loop_col_zxi2mat_fu_180/ap_clk
    SLICE_X22Y46         FDRE                                         r  AXIvideo2xfMat_8_0_1080_1920_1_2_U0/grp_AXIvideo2xfMat_8_0_1080_1920_1_2_Pipeline_loop_col_zxi2mat_fu_180/p_0_0_0_07815_fu_86_reg[4]/C
                         clock pessimism              0.000     0.432    <hidden>
    SLICE_X22Y46         FDRE (Hold_fdre_C_D)         0.121     0.553    AXIvideo2xfMat_8_0_1080_1920_1_2_U0/grp_AXIvideo2xfMat_8_0_1080_1920_1_2_Pipeline_loop_col_zxi2mat_fu_180/p_0_0_0_07815_fu_86_reg[4]
  -------------------------------------------------------------------
                         required time                         -0.553    <hidden>
                         arrival time                           0.650    <hidden>
  -------------------------------------------------------------------
                         slack                                  0.098    <hidden>

Slack (MET) :             0.098ns  (arrival time - required time)
  Source:                 Loop_VITIS_LOOP_25_1_proc_U0/zext_ln25_reg_112_reg[1]/C
                            (rising edge-triggered cell FDRE clocked by ap_clk  {rise@0.000ns fall@3.367ns period=6.734ns})
  Destination:            lcoef_U/filter2d_top_lcoef_RAM_AUTO_1R1W_memcore_U/ram_reg_0_31_12_15/RAMA/WADR2
                            (rising edge-triggered cell RAMD32 clocked by ap_clk  {rise@0.000ns fall@3.367ns period=6.734ns})
  Path Group:             ap_clk
  Path Type:              Hold (Min at Fast Process Corner)
  Requirement:            0.000ns  (ap_clk rise@0.000ns - ap_clk rise@0.000ns)
  Data Path Delay:        0.374ns  (logic 0.164ns (43.905%)  route 0.210ns (56.095%))
  Logic Levels:           0  
  Clock Path Skew:        0.022ns (DCD - SCD - CPR)
    Destination Clock Delay (DCD):    0.432ns
    Source Clock Delay      (SCD):    0.410ns
    Clock Pessimism Removal (CPR):    -0.000ns

    Location             Delay type                Incr(ns)  Path(ns)    Netlist Resource(s)
  -------------------------------------------------------------------    -------------------
                         (clock ap_clk rise edge)     0.000     0.000 r  <hidden>
                                                      0.000     0.000 r  ap_clk
                         net (fo=1564, unset)         0.410     0.410    Loop_VITIS_LOOP_25_1_proc_U0/ap_clk
    SLICE_X42Y45         FDRE                                         r  Loop_VITIS_LOOP_25_1_proc_U0/zext_ln25_reg_112_reg[1]/C
  -------------------------------------------------------------------    -------------------
    SLICE_X42Y45         FDRE (Prop_fdre_C_Q)         0.164     0.574 r  Loop_VITIS_LOOP_25_1_proc_U0/zext_ln25_reg_112_reg[1]/Q
                         net (fo=24, routed)          0.210     0.784    lcoef_U/filter2d_top_lcoef_RAM_AUTO_1R1W_memcore_U/ram_reg_0_31_12_15/ADDRD2
    SLICE_X38Y45         RAMD32                                       r  lcoef_U/filter2d_top_lcoef_RAM_AUTO_1R1W_memcore_U/ram_reg_0_31_12_15/RAMA/WADR2
  -------------------------------------------------------------------    -------------------

                         (clock ap_clk rise edge)     0.000     0.000 r  <hidden>
                                                      0.000     0.000 r  ap_clk
                         net (fo=1564, unset)         0.432     0.432    lcoef_U/filter2d_top_lcoef_RAM_AUTO_1R1W_memcore_U/ram_reg_0_31_12_15/WCLK
    SLICE_X38Y45         RAMD32                                       r  lcoef_U/filter2d_top_lcoef_RAM_AUTO_1R1W_memcore_U/ram_reg_0_31_12_15/RAMA/CLK
                         clock pessimism              0.000     0.432    <hidden>
    SLICE_X38Y45         RAMD32 (Hold_ramd32_CLK_WADR2)
                                                      0.254     0.686    lcoef_U/filter2d_top_lcoef_RAM_AUTO_1R1W_memcore_U/ram_reg_0_31_12_15/RAMA
  -------------------------------------------------------------------
                         required time                         -0.686    <hidden>
                         arrival time                           0.784    <hidden>
  -------------------------------------------------------------------
                         slack                                  0.098    <hidden>

Slack (MET) :             0.098ns  (arrival time - required time)
  Source:                 Loop_VITIS_LOOP_25_1_proc_U0/zext_ln25_reg_112_reg[1]/C
                            (rising edge-triggered cell FDRE clocked by ap_clk  {rise@0.000ns fall@3.367ns period=6.734ns})
  Destination:            lcoef_U/filter2d_top_lcoef_RAM_AUTO_1R1W_memcore_U/ram_reg_0_31_12_15/RAMA_D1/WADR2
                            (rising edge-triggered cell RAMD32 clocked by ap_clk  {rise@0.000ns fall@3.367ns period=6.734ns})
  Path Group:             ap_clk
  Path Type:              Hold (Min at Fast Process Corner)
  Requirement:            0.000ns  (ap_clk rise@0.000ns - ap_clk rise@0.000ns)
  Data Path Delay:        0.374ns  (logic 0.164ns (43.905%)  route 0.210ns (56.095%))
  Logic Levels:           0  
  Clock Path Skew:        0.022ns (DCD - SCD - CPR)
    Destination Clock Delay (DCD):    0.432ns
    Source Clock Delay      (SCD):    0.410ns
    Clock Pessimism Removal (CPR):    -0.000ns

    Location             Delay type                Incr(ns)  Path(ns)    Netlist Resource(s)
  -------------------------------------------------------------------    -------------------
                         (clock ap_clk rise edge)     0.000     0.000 r  <hidden>
                                                      0.000     0.000 r  ap_clk
                         net (fo=1564, unset)         0.410     0.410    Loop_VITIS_LOOP_25_1_proc_U0/ap_clk
    SLICE_X42Y45         FDRE                                         r  Loop_VITIS_LOOP_25_1_proc_U0/zext_ln25_reg_112_reg[1]/C
  -------------------------------------------------------------------    -------------------
    SLICE_X42Y45         FDRE (Prop_fdre_C_Q)         0.164     0.574 r  Loop_VITIS_LOOP_25_1_proc_U0/zext_ln25_reg_112_reg[1]/Q
                         net (fo=24, routed)          0.210     0.784    lcoef_U/filter2d_top_lcoef_RAM_AUTO_1R1W_memcore_U/ram_reg_0_31_12_15/ADDRD2
    SLICE_X38Y45         RAMD32                                       r  lcoef_U/filter2d_top_lcoef_RAM_AUTO_1R1W_memcore_U/ram_reg_0_31_12_15/RAMA_D1/WADR2
  -------------------------------------------------------------------    -------------------

                         (clock ap_clk rise edge)     0.000     0.000 r  <hidden>
                                                      0.000     0.000 r  ap_clk
                         net (fo=1564, unset)         0.432     0.432    lcoef_U/filter2d_top_lcoef_RAM_AUTO_1R1W_memcore_U/ram_reg_0_31_12_15/WCLK
    SLICE_X38Y45         RAMD32                                       r  lcoef_U/filter2d_top_lcoef_RAM_AUTO_1R1W_memcore_U/ram_reg_0_31_12_15/RAMA_D1/CLK
                         clock pessimism              0.000     0.432    <hidden>
    SLICE_X38Y45         RAMD32 (Hold_ramd32_CLK_WADR2)
                                                      0.254     0.686    lcoef_U/filter2d_top_lcoef_RAM_AUTO_1R1W_memcore_U/ram_reg_0_31_12_15/RAMA_D1
  -------------------------------------------------------------------
                         required time                         -0.686    <hidden>
                         arrival time                           0.784    <hidden>
  -------------------------------------------------------------------
                         slack                                  0.098    <hidden>

Slack (MET) :             0.098ns  (arrival time - required time)
  Source:                 Loop_VITIS_LOOP_25_1_proc_U0/zext_ln25_reg_112_reg[1]/C
                            (rising edge-triggered cell FDRE clocked by ap_clk  {rise@0.000ns fall@3.367ns period=6.734ns})
  Destination:            lcoef_U/filter2d_top_lcoef_RAM_AUTO_1R1W_memcore_U/ram_reg_0_31_12_15/RAMB/WADR2
                            (rising edge-triggered cell RAMD32 clocked by ap_clk  {rise@0.000ns fall@3.367ns period=6.734ns})
  Path Group:             ap_clk
  Path Type:              Hold (Min at Fast Process Corner)
  Requirement:            0.000ns  (ap_clk rise@0.000ns - ap_clk rise@0.000ns)
  Data Path Delay:        0.374ns  (logic 0.164ns (43.905%)  route 0.210ns (56.095%))
  Logic Levels:           0  
  Clock Path Skew:        0.022ns (DCD - SCD - CPR)
    Destination Clock Delay (DCD):    0.432ns
    Source Clock Delay      (SCD):    0.410ns
    Clock Pessimism Removal (CPR):    -0.000ns

    Location             Delay type                Incr(ns)  Path(ns)    Netlist Resource(s)
  -------------------------------------------------------------------    -------------------
                         (clock ap_clk rise edge)     0.000     0.000 r  <hidden>
                                                      0.000     0.000 r  ap_clk
                         net (fo=1564, unset)         0.410     0.410    Loop_VITIS_LOOP_25_1_proc_U0/ap_clk
    SLICE_X42Y45         FDRE                                         r  Loop_VITIS_LOOP_25_1_proc_U0/zext_ln25_reg_112_reg[1]/C
  -------------------------------------------------------------------    -------------------
    SLICE_X42Y45         FDRE (Prop_fdre_C_Q)         0.164     0.574 r  Loop_VITIS_LOOP_25_1_proc_U0/zext_ln25_reg_112_reg[1]/Q
                         net (fo=24, routed)          0.210     0.784    lcoef_U/filter2d_top_lcoef_RAM_AUTO_1R1W_memcore_U/ram_reg_0_31_12_15/ADDRD2
    SLICE_X38Y45         RAMD32                                       r  lcoef_U/filter2d_top_lcoef_RAM_AUTO_1R1W_memcore_U/ram_reg_0_31_12_15/RAMB/WADR2
  -------------------------------------------------------------------    -------------------

                         (clock ap_clk rise edge)     0.000     0.000 r  <hidden>
                                                      0.000     0.000 r  ap_clk
                         net (fo=1564, unset)         0.432     0.432    lcoef_U/filter2d_top_lcoef_RAM_AUTO_1R1W_memcore_U/ram_reg_0_31_12_15/WCLK
    SLICE_X38Y45         RAMD32                                       r  lcoef_U/filter2d_top_lcoef_RAM_AUTO_1R1W_memcore_U/ram_reg_0_31_12_15/RAMB/CLK
                         clock pessimism              0.000     0.432    <hidden>
    SLICE_X38Y45         RAMD32 (Hold_ramd32_CLK_WADR2)
                                                      0.254     0.686    lcoef_U/filter2d_top_lcoef_RAM_AUTO_1R1W_memcore_U/ram_reg_0_31_12_15/RAMB
  -------------------------------------------------------------------
                         required time                         -0.686    <hidden>
                         arrival time                           0.784    <hidden>
  -------------------------------------------------------------------
                         slack                                  0.098    <hidden>

Slack (MET) :             0.098ns  (arrival time - required time)
  Source:                 Loop_VITIS_LOOP_25_1_proc_U0/zext_ln25_reg_112_reg[1]/C
                            (rising edge-triggered cell FDRE clocked by ap_clk  {rise@0.000ns fall@3.367ns period=6.734ns})
  Destination:            lcoef_U/filter2d_top_lcoef_RAM_AUTO_1R1W_memcore_U/ram_reg_0_31_12_15/RAMB_D1/WADR2
                            (rising edge-triggered cell RAMD32 clocked by ap_clk  {rise@0.000ns fall@3.367ns period=6.734ns})
  Path Group:             ap_clk
  Path Type:              Hold (Min at Fast Process Corner)
  Requirement:            0.000ns  (ap_clk rise@0.000ns - ap_clk rise@0.000ns)
  Data Path Delay:        0.374ns  (logic 0.164ns (43.905%)  route 0.210ns (56.095%))
  Logic Levels:           0  
  Clock Path Skew:        0.022ns (DCD - SCD - CPR)
    Destination Clock Delay (DCD):    0.432ns
    Source Clock Delay      (SCD):    0.410ns
    Clock Pessimism Removal (CPR):    -0.000ns

    Location             Delay type                Incr(ns)  Path(ns)    Netlist Resource(s)
  -------------------------------------------------------------------    -------------------
                         (clock ap_clk rise edge)     0.000     0.000 r  <hidden>
                                                      0.000     0.000 r  ap_clk
                         net (fo=1564, unset)         0.410     0.410    Loop_VITIS_LOOP_25_1_proc_U0/ap_clk
    SLICE_X42Y45         FDRE                                         r  Loop_VITIS_LOOP_25_1_proc_U0/zext_ln25_reg_112_reg[1]/C
  -------------------------------------------------------------------    -------------------
    SLICE_X42Y45         FDRE (Prop_fdre_C_Q)         0.164     0.574 r  Loop_VITIS_LOOP_25_1_proc_U0/zext_ln25_reg_112_reg[1]/Q
                         net (fo=24, routed)          0.210     0.784    lcoef_U/filter2d_top_lcoef_RAM_AUTO_1R1W_memcore_U/ram_reg_0_31_12_15/ADDRD2
    SLICE_X38Y45         RAMD32                                       r  lcoef_U/filter2d_top_lcoef_RAM_AUTO_1R1W_memcore_U/ram_reg_0_31_12_15/RAMB_D1/WADR2
  -------------------------------------------------------------------    -------------------

                         (clock ap_clk rise edge)     0.000     0.000 r  <hidden>
                                                      0.000     0.000 r  ap_clk
                         net (fo=1564, unset)         0.432     0.432    lcoef_U/filter2d_top_lcoef_RAM_AUTO_1R1W_memcore_U/ram_reg_0_31_12_15/WCLK
    SLICE_X38Y45         RAMD32                                       r  lcoef_U/filter2d_top_lcoef_RAM_AUTO_1R1W_memcore_U/ram_reg_0_31_12_15/RAMB_D1/CLK
                         clock pessimism              0.000     0.432    <hidden>
    SLICE_X38Y45         RAMD32 (Hold_ramd32_CLK_WADR2)
                                                      0.254     0.686    lcoef_U/filter2d_top_lcoef_RAM_AUTO_1R1W_memcore_U/ram_reg_0_31_12_15/RAMB_D1
  -------------------------------------------------------------------
                         required time                         -0.686    <hidden>
                         arrival time                           0.784    <hidden>
  -------------------------------------------------------------------
                         slack                                  0.098    <hidden>

Slack (MET) :             0.098ns  (arrival time - required time)
  Source:                 Loop_VITIS_LOOP_25_1_proc_U0/zext_ln25_reg_112_reg[1]/C
                            (rising edge-triggered cell FDRE clocked by ap_clk  {rise@0.000ns fall@3.367ns period=6.734ns})
  Destination:            lcoef_U/filter2d_top_lcoef_RAM_AUTO_1R1W_memcore_U/ram_reg_0_31_12_15/RAMC/WADR2
                            (rising edge-triggered cell RAMD32 clocked by ap_clk  {rise@0.000ns fall@3.367ns period=6.734ns})
  Path Group:             ap_clk
  Path Type:              Hold (Min at Fast Process Corner)
  Requirement:            0.000ns  (ap_clk rise@0.000ns - ap_clk rise@0.000ns)
  Data Path Delay:        0.374ns  (logic 0.164ns (43.905%)  route 0.210ns (56.095%))
  Logic Levels:           0  
  Clock Path Skew:        0.022ns (DCD - SCD - CPR)
    Destination Clock Delay (DCD):    0.432ns
    Source Clock Delay      (SCD):    0.410ns
    Clock Pessimism Removal (CPR):    -0.000ns

    Location             Delay type                Incr(ns)  Path(ns)    Netlist Resource(s)
  -------------------------------------------------------------------    -------------------
                         (clock ap_clk rise edge)     0.000     0.000 r  <hidden>
                                                      0.000     0.000 r  ap_clk
                         net (fo=1564, unset)         0.410     0.410    Loop_VITIS_LOOP_25_1_proc_U0/ap_clk
    SLICE_X42Y45         FDRE                                         r  Loop_VITIS_LOOP_25_1_proc_U0/zext_ln25_reg_112_reg[1]/C
  -------------------------------------------------------------------    -------------------
    SLICE_X42Y45         FDRE (Prop_fdre_C_Q)         0.164     0.574 r  Loop_VITIS_LOOP_25_1_proc_U0/zext_ln25_reg_112_reg[1]/Q
                         net (fo=24, routed)          0.210     0.784    lcoef_U/filter2d_top_lcoef_RAM_AUTO_1R1W_memcore_U/ram_reg_0_31_12_15/ADDRD2
    SLICE_X38Y45         RAMD32                                       r  lcoef_U/filter2d_top_lcoef_RAM_AUTO_1R1W_memcore_U/ram_reg_0_31_12_15/RAMC/WADR2
  -------------------------------------------------------------------    -------------------

                         (clock ap_clk rise edge)     0.000     0.000 r  <hidden>
                                                      0.000     0.000 r  ap_clk
                         net (fo=1564, unset)         0.432     0.432    lcoef_U/filter2d_top_lcoef_RAM_AUTO_1R1W_memcore_U/ram_reg_0_31_12_15/WCLK
    SLICE_X38Y45         RAMD32                                       r  lcoef_U/filter2d_top_lcoef_RAM_AUTO_1R1W_memcore_U/ram_reg_0_31_12_15/RAMC/CLK
                         clock pessimism              0.000     0.432    <hidden>
    SLICE_X38Y45         RAMD32 (Hold_ramd32_CLK_WADR2)
                                                      0.254     0.686    lcoef_U/filter2d_top_lcoef_RAM_AUTO_1R1W_memcore_U/ram_reg_0_31_12_15/RAMC
  -------------------------------------------------------------------
                         required time                         -0.686    <hidden>
                         arrival time                           0.784    <hidden>
  -------------------------------------------------------------------
                         slack                                  0.098    <hidden>

Slack (MET) :             0.098ns  (arrival time - required time)
  Source:                 Loop_VITIS_LOOP_25_1_proc_U0/zext_ln25_reg_112_reg[1]/C
                            (rising edge-triggered cell FDRE clocked by ap_clk  {rise@0.000ns fall@3.367ns period=6.734ns})
  Destination:            lcoef_U/filter2d_top_lcoef_RAM_AUTO_1R1W_memcore_U/ram_reg_0_31_12_15/RAMC_D1/WADR2
                            (rising edge-triggered cell RAMD32 clocked by ap_clk  {rise@0.000ns fall@3.367ns period=6.734ns})
  Path Group:             ap_clk
  Path Type:              Hold (Min at Fast Process Corner)
  Requirement:            0.000ns  (ap_clk rise@0.000ns - ap_clk rise@0.000ns)
  Data Path Delay:        0.374ns  (logic 0.164ns (43.905%)  route 0.210ns (56.095%))
  Logic Levels:           0  
  Clock Path Skew:        0.022ns (DCD - SCD - CPR)
    Destination Clock Delay (DCD):    0.432ns
    Source Clock Delay      (SCD):    0.410ns
    Clock Pessimism Removal (CPR):    -0.000ns

    Location             Delay type                Incr(ns)  Path(ns)    Netlist Resource(s)
  -------------------------------------------------------------------    -------------------
                         (clock ap_clk rise edge)     0.000     0.000 r  <hidden>
                                                      0.000     0.000 r  ap_clk
                         net (fo=1564, unset)         0.410     0.410    Loop_VITIS_LOOP_25_1_proc_U0/ap_clk
    SLICE_X42Y45         FDRE                                         r  Loop_VITIS_LOOP_25_1_proc_U0/zext_ln25_reg_112_reg[1]/C
  -------------------------------------------------------------------    -------------------
    SLICE_X42Y45         FDRE (Prop_fdre_C_Q)         0.164     0.574 r  Loop_VITIS_LOOP_25_1_proc_U0/zext_ln25_reg_112_reg[1]/Q
                         net (fo=24, routed)          0.210     0.784    lcoef_U/filter2d_top_lcoef_RAM_AUTO_1R1W_memcore_U/ram_reg_0_31_12_15/ADDRD2
    SLICE_X38Y45         RAMD32                                       r  lcoef_U/filter2d_top_lcoef_RAM_AUTO_1R1W_memcore_U/ram_reg_0_31_12_15/RAMC_D1/WADR2
  -------------------------------------------------------------------    -------------------

                         (clock ap_clk rise edge)     0.000     0.000 r  <hidden>
                                                      0.000     0.000 r  ap_clk
                         net (fo=1564, unset)         0.432     0.432    lcoef_U/filter2d_top_lcoef_RAM_AUTO_1R1W_memcore_U/ram_reg_0_31_12_15/WCLK
    SLICE_X38Y45         RAMD32                                       r  lcoef_U/filter2d_top_lcoef_RAM_AUTO_1R1W_memcore_U/ram_reg_0_31_12_15/RAMC_D1/CLK
                         clock pessimism              0.000     0.432    <hidden>
    SLICE_X38Y45         RAMD32 (Hold_ramd32_CLK_WADR2)
                                                      0.254     0.686    lcoef_U/filter2d_top_lcoef_RAM_AUTO_1R1W_memcore_U/ram_reg_0_31_12_15/RAMC_D1
  -------------------------------------------------------------------
                         required time                         -0.686    <hidden>
                         arrival time                           0.784    <hidden>
  -------------------------------------------------------------------
                         slack                                  0.098    <hidden>

Slack (MET) :             0.098ns  (arrival time - required time)
  Source:                 Loop_VITIS_LOOP_25_1_proc_U0/zext_ln25_reg_112_reg[1]/C
                            (rising edge-triggered cell FDRE clocked by ap_clk  {rise@0.000ns fall@3.367ns period=6.734ns})
  Destination:            lcoef_U/filter2d_top_lcoef_RAM_AUTO_1R1W_memcore_U/ram_reg_0_31_12_15/RAMD/ADR2
                            (rising edge-triggered cell RAMS32 clocked by ap_clk  {rise@0.000ns fall@3.367ns period=6.734ns})
  Path Group:             ap_clk
  Path Type:              Hold (Min at Fast Process Corner)
  Requirement:            0.000ns  (ap_clk rise@0.000ns - ap_clk rise@0.000ns)
  Data Path Delay:        0.374ns  (logic 0.164ns (43.905%)  route 0.210ns (56.095%))
  Logic Levels:           0  
  Clock Path Skew:        0.022ns (DCD - SCD - CPR)
    Destination Clock Delay (DCD):    0.432ns
    Source Clock Delay      (SCD):    0.410ns
    Clock Pessimism Removal (CPR):    -0.000ns

    Location             Delay type                Incr(ns)  Path(ns)    Netlist Resource(s)
  -------------------------------------------------------------------    -------------------
                         (clock ap_clk rise edge)     0.000     0.000 r  <hidden>
                                                      0.000     0.000 r  ap_clk
                         net (fo=1564, unset)         0.410     0.410    Loop_VITIS_LOOP_25_1_proc_U0/ap_clk
    SLICE_X42Y45         FDRE                                         r  Loop_VITIS_LOOP_25_1_proc_U0/zext_ln25_reg_112_reg[1]/C
  -------------------------------------------------------------------    -------------------
    SLICE_X42Y45         FDRE (Prop_fdre_C_Q)         0.164     0.574 r  Loop_VITIS_LOOP_25_1_proc_U0/zext_ln25_reg_112_reg[1]/Q
                         net (fo=24, routed)          0.210     0.784    lcoef_U/filter2d_top_lcoef_RAM_AUTO_1R1W_memcore_U/ram_reg_0_31_12_15/ADDRD2
    SLICE_X38Y45         RAMS32                                       r  lcoef_U/filter2d_top_lcoef_RAM_AUTO_1R1W_memcore_U/ram_reg_0_31_12_15/RAMD/ADR2
  -------------------------------------------------------------------    -------------------

                         (clock ap_clk rise edge)     0.000     0.000 r  <hidden>
                                                      0.000     0.000 r  ap_clk
                         net (fo=1564, unset)         0.432     0.432    lcoef_U/filter2d_top_lcoef_RAM_AUTO_1R1W_memcore_U/ram_reg_0_31_12_15/WCLK
    SLICE_X38Y45         RAMS32                                       r  lcoef_U/filter2d_top_lcoef_RAM_AUTO_1R1W_memcore_U/ram_reg_0_31_12_15/RAMD/CLK
                         clock pessimism              0.000     0.432    <hidden>
    SLICE_X38Y45         RAMS32 (Hold_rams32_CLK_ADR2)
                                                      0.254     0.686    lcoef_U/filter2d_top_lcoef_RAM_AUTO_1R1W_memcore_U/ram_reg_0_31_12_15/RAMD
  -------------------------------------------------------------------
                         required time                         -0.686    <hidden>
                         arrival time                           0.784    <hidden>
  -------------------------------------------------------------------
                         slack                                  0.098    <hidden>

Slack (MET) :             0.098ns  (arrival time - required time)
  Source:                 Loop_VITIS_LOOP_25_1_proc_U0/zext_ln25_reg_112_reg[1]/C
                            (rising edge-triggered cell FDRE clocked by ap_clk  {rise@0.000ns fall@3.367ns period=6.734ns})
  Destination:            lcoef_U/filter2d_top_lcoef_RAM_AUTO_1R1W_memcore_U/ram_reg_0_31_12_15/RAMD_D1/ADR2
                            (rising edge-triggered cell RAMS32 clocked by ap_clk  {rise@0.000ns fall@3.367ns period=6.734ns})
  Path Group:             ap_clk
  Path Type:              Hold (Min at Fast Process Corner)
  Requirement:            0.000ns  (ap_clk rise@0.000ns - ap_clk rise@0.000ns)
  Data Path Delay:        0.374ns  (logic 0.164ns (43.905%)  route 0.210ns (56.095%))
  Logic Levels:           0  
  Clock Path Skew:        0.022ns (DCD - SCD - CPR)
    Destination Clock Delay (DCD):    0.432ns
    Source Clock Delay      (SCD):    0.410ns
    Clock Pessimism Removal (CPR):    -0.000ns

    Location             Delay type                Incr(ns)  Path(ns)    Netlist Resource(s)
  -------------------------------------------------------------------    -------------------
                         (clock ap_clk rise edge)     0.000     0.000 r  <hidden>
                                                      0.000     0.000 r  ap_clk
                         net (fo=1564, unset)         0.410     0.410    Loop_VITIS_LOOP_25_1_proc_U0/ap_clk
    SLICE_X42Y45         FDRE                                         r  Loop_VITIS_LOOP_25_1_proc_U0/zext_ln25_reg_112_reg[1]/C
  -------------------------------------------------------------------    -------------------
    SLICE_X42Y45         FDRE (Prop_fdre_C_Q)         0.164     0.574 r  Loop_VITIS_LOOP_25_1_proc_U0/zext_ln25_reg_112_reg[1]/Q
                         net (fo=24, routed)          0.210     0.784    lcoef_U/filter2d_top_lcoef_RAM_AUTO_1R1W_memcore_U/ram_reg_0_31_12_15/ADDRD2
    SLICE_X38Y45         RAMS32                                       r  lcoef_U/filter2d_top_lcoef_RAM_AUTO_1R1W_memcore_U/ram_reg_0_31_12_15/RAMD_D1/ADR2
  -------------------------------------------------------------------    -------------------

                         (clock ap_clk rise edge)     0.000     0.000 r  <hidden>
                                                      0.000     0.000 r  ap_clk
                         net (fo=1564, unset)         0.432     0.432    lcoef_U/filter2d_top_lcoef_RAM_AUTO_1R1W_memcore_U/ram_reg_0_31_12_15/WCLK
    SLICE_X38Y45         RAMS32                                       r  lcoef_U/filter2d_top_lcoef_RAM_AUTO_1R1W_memcore_U/ram_reg_0_31_12_15/RAMD_D1/CLK
                         clock pessimism              0.000     0.432    <hidden>
    SLICE_X38Y45         RAMS32 (Hold_rams32_CLK_ADR2)
                                                      0.254     0.686    lcoef_U/filter2d_top_lcoef_RAM_AUTO_1R1W_memcore_U/ram_reg_0_31_12_15/RAMD_D1
  -------------------------------------------------------------------
                         required time                         -0.686    <hidden>
                         arrival time                           0.784    <hidden>
  -------------------------------------------------------------------
                         slack                                  0.098    <hidden>





Pulse Width Checks
--------------------------------------------------------------------------------------
Clock Name:         ap_clk
Waveform(ns):       { 0.000 3.367 }
Period(ns):         6.734
Sources:            { ap_clk }

Check Type        Corner  Lib Pin             Reference Pin  Required(ns)  Actual(ns)  Slack(ns)  Location      Pin
Min Period        n/a     RAMB18E1/CLKARDCLK  n/a            2.944         6.734       3.790      RAMB18_X1Y14  filter2D_0_3_3_0_0_1080_1920_1_2_2_U0/grp_xFFilter2Dkernel_0_0_1080_1920_0_0_1_2_2_1_1_1920_3_3_1_s_fu_133/grp_xFFilter2Dkernel_Pipeline_COL_LOOP_fu_194/k_buf_1_U/ram_reg/CLKARDCLK
Min Period        n/a     RAMB18E1/CLKARDCLK  n/a            2.944         6.734       3.790      RAMB18_X1Y15  filter2D_0_3_3_0_0_1080_1920_1_2_2_U0/grp_xFFilter2Dkernel_0_0_1080_1920_0_0_1_2_2_1_1_1920_3_3_1_s_fu_133/grp_xFFilter2Dkernel_Pipeline_COL_LOOP_fu_194/k_buf_2_U/ram_reg/CLKARDCLK
Min Period        n/a     RAMB18E1/CLKARDCLK  n/a            2.944         6.734       3.790      RAMB18_X1Y16  filter2D_0_3_3_0_0_1080_1920_1_2_2_U0/grp_xFFilter2Dkernel_0_0_1080_1920_0_0_1_2_2_1_1_1920_3_3_1_s_fu_133/grp_xFFilter2Dkernel_Pipeline_COL_LOOP_fu_194/k_buf_U/ram_reg/CLKARDCLK
Min Period        n/a     RAMB18E1/CLKBWRCLK  n/a            2.576         6.734       4.158      RAMB18_X1Y14  filter2D_0_3_3_0_0_1080_1920_1_2_2_U0/grp_xFFilter2Dkernel_0_0_1080_1920_0_0_1_2_2_1_1_1920_3_3_1_s_fu_133/grp_xFFilter2Dkernel_Pipeline_COL_LOOP_fu_194/k_buf_1_U/ram_reg/CLKBWRCLK
Min Period        n/a     RAMB18E1/CLKBWRCLK  n/a            2.576         6.734       4.158      RAMB18_X1Y15  filter2D_0_3_3_0_0_1080_1920_1_2_2_U0/grp_xFFilter2Dkernel_0_0_1080_1920_0_0_1_2_2_1_1_1920_3_3_1_s_fu_133/grp_xFFilter2Dkernel_Pipeline_COL_LOOP_fu_194/k_buf_2_U/ram_reg/CLKBWRCLK
Min Period        n/a     RAMB18E1/CLKBWRCLK  n/a            2.576         6.734       4.158      RAMB18_X1Y16  filter2D_0_3_3_0_0_1080_1920_1_2_2_U0/grp_xFFilter2Dkernel_0_0_1080_1920_0_0_1_2_2_1_1_1920_3_3_1_s_fu_133/grp_xFFilter2Dkernel_Pipeline_COL_LOOP_fu_194/k_buf_U/ram_reg/CLKBWRCLK
Min Period        n/a     DSP48E1/CLK         n/a            2.154         6.734       4.580      DSP48_X1Y11   filter2D_0_3_3_0_0_1080_1920_1_2_2_U0/grp_xFFilter2Dkernel_0_0_1080_1920_0_0_1_2_2_1_1_1920_3_3_1_s_fu_133/grp_xFFilter2Dkernel_Pipeline_COL_LOOP_fu_194/grp_xFApplyFilter2D_0_0_3_3_1_s_fu_381/temp_4_reg_503_reg/CLK
Min Period        n/a     DSP48E1/CLK         n/a            2.154         6.734       4.580      DSP48_X2Y17   filter2D_0_3_3_0_0_1080_1920_1_2_2_U0/grp_xFFilter2Dkernel_0_0_1080_1920_0_0_1_2_2_1_1_1920_3_3_1_s_fu_133/grp_xFFilter2Dkernel_Pipeline_COL_LOOP_fu_194/grp_xFApplyFilter2D_0_0_3_3_1_s_fu_381/temp_8_reg_518_reg/CLK
Min Period        n/a     DSP48E1/CLK         n/a            2.154         6.734       4.580      DSP48_X1Y13   filter2D_0_3_3_0_0_1080_1920_1_2_2_U0/grp_xFFilter2Dkernel_0_0_1080_1920_0_0_1_2_2_1_1_1920_3_3_1_s_fu_133/grp_xFFilter2Dkernel_Pipeline_COL_LOOP_fu_194/grp_xFApplyFilter2D_0_0_3_3_1_s_fu_381/temp_reg_498_reg/CLK
Min Period        n/a     DSP48E1/CLK         n/a            2.154         6.734       4.580      DSP48_X1Y12   filter2D_0_3_3_0_0_1080_1920_1_2_2_U0/grp_xFFilter2Dkernel_0_0_1080_1920_0_0_1_2_2_1_1_1920_3_3_1_s_fu_133/grp_xFFilter2Dkernel_Pipeline_COL_LOOP_fu_194/grp_xFApplyFilter2D_0_0_3_3_1_s_fu_381/mac_muladd_16s_8ns_24s_25_4_0_U70/filter2d_top_mac_muladd_16s_8ns_24s_25_4_0_DSP48_0_U/p_reg_reg/CLK
Low Pulse Width   Slow    RAMD32/CLK          n/a            1.250         3.367       2.117      SLICE_X42Y46  control_s_axi_U/int_coef/mem_reg_0_7_0_0/DP/CLK
Low Pulse Width   Fast    RAMD32/CLK          n/a            1.250         3.367       2.117      SLICE_X42Y46  control_s_axi_U/int_coef/mem_reg_0_7_0_0/DP/CLK
Low Pulse Width   Slow    RAMD32/CLK          n/a            1.250         3.367       2.117      SLICE_X42Y46  control_s_axi_U/int_coef/mem_reg_0_7_0_0/SP/CLK
Low Pulse Width   Fast    RAMD32/CLK          n/a            1.250         3.367       2.117      SLICE_X42Y46  control_s_axi_U/int_coef/mem_reg_0_7_0_0/SP/CLK
Low Pulse Width   Slow    RAMD32/CLK          n/a            1.250         3.367       2.117      SLICE_X42Y51  control_s_axi_U/int_coef/mem_reg_0_7_10_10/DP/CLK
Low Pulse Width   Fast    RAMD32/CLK          n/a            1.250         3.367       2.117      SLICE_X42Y51  control_s_axi_U/int_coef/mem_reg_0_7_10_10/DP/CLK
Low Pulse Width   Slow    RAMD32/CLK          n/a            1.250         3.367       2.117      SLICE_X42Y51  control_s_axi_U/int_coef/mem_reg_0_7_10_10/SP/CLK
Low Pulse Width   Fast    RAMD32/CLK          n/a            1.250         3.367       2.117      SLICE_X42Y51  control_s_axi_U/int_coef/mem_reg_0_7_10_10/SP/CLK
Low Pulse Width   Slow    RAMD32/CLK          n/a            1.250         3.367       2.117      SLICE_X42Y51  control_s_axi_U/int_coef/mem_reg_0_7_11_11/DP/CLK
Low Pulse Width   Fast    RAMD32/CLK          n/a            1.250         3.367       2.117      SLICE_X42Y51  control_s_axi_U/int_coef/mem_reg_0_7_11_11/DP/CLK
High Pulse Width  Slow    RAMD32/CLK          n/a            1.250         3.367       2.117      SLICE_X42Y46  control_s_axi_U/int_coef/mem_reg_0_7_0_0/DP/CLK
High Pulse Width  Fast    RAMD32/CLK          n/a            1.250         3.367       2.117      SLICE_X42Y46  control_s_axi_U/int_coef/mem_reg_0_7_0_0/DP/CLK
High Pulse Width  Slow    RAMD32/CLK          n/a            1.250         3.367       2.117      SLICE_X42Y46  control_s_axi_U/int_coef/mem_reg_0_7_0_0/SP/CLK
High Pulse Width  Fast    RAMD32/CLK          n/a            1.250         3.367       2.117      SLICE_X42Y46  control_s_axi_U/int_coef/mem_reg_0_7_0_0/SP/CLK
High Pulse Width  Slow    RAMD32/CLK          n/a            1.250         3.367       2.117      SLICE_X42Y51  control_s_axi_U/int_coef/mem_reg_0_7_10_10/DP/CLK
High Pulse Width  Fast    RAMD32/CLK          n/a            1.250         3.367       2.117      SLICE_X42Y51  control_s_axi_U/int_coef/mem_reg_0_7_10_10/DP/CLK
High Pulse Width  Slow    RAMD32/CLK          n/a            1.250         3.367       2.117      SLICE_X42Y51  control_s_axi_U/int_coef/mem_reg_0_7_10_10/SP/CLK
High Pulse Width  Fast    RAMD32/CLK          n/a            1.250         3.367       2.117      SLICE_X42Y51  control_s_axi_U/int_coef/mem_reg_0_7_10_10/SP/CLK
High Pulse Width  Slow    RAMD32/CLK          n/a            1.250         3.367       2.117      SLICE_X42Y51  control_s_axi_U/int_coef/mem_reg_0_7_11_11/DP/CLK
High Pulse Width  Fast    RAMD32/CLK          n/a            1.250         3.367       2.117      SLICE_X42Y51  control_s_axi_U/int_coef/mem_reg_0_7_11_11/DP/CLK



