Copyright 1986-2022 Xilinx, Inc. All Rights Reserved. Copyright 2022-2026 Advanced Micro Devices, Inc. All Rights Reserved.
---------------------------------------------------------------------------------------------------------------------------------------------
| Tool Version : Vivado v.2026.1 (win64) Build 6511674 Tue Jun 16 11:02:23 MDT 2026
| Date         : Wed Sep 30 14:34:47 2026
| Host         : <redacted> running 64-bit major release  (build 9200)
| Command      : report_utilization -hierarchical -file filter2d_top_extratiming_util_impl.rpt
| Design       : filter2d_top
| Device       : xc7z020clg400-1
| Speed File   : -1
| Design State : Physopt postRoute
---------------------------------------------------------------------------------------------------------------------------------------------

Utilization Design Information

Table of Contents
-----------------
1. Utilization by Hierarchy

1. Utilization by Hierarchy
---------------------------

+------------------------------------------------------------------------------+-------------------------------------------------------------------------+------------+------------+---------+------+------+--------+--------+------------+
|                                   Instance                                   |                                  Module                                 | Total LUTs | Logic LUTs | LUTRAMs | SRLs |  FFs | RAMB36 | RAMB18 | DSP Blocks |
+------------------------------------------------------------------------------+-------------------------------------------------------------------------+------------+------------+---------+------+------+--------+--------+------------+
| filter2d_top                                                                 |                                                                   (top) |        955 |        873 |      44 |   38 | 1392 |      0 |      3 |          9 |
|   (filter2d_top)                                                             |                                                                   (top) |          0 |          0 |       0 |    0 |    3 |      0 |      0 |          0 |
|   AXIvideo2xfMat_8_0_1080_1920_1_2_U0                                        |                         filter2d_top_AXIvideo2xfMat_8_0_1080_1920_1_2_s |        109 |        109 |       0 |    0 |  122 |      0 |      0 |          0 |
|     (AXIvideo2xfMat_8_0_1080_1920_1_2_U0)                                    |                         filter2d_top_AXIvideo2xfMat_8_0_1080_1920_1_2_s |         17 |         17 |       0 |    0 |   55 |      0 |      0 |          0 |
|     grp_AXIvideo2xfMat_8_0_1080_1920_1_2_Pipeline_loop_col_zxi2mat_fu_180    | filter2d_top_AXIvideo2xfMat_8_0_1080_1920_1_2_Pipeline_loop_col_zxi2mat |         50 |         50 |       0 |    0 |   29 |      0 |      0 |          0 |
|   control_s_axi_U                                                            |                                              filter2d_top_control_s_axi |        171 |        139 |      32 |    0 |  193 |      0 |      0 |          0 |
|     (control_s_axi_U)                                                        |                                              filter2d_top_control_s_axi |         91 |         91 |       0 |    0 |  129 |      0 |      0 |          0 |
|     int_coef                                                                 |                                          filter2d_top_control_s_axi_ram |         81 |         49 |      32 |    0 |   64 |      0 |      0 |          0 |
|   filter2D_0_3_3_0_0_1080_1920_1_2_2_U0                                      |                       filter2d_top_filter2D_0_3_3_0_0_1080_1920_1_2_2_s |        450 |        416 |       0 |   34 |  764 |      0 |      3 |          9 |
|     grp_xFFilter2Dkernel_0_0_1080_1920_0_0_1_2_2_1_1_1920_3_3_1_s_fu_133     |  filter2d_top_xFFilter2Dkernel_0_0_1080_1920_0_0_1_2_2_1_1_1920_3_3_1_s |        423 |        390 |       0 |   33 |  621 |      0 |      3 |          9 |
|       (grp_xFFilter2Dkernel_0_0_1080_1920_0_0_1_2_2_1_1_1920_3_3_1_s_fu_133) |  filter2d_top_xFFilter2Dkernel_0_0_1080_1920_0_0_1_2_2_1_1_1920_3_3_1_s |        112 |        112 |       0 |    0 |  176 |      0 |      0 |          0 |
|       grp_xFFilter2Dkernel_Pipeline_COL_LOOP_fu_194                          |                         filter2d_top_xFFilter2Dkernel_Pipeline_COL_LOOP |        311 |        278 |       0 |   33 |  445 |      0 |      3 |          9 |
|         (grp_xFFilter2Dkernel_Pipeline_COL_LOOP_fu_194)                      |                         filter2d_top_xFFilter2Dkernel_Pipeline_COL_LOOP |         58 |         41 |       0 |   17 |  163 |      0 |      0 |          0 |
|         (grp_xFApplyFilter2D_0_0_3_3_1_s_fu_381)                             |                                filter2d_top_xFApplyFilter2D_0_0_3_3_1_s |        175 |        159 |       0 |   16 |  280 |      0 |      0 |          3 |
|     grp_filter2D_Pipeline_VITIS_LOOP_834_1_VITIS_LOOP_835_2_fu_118           |        filter2d_top_filter2D_Pipeline_VITIS_LOOP_834_1_VITIS_LOOP_835_2 |         27 |         26 |       0 |    1 |  128 |      0 |      0 |          0 |
|       (grp_filter2D_Pipeline_VITIS_LOOP_834_1_VITIS_LOOP_835_2_fu_118)       |        filter2d_top_filter2D_Pipeline_VITIS_LOOP_834_1_VITIS_LOOP_835_2 |         19 |         18 |       0 |    1 |  126 |      0 |      0 |          0 |
|   xfMat2AXIvideo_8_0_1080_1920_1_2_0_U0                                      |                       filter2d_top_xfMat2AXIvideo_8_0_1080_1920_1_2_0_s |         81 |         81 |       0 |    0 |  131 |      0 |      0 |          0 |
|     (xfMat2AXIvideo_8_0_1080_1920_1_2_0_U0)                                  |                       filter2d_top_xfMat2AXIvideo_8_0_1080_1920_1_2_0_s |         14 |         14 |       0 |    0 |   72 |      0 |      0 |          0 |
+------------------------------------------------------------------------------+-------------------------------------------------------------------------+------------+------------+---------+------+------+--------+--------+------------+
* Note: The sum of lower-level cells may be larger than their parent cells total, due to cross-hierarchy LUT combining


