Copyright 1986-2022 Xilinx, Inc. All Rights Reserved. Copyright 2022-2026 Advanced Micro Devices, Inc. All Rights Reserved.
---------------------------------------------------------------------------------------------------------------------------------------------
| Tool Version : Vivado v.2026.1 (win64) Build 6511674 Tue Jun 16 11:02:23 MDT 2026
| Date         : Mon Oct  5 10:34:00 2026
| Host         : <redacted> running 64-bit major release  (build 9200)
| Command      : report_timing_summary -delay_type min_max -max_paths 10 -file sobel_top_default_flow_tim_impl.rpt
| Design       : sobel_top
| Device       : 7z020-clg400
| Speed File   : -1  PRODUCTION 1.12 2019-11-22
| Design State : Routed
---------------------------------------------------------------------------------------------------------------------------------------------

Timing Summary Report

------------------------------------------------------------------------------------------------
| Timer Settings
| --------------
------------------------------------------------------------------------------------------------

  Enable Multi Corner Analysis               :  Yes
  Enable Pessimism Removal                   :  Yes
  Pessimism Removal Resolution               :  Nearest Common Node
  Enable Input Delay Default Clock           :  No
  Enable Preset / Clear Arcs                 :  No
  Disable Flight Delays                      :  No
  Ignore I/O Paths                           :  No
  Timing Early Launch at Borrowing Latches   :  No
  Borrow Time for Max Delay Exceptions       :  Yes
  Merge Timing Exceptions                    :  Yes
  Inter-SLR Compensation                     :  Conservative

  Corner  Analyze    Analyze    
  Name    Max Paths  Min Paths  
  ------  ---------  ---------  
  Slow    Yes        Yes        
  Fast    Yes        Yes        


------------------------------------------------------------------------------------------------
| Report Methodology
| ------------------
------------------------------------------------------------------------------------------------

No report available as report_methodology has not been run prior. Run report_methodology on the current design for the summary of methodology violations.



check_timing report

Table of Contents
-----------------
1. checking no_clock (0)
2. checking constant_clock (0)
3. checking pulse_width_clock (0)
4. checking unconstrained_internal_endpoints (0)
5. checking no_input_delay (0)
6. checking no_output_delay (0)
7. checking multiple_clock (0)
8. checking generated_clocks (0)
9. checking loops (0)
10. checking partial_input_delay (0)
11. checking partial_output_delay (0)
12. checking latch_loops (0)

1. checking no_clock (0)
------------------------
 There are 0 register/latch pins with no clock.


2. checking constant_clock (0)
------------------------------
 There are 0 register/latch pins with constant_clock.


3. checking pulse_width_clock (0)
---------------------------------
 There are 0 register/latch pins which need pulse_width check


4. checking unconstrained_internal_endpoints (0)
------------------------------------------------
 There are 0 pins that are not constrained for maximum delay.

 There are 0 pins that are not constrained for maximum delay due to constant clock.


5. checking no_input_delay (0)
------------------------------
 There are 0 input ports with no input delay specified.

 There are 0 input ports with no input delay but user has a false path constraint.


6. checking no_output_delay (0)
-------------------------------
 There are 0 ports with no output delay specified.

 There are 0 ports with no output delay but user has a false path constraint

 There are 0 ports with no output delay but with a timing clock defined on it or propagating through it


7. checking multiple_clock (0)
------------------------------
 There are 0 register/latch pins with multiple clocks.


8. checking generated_clocks (0)
--------------------------------
 There are 0 generated clocks that are not connected to a clock source.


9. checking loops (0)
---------------------
 There are 0 combinational loops in the design.


10. checking partial_input_delay (0)
------------------------------------
 There are 0 input ports with partial input delay specified.


11. checking partial_output_delay (0)
-------------------------------------
 There are 0 ports with partial output delay specified.


12. checking latch_loops (0)
----------------------------
 There are 0 combinational latch loops in the design through latch input



------------------------------------------------------------------------------------------------
| Design Timing Summary
| ---------------------
------------------------------------------------------------------------------------------------

    WNS(ns)      TNS(ns)  TNS Failing Endpoints  TNS Total Endpoints      WHS(ns)      THS(ns)  THS Failing Endpoints  THS Total Endpoints     WPWS(ns)     TPWS(ns)  TPWS Failing Endpoints  TPWS Total Endpoints  
    -------      -------  ---------------------  -------------------      -------      -------  ---------------------  -------------------     --------     --------  ----------------------  --------------------  
      0.926        0.000                      0                 2660        0.116        0.000                      0                 2660        2.387        0.000                       0                  1172  


All user specified timing constraints are met.


------------------------------------------------------------------------------------------------
| Clock Summary
| -------------
------------------------------------------------------------------------------------------------

Clock   Waveform(ns)         Period(ns)      Frequency(MHz)
-----   ------------         ----------      --------------
ap_clk  {0.000 3.367}        6.734           148.500         


------------------------------------------------------------------------------------------------
| Intra Clock Table
| -----------------
------------------------------------------------------------------------------------------------

Clock             WNS(ns)      TNS(ns)  TNS Failing Endpoints  TNS Total Endpoints      WHS(ns)      THS(ns)  THS Failing Endpoints  THS Total Endpoints     WPWS(ns)     TPWS(ns)  TPWS Failing Endpoints  TPWS Total Endpoints  
-----             -------      -------  ---------------------  -------------------      -------      -------  ---------------------  -------------------     --------     --------  ----------------------  --------------------  
ap_clk              0.926        0.000                      0                 2660        0.116        0.000                      0                 2660        2.387        0.000                       0                  1172  


------------------------------------------------------------------------------------------------
| Inter Clock Table
| -----------------
------------------------------------------------------------------------------------------------

From Clock    To Clock          WNS(ns)      TNS(ns)  TNS Failing Endpoints  TNS Total Endpoints      WHS(ns)      THS(ns)  THS Failing Endpoints  THS Total Endpoints  
----------    --------          -------      -------  ---------------------  -------------------      -------      -------  ---------------------  -------------------  


------------------------------------------------------------------------------------------------
| Other Path Groups Table
| -----------------------
------------------------------------------------------------------------------------------------

Path Group    From Clock    To Clock          WNS(ns)      TNS(ns)  TNS Failing Endpoints  TNS Total Endpoints      WHS(ns)      THS(ns)  THS Failing Endpoints  THS Total Endpoints  
----------    ----------    --------          -------      -------  ---------------------  -------------------      -------      -------  ---------------------  -------------------  


------------------------------------------------------------------------------------------------
| Timing Details
| --------------
------------------------------------------------------------------------------------------------


---------------------------------------------------------------------------------------------------
From Clock:  ap_clk
  To Clock:  ap_clk

Setup :            0  Failing Endpoints,  Worst Slack        0.926ns,  Total Violation        0.000ns
Hold  :            0  Failing Endpoints,  Worst Slack        0.116ns,  Total Violation        0.000ns
PW    :            0  Failing Endpoints,  Worst Slack        2.387ns,  Total Violation        0.000ns
---------------------------------------------------------------------------------------------------


Max Delay Paths
--------------------------------------------------------------------------------------
Slack (MET) :             0.926ns  (required time - arrival time)
  Source:                 ap_rst_n
                            (input port clocked by ap_clk  {rise@0.000ns fall@3.367ns period=6.734ns})
  Destination:            start_for_Sobel_0_3_0_3_1080_1920_1_false_2_2_2_U0_U/empty_n_reg/R
                            (rising edge-triggered cell FDRE clocked by ap_clk  {rise@0.000ns fall@3.367ns period=6.734ns})
  Path Group:             ap_clk
  Path Type:              Setup (Max at Slow Process Corner)
  Requirement:            6.734ns  (ap_clk rise@6.734ns - ap_clk rise@0.000ns)
  Data Path Delay:        4.268ns  (logic 0.124ns (2.905%)  route 4.144ns (97.095%))
  Logic Levels:           1  (LUT1=1)
  Input Delay:            2.000ns
  Clock Path Skew:        0.924ns (DCD - SCD + CPR)
    Destination Clock Delay (DCD):    0.924ns = ( 7.658 - 6.734 ) 
    Source Clock Delay      (SCD):    0.000ns
    Clock Pessimism Removal (CPR):    0.000ns
  Clock Uncertainty:      0.035ns  ((TSJ^2 + TIJ^2)^1/2 + DJ) / 2 + PE
    Total System Jitter     (TSJ):    0.071ns
    Total Input Jitter      (TIJ):    0.000ns
    Discrete Jitter          (DJ):    0.000ns
    Phase Error              (PE):    0.000ns

    Location             Delay type                Incr(ns)  Path(ns)    Netlist Resource(s)
  -------------------------------------------------------------------    -------------------
                         (clock ap_clk rise edge)     0.000     0.000 r  <hidden>
                         input delay                  2.000     2.000    <hidden>
                                                      0.000     2.000 f  ap_rst_n
                         net (fo=11, unset)           0.973     2.973    control_s_axi_U/ap_rst_n
    SLICE_X46Y57         LUT1 (Prop_lut1_I0_O)        0.124     3.097 r  control_s_axi_U/FSM_onehot_wstate[1]_i_1/O
                         net (fo=239, routed)         3.171     6.268    start_for_Sobel_0_3_0_3_1080_1920_1_false_2_2_2_U0_U/ap_rst_n_inv
    SLICE_X41Y46         FDRE                                         r  start_for_Sobel_0_3_0_3_1080_1920_1_false_2_2_2_U0_U/empty_n_reg/R
  -------------------------------------------------------------------    -------------------

                         (clock ap_clk rise edge)     6.734     6.734 r  <hidden>
                                                      0.000     6.734 r  ap_clk
                         net (fo=1171, unset)         0.924     7.658    start_for_Sobel_0_3_0_3_1080_1920_1_false_2_2_2_U0_U/ap_clk
    SLICE_X41Y46         FDRE                                         r  start_for_Sobel_0_3_0_3_1080_1920_1_false_2_2_2_U0_U/empty_n_reg/C
                         clock pessimism              0.000     7.658    <hidden>
                         clock uncertainty           -0.035     7.623    <hidden>
    SLICE_X41Y46         FDRE (Setup_fdre_C_R)       -0.429     7.194    start_for_Sobel_0_3_0_3_1080_1920_1_false_2_2_2_U0_U/empty_n_reg
  -------------------------------------------------------------------
                         required time                          7.194    <hidden>
                         arrival time                          -6.268    <hidden>
  -------------------------------------------------------------------
                         slack                                  0.926    <hidden>

Slack (MET) :             0.926ns  (required time - arrival time)
  Source:                 ap_rst_n
                            (input port clocked by ap_clk  {rise@0.000ns fall@3.367ns period=6.734ns})
  Destination:            start_for_Sobel_0_3_0_3_1080_1920_1_false_2_2_2_U0_U/full_n_reg/S
                            (rising edge-triggered cell FDSE clocked by ap_clk  {rise@0.000ns fall@3.367ns period=6.734ns})
  Path Group:             ap_clk
  Path Type:              Setup (Max at Slow Process Corner)
  Requirement:            6.734ns  (ap_clk rise@6.734ns - ap_clk rise@0.000ns)
  Data Path Delay:        4.268ns  (logic 0.124ns (2.905%)  route 4.144ns (97.095%))
  Logic Levels:           1  (LUT1=1)
  Input Delay:            2.000ns
  Clock Path Skew:        0.924ns (DCD - SCD + CPR)
    Destination Clock Delay (DCD):    0.924ns = ( 7.658 - 6.734 ) 
    Source Clock Delay      (SCD):    0.000ns
    Clock Pessimism Removal (CPR):    0.000ns
  Clock Uncertainty:      0.035ns  ((TSJ^2 + TIJ^2)^1/2 + DJ) / 2 + PE
    Total System Jitter     (TSJ):    0.071ns
    Total Input Jitter      (TIJ):    0.000ns
    Discrete Jitter          (DJ):    0.000ns
    Phase Error              (PE):    0.000ns

    Location             Delay type                Incr(ns)  Path(ns)    Netlist Resource(s)
  -------------------------------------------------------------------    -------------------
                         (clock ap_clk rise edge)     0.000     0.000 r  <hidden>
                         input delay                  2.000     2.000    <hidden>
                                                      0.000     2.000 f  ap_rst_n
                         net (fo=11, unset)           0.973     2.973    control_s_axi_U/ap_rst_n
    SLICE_X46Y57         LUT1 (Prop_lut1_I0_O)        0.124     3.097 r  control_s_axi_U/FSM_onehot_wstate[1]_i_1/O
                         net (fo=239, routed)         3.171     6.268    start_for_Sobel_0_3_0_3_1080_1920_1_false_2_2_2_U0_U/ap_rst_n_inv
    SLICE_X41Y46         FDSE                                         r  start_for_Sobel_0_3_0_3_1080_1920_1_false_2_2_2_U0_U/full_n_reg/S
  -------------------------------------------------------------------    -------------------

                         (clock ap_clk rise edge)     6.734     6.734 r  <hidden>
                                                      0.000     6.734 r  ap_clk
                         net (fo=1171, unset)         0.924     7.658    start_for_Sobel_0_3_0_3_1080_1920_1_false_2_2_2_U0_U/ap_clk
    SLICE_X41Y46         FDSE                                         r  start_for_Sobel_0_3_0_3_1080_1920_1_false_2_2_2_U0_U/full_n_reg/C
                         clock pessimism              0.000     7.658    <hidden>
                         clock uncertainty           -0.035     7.623    <hidden>
    SLICE_X41Y46         FDSE (Setup_fdse_C_S)       -0.429     7.194    start_for_Sobel_0_3_0_3_1080_1920_1_false_2_2_2_U0_U/full_n_reg
  -------------------------------------------------------------------
                         required time                          7.194    <hidden>
                         arrival time                          -6.268    <hidden>
  -------------------------------------------------------------------
                         slack                                  0.926    <hidden>

Slack (MET) :             0.926ns  (required time - arrival time)
  Source:                 ap_rst_n
                            (input port clocked by ap_clk  {rise@0.000ns fall@3.367ns period=6.734ns})
  Destination:            start_for_Sobel_0_3_0_3_1080_1920_1_false_2_2_2_U0_U/mOutPtr_reg[0]/R
                            (rising edge-triggered cell FDRE clocked by ap_clk  {rise@0.000ns fall@3.367ns period=6.734ns})
  Path Group:             ap_clk
  Path Type:              Setup (Max at Slow Process Corner)
  Requirement:            6.734ns  (ap_clk rise@6.734ns - ap_clk rise@0.000ns)
  Data Path Delay:        4.268ns  (logic 0.124ns (2.905%)  route 4.144ns (97.095%))
  Logic Levels:           1  (LUT1=1)
  Input Delay:            2.000ns
  Clock Path Skew:        0.924ns (DCD - SCD + CPR)
    Destination Clock Delay (DCD):    0.924ns = ( 7.658 - 6.734 ) 
    Source Clock Delay      (SCD):    0.000ns
    Clock Pessimism Removal (CPR):    0.000ns
  Clock Uncertainty:      0.035ns  ((TSJ^2 + TIJ^2)^1/2 + DJ) / 2 + PE
    Total System Jitter     (TSJ):    0.071ns
    Total Input Jitter      (TIJ):    0.000ns
    Discrete Jitter          (DJ):    0.000ns
    Phase Error              (PE):    0.000ns

    Location             Delay type                Incr(ns)  Path(ns)    Netlist Resource(s)
  -------------------------------------------------------------------    -------------------
                         (clock ap_clk rise edge)     0.000     0.000 r  <hidden>
                         input delay                  2.000     2.000    <hidden>
                                                      0.000     2.000 f  ap_rst_n
                         net (fo=11, unset)           0.973     2.973    control_s_axi_U/ap_rst_n
    SLICE_X46Y57         LUT1 (Prop_lut1_I0_O)        0.124     3.097 r  control_s_axi_U/FSM_onehot_wstate[1]_i_1/O
                         net (fo=239, routed)         3.171     6.268    start_for_Sobel_0_3_0_3_1080_1920_1_false_2_2_2_U0_U/ap_rst_n_inv
    SLICE_X41Y46         FDRE                                         r  start_for_Sobel_0_3_0_3_1080_1920_1_false_2_2_2_U0_U/mOutPtr_reg[0]/R
  -------------------------------------------------------------------    -------------------

                         (clock ap_clk rise edge)     6.734     6.734 r  <hidden>
                                                      0.000     6.734 r  ap_clk
                         net (fo=1171, unset)         0.924     7.658    start_for_Sobel_0_3_0_3_1080_1920_1_false_2_2_2_U0_U/ap_clk
    SLICE_X41Y46         FDRE                                         r  start_for_Sobel_0_3_0_3_1080_1920_1_false_2_2_2_U0_U/mOutPtr_reg[0]/C
                         clock pessimism              0.000     7.658    <hidden>
                         clock uncertainty           -0.035     7.623    <hidden>
    SLICE_X41Y46         FDRE (Setup_fdre_C_R)       -0.429     7.194    start_for_Sobel_0_3_0_3_1080_1920_1_false_2_2_2_U0_U/mOutPtr_reg[0]
  -------------------------------------------------------------------
                         required time                          7.194    <hidden>
                         arrival time                          -6.268    <hidden>
  -------------------------------------------------------------------
                         slack                                  0.926    <hidden>

Slack (MET) :             0.926ns  (required time - arrival time)
  Source:                 ap_rst_n
                            (input port clocked by ap_clk  {rise@0.000ns fall@3.367ns period=6.734ns})
  Destination:            start_for_Sobel_0_3_0_3_1080_1920_1_false_2_2_2_U0_U/mOutPtr_reg[1]/R
                            (rising edge-triggered cell FDRE clocked by ap_clk  {rise@0.000ns fall@3.367ns period=6.734ns})
  Path Group:             ap_clk
  Path Type:              Setup (Max at Slow Process Corner)
  Requirement:            6.734ns  (ap_clk rise@6.734ns - ap_clk rise@0.000ns)
  Data Path Delay:        4.268ns  (logic 0.124ns (2.905%)  route 4.144ns (97.095%))
  Logic Levels:           1  (LUT1=1)
  Input Delay:            2.000ns
  Clock Path Skew:        0.924ns (DCD - SCD + CPR)
    Destination Clock Delay (DCD):    0.924ns = ( 7.658 - 6.734 ) 
    Source Clock Delay      (SCD):    0.000ns
    Clock Pessimism Removal (CPR):    0.000ns
  Clock Uncertainty:      0.035ns  ((TSJ^2 + TIJ^2)^1/2 + DJ) / 2 + PE
    Total System Jitter     (TSJ):    0.071ns
    Total Input Jitter      (TIJ):    0.000ns
    Discrete Jitter          (DJ):    0.000ns
    Phase Error              (PE):    0.000ns

    Location             Delay type                Incr(ns)  Path(ns)    Netlist Resource(s)
  -------------------------------------------------------------------    -------------------
                         (clock ap_clk rise edge)     0.000     0.000 r  <hidden>
                         input delay                  2.000     2.000    <hidden>
                                                      0.000     2.000 f  ap_rst_n
                         net (fo=11, unset)           0.973     2.973    control_s_axi_U/ap_rst_n
    SLICE_X46Y57         LUT1 (Prop_lut1_I0_O)        0.124     3.097 r  control_s_axi_U/FSM_onehot_wstate[1]_i_1/O
                         net (fo=239, routed)         3.171     6.268    start_for_Sobel_0_3_0_3_1080_1920_1_false_2_2_2_U0_U/ap_rst_n_inv
    SLICE_X41Y46         FDRE                                         r  start_for_Sobel_0_3_0_3_1080_1920_1_false_2_2_2_U0_U/mOutPtr_reg[1]/R
  -------------------------------------------------------------------    -------------------

                         (clock ap_clk rise edge)     6.734     6.734 r  <hidden>
                                                      0.000     6.734 r  ap_clk
                         net (fo=1171, unset)         0.924     7.658    start_for_Sobel_0_3_0_3_1080_1920_1_false_2_2_2_U0_U/ap_clk
    SLICE_X41Y46         FDRE                                         r  start_for_Sobel_0_3_0_3_1080_1920_1_false_2_2_2_U0_U/mOutPtr_reg[1]/C
                         clock pessimism              0.000     7.658    <hidden>
                         clock uncertainty           -0.035     7.623    <hidden>
    SLICE_X41Y46         FDRE (Setup_fdre_C_R)       -0.429     7.194    start_for_Sobel_0_3_0_3_1080_1920_1_false_2_2_2_U0_U/mOutPtr_reg[1]
  -------------------------------------------------------------------
                         required time                          7.194    <hidden>
                         arrival time                          -6.268    <hidden>
  -------------------------------------------------------------------
                         slack                                  0.926    <hidden>

Slack (MET) :             1.101ns  (required time - arrival time)
  Source:                 ap_rst_n
                            (input port clocked by ap_clk  {rise@0.000ns fall@3.367ns period=6.734ns})
  Destination:            control_s_axi_U/int_cols_reg[0]/R
                            (rising edge-triggered cell FDRE clocked by ap_clk  {rise@0.000ns fall@3.367ns period=6.734ns})
  Path Group:             ap_clk
  Path Type:              Setup (Max at Slow Process Corner)
  Requirement:            6.734ns  (ap_clk rise@6.734ns - ap_clk rise@0.000ns)
  Data Path Delay:        3.998ns  (logic 0.124ns (3.102%)  route 3.874ns (96.898%))
  Logic Levels:           1  (LUT1=1)
  Input Delay:            2.000ns
  Clock Path Skew:        0.924ns (DCD - SCD + CPR)
    Destination Clock Delay (DCD):    0.924ns = ( 7.658 - 6.734 ) 
    Source Clock Delay      (SCD):    0.000ns
    Clock Pessimism Removal (CPR):    0.000ns
  Clock Uncertainty:      0.035ns  ((TSJ^2 + TIJ^2)^1/2 + DJ) / 2 + PE
    Total System Jitter     (TSJ):    0.071ns
    Total Input Jitter      (TIJ):    0.000ns
    Discrete Jitter          (DJ):    0.000ns
    Phase Error              (PE):    0.000ns

    Location             Delay type                Incr(ns)  Path(ns)    Netlist Resource(s)
  -------------------------------------------------------------------    -------------------
                         (clock ap_clk rise edge)     0.000     0.000 r  <hidden>
                         input delay                  2.000     2.000    <hidden>
                                                      0.000     2.000 f  ap_rst_n
                         net (fo=11, unset)           0.973     2.973    control_s_axi_U/ap_rst_n
    SLICE_X46Y57         LUT1 (Prop_lut1_I0_O)        0.124     3.097 r  control_s_axi_U/FSM_onehot_wstate[1]_i_1/O
                         net (fo=239, routed)         2.901     5.998    control_s_axi_U/ap_rst_n_inv
    SLICE_X42Y45         FDRE                                         r  control_s_axi_U/int_cols_reg[0]/R
  -------------------------------------------------------------------    -------------------

                         (clock ap_clk rise edge)     6.734     6.734 r  <hidden>
                                                      0.000     6.734 r  ap_clk
                         net (fo=1171, unset)         0.924     7.658    control_s_axi_U/ap_clk
    SLICE_X42Y45         FDRE                                         r  control_s_axi_U/int_cols_reg[0]/C
                         clock pessimism              0.000     7.658    <hidden>
                         clock uncertainty           -0.035     7.623    <hidden>
    SLICE_X42Y45         FDRE (Setup_fdre_C_R)       -0.524     7.099    control_s_axi_U/int_cols_reg[0]
  -------------------------------------------------------------------
                         required time                          7.099    <hidden>
                         arrival time                          -5.998    <hidden>
  -------------------------------------------------------------------
                         slack                                  1.101    <hidden>

Slack (MET) :             1.101ns  (required time - arrival time)
  Source:                 ap_rst_n
                            (input port clocked by ap_clk  {rise@0.000ns fall@3.367ns period=6.734ns})
  Destination:            control_s_axi_U/int_cols_reg[1]/R
                            (rising edge-triggered cell FDRE clocked by ap_clk  {rise@0.000ns fall@3.367ns period=6.734ns})
  Path Group:             ap_clk
  Path Type:              Setup (Max at Slow Process Corner)
  Requirement:            6.734ns  (ap_clk rise@6.734ns - ap_clk rise@0.000ns)
  Data Path Delay:        3.998ns  (logic 0.124ns (3.102%)  route 3.874ns (96.898%))
  Logic Levels:           1  (LUT1=1)
  Input Delay:            2.000ns
  Clock Path Skew:        0.924ns (DCD - SCD + CPR)
    Destination Clock Delay (DCD):    0.924ns = ( 7.658 - 6.734 ) 
    Source Clock Delay      (SCD):    0.000ns
    Clock Pessimism Removal (CPR):    0.000ns
  Clock Uncertainty:      0.035ns  ((TSJ^2 + TIJ^2)^1/2 + DJ) / 2 + PE
    Total System Jitter     (TSJ):    0.071ns
    Total Input Jitter      (TIJ):    0.000ns
    Discrete Jitter          (DJ):    0.000ns
    Phase Error              (PE):    0.000ns

    Location             Delay type                Incr(ns)  Path(ns)    Netlist Resource(s)
  -------------------------------------------------------------------    -------------------
                         (clock ap_clk rise edge)     0.000     0.000 r  <hidden>
                         input delay                  2.000     2.000    <hidden>
                                                      0.000     2.000 f  ap_rst_n
                         net (fo=11, unset)           0.973     2.973    control_s_axi_U/ap_rst_n
    SLICE_X46Y57         LUT1 (Prop_lut1_I0_O)        0.124     3.097 r  control_s_axi_U/FSM_onehot_wstate[1]_i_1/O
                         net (fo=239, routed)         2.901     5.998    control_s_axi_U/ap_rst_n_inv
    SLICE_X42Y45         FDRE                                         r  control_s_axi_U/int_cols_reg[1]/R
  -------------------------------------------------------------------    -------------------

                         (clock ap_clk rise edge)     6.734     6.734 r  <hidden>
                                                      0.000     6.734 r  ap_clk
                         net (fo=1171, unset)         0.924     7.658    control_s_axi_U/ap_clk
    SLICE_X42Y45         FDRE                                         r  control_s_axi_U/int_cols_reg[1]/C
                         clock pessimism              0.000     7.658    <hidden>
                         clock uncertainty           -0.035     7.623    <hidden>
    SLICE_X42Y45         FDRE (Setup_fdre_C_R)       -0.524     7.099    control_s_axi_U/int_cols_reg[1]
  -------------------------------------------------------------------
                         required time                          7.099    <hidden>
                         arrival time                          -5.998    <hidden>
  -------------------------------------------------------------------
                         slack                                  1.101    <hidden>

Slack (MET) :             1.101ns  (required time - arrival time)
  Source:                 ap_rst_n
                            (input port clocked by ap_clk  {rise@0.000ns fall@3.367ns period=6.734ns})
  Destination:            control_s_axi_U/int_cols_reg[2]/R
                            (rising edge-triggered cell FDRE clocked by ap_clk  {rise@0.000ns fall@3.367ns period=6.734ns})
  Path Group:             ap_clk
  Path Type:              Setup (Max at Slow Process Corner)
  Requirement:            6.734ns  (ap_clk rise@6.734ns - ap_clk rise@0.000ns)
  Data Path Delay:        3.998ns  (logic 0.124ns (3.102%)  route 3.874ns (96.898%))
  Logic Levels:           1  (LUT1=1)
  Input Delay:            2.000ns
  Clock Path Skew:        0.924ns (DCD - SCD + CPR)
    Destination Clock Delay (DCD):    0.924ns = ( 7.658 - 6.734 ) 
    Source Clock Delay      (SCD):    0.000ns
    Clock Pessimism Removal (CPR):    0.000ns
  Clock Uncertainty:      0.035ns  ((TSJ^2 + TIJ^2)^1/2 + DJ) / 2 + PE
    Total System Jitter     (TSJ):    0.071ns
    Total Input Jitter      (TIJ):    0.000ns
    Discrete Jitter          (DJ):    0.000ns
    Phase Error              (PE):    0.000ns

    Location             Delay type                Incr(ns)  Path(ns)    Netlist Resource(s)
  -------------------------------------------------------------------    -------------------
                         (clock ap_clk rise edge)     0.000     0.000 r  <hidden>
                         input delay                  2.000     2.000    <hidden>
                                                      0.000     2.000 f  ap_rst_n
                         net (fo=11, unset)           0.973     2.973    control_s_axi_U/ap_rst_n
    SLICE_X46Y57         LUT1 (Prop_lut1_I0_O)        0.124     3.097 r  control_s_axi_U/FSM_onehot_wstate[1]_i_1/O
                         net (fo=239, routed)         2.901     5.998    control_s_axi_U/ap_rst_n_inv
    SLICE_X42Y45         FDRE                                         r  control_s_axi_U/int_cols_reg[2]/R
  -------------------------------------------------------------------    -------------------

                         (clock ap_clk rise edge)     6.734     6.734 r  <hidden>
                                                      0.000     6.734 r  ap_clk
                         net (fo=1171, unset)         0.924     7.658    control_s_axi_U/ap_clk
    SLICE_X42Y45         FDRE                                         r  control_s_axi_U/int_cols_reg[2]/C
                         clock pessimism              0.000     7.658    <hidden>
                         clock uncertainty           -0.035     7.623    <hidden>
    SLICE_X42Y45         FDRE (Setup_fdre_C_R)       -0.524     7.099    control_s_axi_U/int_cols_reg[2]
  -------------------------------------------------------------------
                         required time                          7.099    <hidden>
                         arrival time                          -5.998    <hidden>
  -------------------------------------------------------------------
                         slack                                  1.101    <hidden>

Slack (MET) :             1.101ns  (required time - arrival time)
  Source:                 ap_rst_n
                            (input port clocked by ap_clk  {rise@0.000ns fall@3.367ns period=6.734ns})
  Destination:            control_s_axi_U/int_cols_reg[3]/R
                            (rising edge-triggered cell FDRE clocked by ap_clk  {rise@0.000ns fall@3.367ns period=6.734ns})
  Path Group:             ap_clk
  Path Type:              Setup (Max at Slow Process Corner)
  Requirement:            6.734ns  (ap_clk rise@6.734ns - ap_clk rise@0.000ns)
  Data Path Delay:        3.998ns  (logic 0.124ns (3.102%)  route 3.874ns (96.898%))
  Logic Levels:           1  (LUT1=1)
  Input Delay:            2.000ns
  Clock Path Skew:        0.924ns (DCD - SCD + CPR)
    Destination Clock Delay (DCD):    0.924ns = ( 7.658 - 6.734 ) 
    Source Clock Delay      (SCD):    0.000ns
    Clock Pessimism Removal (CPR):    0.000ns
  Clock Uncertainty:      0.035ns  ((TSJ^2 + TIJ^2)^1/2 + DJ) / 2 + PE
    Total System Jitter     (TSJ):    0.071ns
    Total Input Jitter      (TIJ):    0.000ns
    Discrete Jitter          (DJ):    0.000ns
    Phase Error              (PE):    0.000ns

    Location             Delay type                Incr(ns)  Path(ns)    Netlist Resource(s)
  -------------------------------------------------------------------    -------------------
                         (clock ap_clk rise edge)     0.000     0.000 r  <hidden>
                         input delay                  2.000     2.000    <hidden>
                                                      0.000     2.000 f  ap_rst_n
                         net (fo=11, unset)           0.973     2.973    control_s_axi_U/ap_rst_n
    SLICE_X46Y57         LUT1 (Prop_lut1_I0_O)        0.124     3.097 r  control_s_axi_U/FSM_onehot_wstate[1]_i_1/O
                         net (fo=239, routed)         2.901     5.998    control_s_axi_U/ap_rst_n_inv
    SLICE_X42Y45         FDRE                                         r  control_s_axi_U/int_cols_reg[3]/R
  -------------------------------------------------------------------    -------------------

                         (clock ap_clk rise edge)     6.734     6.734 r  <hidden>
                                                      0.000     6.734 r  ap_clk
                         net (fo=1171, unset)         0.924     7.658    control_s_axi_U/ap_clk
    SLICE_X42Y45         FDRE                                         r  control_s_axi_U/int_cols_reg[3]/C
                         clock pessimism              0.000     7.658    <hidden>
                         clock uncertainty           -0.035     7.623    <hidden>
    SLICE_X42Y45         FDRE (Setup_fdre_C_R)       -0.524     7.099    control_s_axi_U/int_cols_reg[3]
  -------------------------------------------------------------------
                         required time                          7.099    <hidden>
                         arrival time                          -5.998    <hidden>
  -------------------------------------------------------------------
                         slack                                  1.101    <hidden>

Slack (MET) :             1.101ns  (required time - arrival time)
  Source:                 ap_rst_n
                            (input port clocked by ap_clk  {rise@0.000ns fall@3.367ns period=6.734ns})
  Destination:            control_s_axi_U/int_cols_reg[6]/R
                            (rising edge-triggered cell FDRE clocked by ap_clk  {rise@0.000ns fall@3.367ns period=6.734ns})
  Path Group:             ap_clk
  Path Type:              Setup (Max at Slow Process Corner)
  Requirement:            6.734ns  (ap_clk rise@6.734ns - ap_clk rise@0.000ns)
  Data Path Delay:        3.998ns  (logic 0.124ns (3.102%)  route 3.874ns (96.898%))
  Logic Levels:           1  (LUT1=1)
  Input Delay:            2.000ns
  Clock Path Skew:        0.924ns (DCD - SCD + CPR)
    Destination Clock Delay (DCD):    0.924ns = ( 7.658 - 6.734 ) 
    Source Clock Delay      (SCD):    0.000ns
    Clock Pessimism Removal (CPR):    0.000ns
  Clock Uncertainty:      0.035ns  ((TSJ^2 + TIJ^2)^1/2 + DJ) / 2 + PE
    Total System Jitter     (TSJ):    0.071ns
    Total Input Jitter      (TIJ):    0.000ns
    Discrete Jitter          (DJ):    0.000ns
    Phase Error              (PE):    0.000ns

    Location             Delay type                Incr(ns)  Path(ns)    Netlist Resource(s)
  -------------------------------------------------------------------    -------------------
                         (clock ap_clk rise edge)     0.000     0.000 r  <hidden>
                         input delay                  2.000     2.000    <hidden>
                                                      0.000     2.000 f  ap_rst_n
                         net (fo=11, unset)           0.973     2.973    control_s_axi_U/ap_rst_n
    SLICE_X46Y57         LUT1 (Prop_lut1_I0_O)        0.124     3.097 r  control_s_axi_U/FSM_onehot_wstate[1]_i_1/O
                         net (fo=239, routed)         2.901     5.998    control_s_axi_U/ap_rst_n_inv
    SLICE_X42Y45         FDRE                                         r  control_s_axi_U/int_cols_reg[6]/R
  -------------------------------------------------------------------    -------------------

                         (clock ap_clk rise edge)     6.734     6.734 r  <hidden>
                                                      0.000     6.734 r  ap_clk
                         net (fo=1171, unset)         0.924     7.658    control_s_axi_U/ap_clk
    SLICE_X42Y45         FDRE                                         r  control_s_axi_U/int_cols_reg[6]/C
                         clock pessimism              0.000     7.658    <hidden>
                         clock uncertainty           -0.035     7.623    <hidden>
    SLICE_X42Y45         FDRE (Setup_fdre_C_R)       -0.524     7.099    control_s_axi_U/int_cols_reg[6]
  -------------------------------------------------------------------
                         required time                          7.099    <hidden>
                         arrival time                          -5.998    <hidden>
  -------------------------------------------------------------------
                         slack                                  1.101    <hidden>

Slack (MET) :             1.101ns  (required time - arrival time)
  Source:                 ap_rst_n
                            (input port clocked by ap_clk  {rise@0.000ns fall@3.367ns period=6.734ns})
  Destination:            control_s_axi_U/int_cols_reg[7]/R
                            (rising edge-triggered cell FDRE clocked by ap_clk  {rise@0.000ns fall@3.367ns period=6.734ns})
  Path Group:             ap_clk
  Path Type:              Setup (Max at Slow Process Corner)
  Requirement:            6.734ns  (ap_clk rise@6.734ns - ap_clk rise@0.000ns)
  Data Path Delay:        3.998ns  (logic 0.124ns (3.102%)  route 3.874ns (96.898%))
  Logic Levels:           1  (LUT1=1)
  Input Delay:            2.000ns
  Clock Path Skew:        0.924ns (DCD - SCD + CPR)
    Destination Clock Delay (DCD):    0.924ns = ( 7.658 - 6.734 ) 
    Source Clock Delay      (SCD):    0.000ns
    Clock Pessimism Removal (CPR):    0.000ns
  Clock Uncertainty:      0.035ns  ((TSJ^2 + TIJ^2)^1/2 + DJ) / 2 + PE
    Total System Jitter     (TSJ):    0.071ns
    Total Input Jitter      (TIJ):    0.000ns
    Discrete Jitter          (DJ):    0.000ns
    Phase Error              (PE):    0.000ns

    Location             Delay type                Incr(ns)  Path(ns)    Netlist Resource(s)
  -------------------------------------------------------------------    -------------------
                         (clock ap_clk rise edge)     0.000     0.000 r  <hidden>
                         input delay                  2.000     2.000    <hidden>
                                                      0.000     2.000 f  ap_rst_n
                         net (fo=11, unset)           0.973     2.973    control_s_axi_U/ap_rst_n
    SLICE_X46Y57         LUT1 (Prop_lut1_I0_O)        0.124     3.097 r  control_s_axi_U/FSM_onehot_wstate[1]_i_1/O
                         net (fo=239, routed)         2.901     5.998    control_s_axi_U/ap_rst_n_inv
    SLICE_X42Y45         FDRE                                         r  control_s_axi_U/int_cols_reg[7]/R
  -------------------------------------------------------------------    -------------------

                         (clock ap_clk rise edge)     6.734     6.734 r  <hidden>
                                                      0.000     6.734 r  ap_clk
                         net (fo=1171, unset)         0.924     7.658    control_s_axi_U/ap_clk
    SLICE_X42Y45         FDRE                                         r  control_s_axi_U/int_cols_reg[7]/C
                         clock pessimism              0.000     7.658    <hidden>
                         clock uncertainty           -0.035     7.623    <hidden>
    SLICE_X42Y45         FDRE (Setup_fdre_C_R)       -0.524     7.099    control_s_axi_U/int_cols_reg[7]
  -------------------------------------------------------------------
                         required time                          7.099    <hidden>
                         arrival time                          -5.998    <hidden>
  -------------------------------------------------------------------
                         slack                                  1.101    <hidden>





Min Delay Paths
--------------------------------------------------------------------------------------
Slack (MET) :             0.116ns  (arrival time - required time)
  Source:                 Sobel_0_3_0_3_1080_1920_1_false_2_2_2_U0/grp_xFSobelFilter3x3_0_3_1080_1920_1_0_4_1_2_2_2_1_6_1920_false_s_fu_68/grp_xFSobelFilter3x3_Pipeline_Col_Loop_fu_164/col_1_reg_651_pp0_iter1_reg_reg[10]/C
                            (rising edge-triggered cell FDRE clocked by ap_clk  {rise@0.000ns fall@3.367ns period=6.734ns})
  Destination:            Sobel_0_3_0_3_1080_1920_1_false_2_2_2_U0/grp_xFSobelFilter3x3_0_3_1080_1920_1_0_4_1_2_2_2_1_6_1920_false_s_fu_68/grp_xFSobelFilter3x3_Pipeline_Col_Loop_fu_164/col_1_reg_651_pp0_iter2_reg_reg[10]/D
                            (rising edge-triggered cell FDRE clocked by ap_clk  {rise@0.000ns fall@3.367ns period=6.734ns})
  Path Group:             ap_clk
  Path Type:              Hold (Min at Fast Process Corner)
  Requirement:            0.000ns  (ap_clk rise@0.000ns - ap_clk rise@0.000ns)
  Data Path Delay:        0.209ns  (logic 0.141ns (67.454%)  route 0.068ns (32.546%))
  Logic Levels:           0  
  Clock Path Skew:        0.022ns (DCD - SCD - CPR)
    Destination Clock Delay (DCD):    0.432ns
    Source Clock Delay      (SCD):    0.410ns
    Clock Pessimism Removal (CPR):    -0.000ns

    Location             Delay type                Incr(ns)  Path(ns)    Netlist Resource(s)
  -------------------------------------------------------------------    -------------------
                         (clock ap_clk rise edge)     0.000     0.000 r  <hidden>
                                                      0.000     0.000 r  ap_clk
                         net (fo=1171, unset)         0.410     0.410    Sobel_0_3_0_3_1080_1920_1_false_2_2_2_U0/grp_xFSobelFilter3x3_0_3_1080_1920_1_0_4_1_2_2_2_1_6_1920_false_s_fu_68/grp_xFSobelFilter3x3_Pipeline_Col_Loop_fu_164/ap_clk
    SLICE_X27Y45         FDRE                                         r  Sobel_0_3_0_3_1080_1920_1_false_2_2_2_U0/grp_xFSobelFilter3x3_0_3_1080_1920_1_0_4_1_2_2_2_1_6_1920_false_s_fu_68/grp_xFSobelFilter3x3_Pipeline_Col_Loop_fu_164/col_1_reg_651_pp0_iter1_reg_reg[10]/C
  -------------------------------------------------------------------    -------------------
    SLICE_X27Y45         FDRE (Prop_fdre_C_Q)         0.141     0.551 r  Sobel_0_3_0_3_1080_1920_1_false_2_2_2_U0/grp_xFSobelFilter3x3_0_3_1080_1920_1_0_4_1_2_2_2_1_6_1920_false_s_fu_68/grp_xFSobelFilter3x3_Pipeline_Col_Loop_fu_164/col_1_reg_651_pp0_iter1_reg_reg[10]/Q
                         net (fo=4, routed)           0.068     0.619    Sobel_0_3_0_3_1080_1920_1_false_2_2_2_U0/grp_xFSobelFilter3x3_0_3_1080_1920_1_0_4_1_2_2_2_1_6_1920_false_s_fu_68/grp_xFSobelFilter3x3_Pipeline_Col_Loop_fu_164/col_1_reg_651_pp0_iter1_reg_reg[10]_0[10]
    SLICE_X27Y45         FDRE                                         r  Sobel_0_3_0_3_1080_1920_1_false_2_2_2_U0/grp_xFSobelFilter3x3_0_3_1080_1920_1_0_4_1_2_2_2_1_6_1920_false_s_fu_68/grp_xFSobelFilter3x3_Pipeline_Col_Loop_fu_164/col_1_reg_651_pp0_iter2_reg_reg[10]/D
  -------------------------------------------------------------------    -------------------

                         (clock ap_clk rise edge)     0.000     0.000 r  <hidden>
                                                      0.000     0.000 r  ap_clk
                         net (fo=1171, unset)         0.432     0.432    Sobel_0_3_0_3_1080_1920_1_false_2_2_2_U0/grp_xFSobelFilter3x3_0_3_1080_1920_1_0_4_1_2_2_2_1_6_1920_false_s_fu_68/grp_xFSobelFilter3x3_Pipeline_Col_Loop_fu_164/ap_clk
    SLICE_X27Y45         FDRE                                         r  Sobel_0_3_0_3_1080_1920_1_false_2_2_2_U0/grp_xFSobelFilter3x3_0_3_1080_1920_1_0_4_1_2_2_2_1_6_1920_false_s_fu_68/grp_xFSobelFilter3x3_Pipeline_Col_Loop_fu_164/col_1_reg_651_pp0_iter2_reg_reg[10]/C
                         clock pessimism              0.000     0.432    <hidden>
    SLICE_X27Y45         FDRE (Hold_fdre_C_D)         0.071     0.503    Sobel_0_3_0_3_1080_1920_1_false_2_2_2_U0/grp_xFSobelFilter3x3_0_3_1080_1920_1_0_4_1_2_2_2_1_6_1920_false_s_fu_68/grp_xFSobelFilter3x3_Pipeline_Col_Loop_fu_164/col_1_reg_651_pp0_iter2_reg_reg[10]
  -------------------------------------------------------------------
                         required time                         -0.503    <hidden>
                         arrival time                           0.619    <hidden>
  -------------------------------------------------------------------
                         slack                                  0.116    <hidden>

Slack (MET) :             0.116ns  (arrival time - required time)
  Source:                 Sobel_0_3_0_3_1080_1920_1_false_2_2_2_U0/grp_xFSobelFilter3x3_0_3_1080_1920_1_0_4_1_2_2_2_1_6_1920_false_s_fu_68/grp_xFSobelFilter3x3_Pipeline_Col_Loop_fu_164/col_1_reg_651_pp0_iter1_reg_reg[6]/C
                            (rising edge-triggered cell FDRE clocked by ap_clk  {rise@0.000ns fall@3.367ns period=6.734ns})
  Destination:            Sobel_0_3_0_3_1080_1920_1_false_2_2_2_U0/grp_xFSobelFilter3x3_0_3_1080_1920_1_0_4_1_2_2_2_1_6_1920_false_s_fu_68/grp_xFSobelFilter3x3_Pipeline_Col_Loop_fu_164/col_1_reg_651_pp0_iter2_reg_reg[6]/D
                            (rising edge-triggered cell FDRE clocked by ap_clk  {rise@0.000ns fall@3.367ns period=6.734ns})
  Path Group:             ap_clk
  Path Type:              Hold (Min at Fast Process Corner)
  Requirement:            0.000ns  (ap_clk rise@0.000ns - ap_clk rise@0.000ns)
  Data Path Delay:        0.209ns  (logic 0.141ns (67.454%)  route 0.068ns (32.546%))
  Logic Levels:           0  
  Clock Path Skew:        0.022ns (DCD - SCD - CPR)
    Destination Clock Delay (DCD):    0.432ns
    Source Clock Delay      (SCD):    0.410ns
    Clock Pessimism Removal (CPR):    -0.000ns

    Location             Delay type                Incr(ns)  Path(ns)    Netlist Resource(s)
  -------------------------------------------------------------------    -------------------
                         (clock ap_clk rise edge)     0.000     0.000 r  <hidden>
                                                      0.000     0.000 r  ap_clk
                         net (fo=1171, unset)         0.410     0.410    Sobel_0_3_0_3_1080_1920_1_false_2_2_2_U0/grp_xFSobelFilter3x3_0_3_1080_1920_1_0_4_1_2_2_2_1_6_1920_false_s_fu_68/grp_xFSobelFilter3x3_Pipeline_Col_Loop_fu_164/ap_clk
    SLICE_X25Y45         FDRE                                         r  Sobel_0_3_0_3_1080_1920_1_false_2_2_2_U0/grp_xFSobelFilter3x3_0_3_1080_1920_1_0_4_1_2_2_2_1_6_1920_false_s_fu_68/grp_xFSobelFilter3x3_Pipeline_Col_Loop_fu_164/col_1_reg_651_pp0_iter1_reg_reg[6]/C
  -------------------------------------------------------------------    -------------------
    SLICE_X25Y45         FDRE (Prop_fdre_C_Q)         0.141     0.551 r  Sobel_0_3_0_3_1080_1920_1_false_2_2_2_U0/grp_xFSobelFilter3x3_0_3_1080_1920_1_0_4_1_2_2_2_1_6_1920_false_s_fu_68/grp_xFSobelFilter3x3_Pipeline_Col_Loop_fu_164/col_1_reg_651_pp0_iter1_reg_reg[6]/Q
                         net (fo=4, routed)           0.068     0.619    Sobel_0_3_0_3_1080_1920_1_false_2_2_2_U0/grp_xFSobelFilter3x3_0_3_1080_1920_1_0_4_1_2_2_2_1_6_1920_false_s_fu_68/grp_xFSobelFilter3x3_Pipeline_Col_Loop_fu_164/col_1_reg_651_pp0_iter1_reg_reg[10]_0[6]
    SLICE_X25Y45         FDRE                                         r  Sobel_0_3_0_3_1080_1920_1_false_2_2_2_U0/grp_xFSobelFilter3x3_0_3_1080_1920_1_0_4_1_2_2_2_1_6_1920_false_s_fu_68/grp_xFSobelFilter3x3_Pipeline_Col_Loop_fu_164/col_1_reg_651_pp0_iter2_reg_reg[6]/D
  -------------------------------------------------------------------    -------------------

                         (clock ap_clk rise edge)     0.000     0.000 r  <hidden>
                                                      0.000     0.000 r  ap_clk
                         net (fo=1171, unset)         0.432     0.432    Sobel_0_3_0_3_1080_1920_1_false_2_2_2_U0/grp_xFSobelFilter3x3_0_3_1080_1920_1_0_4_1_2_2_2_1_6_1920_false_s_fu_68/grp_xFSobelFilter3x3_Pipeline_Col_Loop_fu_164/ap_clk
    SLICE_X25Y45         FDRE                                         r  Sobel_0_3_0_3_1080_1920_1_false_2_2_2_U0/grp_xFSobelFilter3x3_0_3_1080_1920_1_0_4_1_2_2_2_1_6_1920_false_s_fu_68/grp_xFSobelFilter3x3_Pipeline_Col_Loop_fu_164/col_1_reg_651_pp0_iter2_reg_reg[6]/C
                         clock pessimism              0.000     0.432    <hidden>
    SLICE_X25Y45         FDRE (Hold_fdre_C_D)         0.071     0.503    Sobel_0_3_0_3_1080_1920_1_false_2_2_2_U0/grp_xFSobelFilter3x3_0_3_1080_1920_1_0_4_1_2_2_2_1_6_1920_false_s_fu_68/grp_xFSobelFilter3x3_Pipeline_Col_Loop_fu_164/col_1_reg_651_pp0_iter2_reg_reg[6]
  -------------------------------------------------------------------
                         required time                         -0.503    <hidden>
                         arrival time                           0.619    <hidden>
  -------------------------------------------------------------------
                         slack                                  0.116    <hidden>

Slack (MET) :             0.124ns  (arrival time - required time)
  Source:                 Sobel_0_3_0_3_1080_1920_1_false_2_2_2_U0/grp_xFSobelFilter3x3_0_3_1080_1920_1_0_4_1_2_2_2_1_6_1920_false_s_fu_68/grp_xFSobelFilter3x3_Pipeline_Col_Loop_fu_164/col_1_reg_651_pp0_iter1_reg_reg[5]/C
                            (rising edge-triggered cell FDRE clocked by ap_clk  {rise@0.000ns fall@3.367ns period=6.734ns})
  Destination:            Sobel_0_3_0_3_1080_1920_1_false_2_2_2_U0/grp_xFSobelFilter3x3_0_3_1080_1920_1_0_4_1_2_2_2_1_6_1920_false_s_fu_68/grp_xFSobelFilter3x3_Pipeline_Col_Loop_fu_164/col_1_reg_651_pp0_iter2_reg_reg[5]/D
                            (rising edge-triggered cell FDRE clocked by ap_clk  {rise@0.000ns fall@3.367ns period=6.734ns})
  Path Group:             ap_clk
  Path Type:              Hold (Min at Fast Process Corner)
  Requirement:            0.000ns  (ap_clk rise@0.000ns - ap_clk rise@0.000ns)
  Data Path Delay:        0.220ns  (logic 0.141ns (64.051%)  route 0.079ns (35.949%))
  Logic Levels:           0  
  Clock Path Skew:        0.022ns (DCD - SCD - CPR)
    Destination Clock Delay (DCD):    0.432ns
    Source Clock Delay      (SCD):    0.410ns
    Clock Pessimism Removal (CPR):    -0.000ns

    Location             Delay type                Incr(ns)  Path(ns)    Netlist Resource(s)
  -------------------------------------------------------------------    -------------------
                         (clock ap_clk rise edge)     0.000     0.000 r  <hidden>
                                                      0.000     0.000 r  ap_clk
                         net (fo=1171, unset)         0.410     0.410    Sobel_0_3_0_3_1080_1920_1_false_2_2_2_U0/grp_xFSobelFilter3x3_0_3_1080_1920_1_0_4_1_2_2_2_1_6_1920_false_s_fu_68/grp_xFSobelFilter3x3_Pipeline_Col_Loop_fu_164/ap_clk
    SLICE_X25Y45         FDRE                                         r  Sobel_0_3_0_3_1080_1920_1_false_2_2_2_U0/grp_xFSobelFilter3x3_0_3_1080_1920_1_0_4_1_2_2_2_1_6_1920_false_s_fu_68/grp_xFSobelFilter3x3_Pipeline_Col_Loop_fu_164/col_1_reg_651_pp0_iter1_reg_reg[5]/C
  -------------------------------------------------------------------    -------------------
    SLICE_X25Y45         FDRE (Prop_fdre_C_Q)         0.141     0.551 r  Sobel_0_3_0_3_1080_1920_1_false_2_2_2_U0/grp_xFSobelFilter3x3_0_3_1080_1920_1_0_4_1_2_2_2_1_6_1920_false_s_fu_68/grp_xFSobelFilter3x3_Pipeline_Col_Loop_fu_164/col_1_reg_651_pp0_iter1_reg_reg[5]/Q
                         net (fo=4, routed)           0.079     0.630    Sobel_0_3_0_3_1080_1920_1_false_2_2_2_U0/grp_xFSobelFilter3x3_0_3_1080_1920_1_0_4_1_2_2_2_1_6_1920_false_s_fu_68/grp_xFSobelFilter3x3_Pipeline_Col_Loop_fu_164/col_1_reg_651_pp0_iter1_reg_reg[10]_0[5]
    SLICE_X25Y45         FDRE                                         r  Sobel_0_3_0_3_1080_1920_1_false_2_2_2_U0/grp_xFSobelFilter3x3_0_3_1080_1920_1_0_4_1_2_2_2_1_6_1920_false_s_fu_68/grp_xFSobelFilter3x3_Pipeline_Col_Loop_fu_164/col_1_reg_651_pp0_iter2_reg_reg[5]/D
  -------------------------------------------------------------------    -------------------

                         (clock ap_clk rise edge)     0.000     0.000 r  <hidden>
                                                      0.000     0.000 r  ap_clk
                         net (fo=1171, unset)         0.432     0.432    Sobel_0_3_0_3_1080_1920_1_false_2_2_2_U0/grp_xFSobelFilter3x3_0_3_1080_1920_1_0_4_1_2_2_2_1_6_1920_false_s_fu_68/grp_xFSobelFilter3x3_Pipeline_Col_Loop_fu_164/ap_clk
    SLICE_X25Y45         FDRE                                         r  Sobel_0_3_0_3_1080_1920_1_false_2_2_2_U0/grp_xFSobelFilter3x3_0_3_1080_1920_1_0_4_1_2_2_2_1_6_1920_false_s_fu_68/grp_xFSobelFilter3x3_Pipeline_Col_Loop_fu_164/col_1_reg_651_pp0_iter2_reg_reg[5]/C
                         clock pessimism              0.000     0.432    <hidden>
    SLICE_X25Y45         FDRE (Hold_fdre_C_D)         0.075     0.507    Sobel_0_3_0_3_1080_1920_1_false_2_2_2_U0/grp_xFSobelFilter3x3_0_3_1080_1920_1_0_4_1_2_2_2_1_6_1920_false_s_fu_68/grp_xFSobelFilter3x3_Pipeline_Col_Loop_fu_164/col_1_reg_651_pp0_iter2_reg_reg[5]
  -------------------------------------------------------------------
                         required time                         -0.507    <hidden>
                         arrival time                           0.630    <hidden>
  -------------------------------------------------------------------
                         slack                                  0.124    <hidden>

Slack (MET) :             0.132ns  (arrival time - required time)
  Source:                 rows_c4_U/U_sobel_top_fifo_w32_d2_S_ShiftReg/SRL_SIG_reg[1][10]/C
                            (rising edge-triggered cell FDRE clocked by ap_clk  {rise@0.000ns fall@3.367ns period=6.734ns})
  Destination:            Sobel_0_3_0_3_1080_1920_1_false_2_2_2_U0/empty_61_reg_93_reg[10]/D
                            (rising edge-triggered cell FDRE clocked by ap_clk  {rise@0.000ns fall@3.367ns period=6.734ns})
  Path Group:             ap_clk
  Path Type:              Hold (Min at Fast Process Corner)
  Requirement:            0.000ns  (ap_clk rise@0.000ns - ap_clk rise@0.000ns)
  Data Path Delay:        0.273ns  (logic 0.186ns (68.106%)  route 0.087ns (31.894%))
  Logic Levels:           1  (LUT3=1)
  Clock Path Skew:        0.022ns (DCD - SCD - CPR)
    Destination Clock Delay (DCD):    0.432ns
    Source Clock Delay      (SCD):    0.410ns
    Clock Pessimism Removal (CPR):    -0.000ns

    Location             Delay type                Incr(ns)  Path(ns)    Netlist Resource(s)
  -------------------------------------------------------------------    -------------------
                         (clock ap_clk rise edge)     0.000     0.000 r  <hidden>
                                                      0.000     0.000 r  ap_clk
                         net (fo=1171, unset)         0.410     0.410    rows_c4_U/U_sobel_top_fifo_w32_d2_S_ShiftReg/ap_clk
    SLICE_X39Y44         FDRE                                         r  rows_c4_U/U_sobel_top_fifo_w32_d2_S_ShiftReg/SRL_SIG_reg[1][10]/C
  -------------------------------------------------------------------    -------------------
    SLICE_X39Y44         FDRE (Prop_fdre_C_Q)         0.141     0.551 r  rows_c4_U/U_sobel_top_fifo_w32_d2_S_ShiftReg/SRL_SIG_reg[1][10]/Q
                         net (fo=1, routed)           0.087     0.638    rows_c4_U/U_sobel_top_fifo_w32_d2_S_ShiftReg/SRL_SIG_reg[1]_0[10]
    SLICE_X38Y44         LUT3 (Prop_lut3_I0_O)        0.045     0.683 r  rows_c4_U/U_sobel_top_fifo_w32_d2_S_ShiftReg/empty_61_reg_93[10]_i_1/O
                         net (fo=1, routed)           0.000     0.683    Sobel_0_3_0_3_1080_1920_1_false_2_2_2_U0/rows_c4_dout[10]
    SLICE_X38Y44         FDRE                                         r  Sobel_0_3_0_3_1080_1920_1_false_2_2_2_U0/empty_61_reg_93_reg[10]/D
  -------------------------------------------------------------------    -------------------

                         (clock ap_clk rise edge)     0.000     0.000 r  <hidden>
                                                      0.000     0.000 r  ap_clk
                         net (fo=1171, unset)         0.432     0.432    Sobel_0_3_0_3_1080_1920_1_false_2_2_2_U0/ap_clk
    SLICE_X38Y44         FDRE                                         r  Sobel_0_3_0_3_1080_1920_1_false_2_2_2_U0/empty_61_reg_93_reg[10]/C
                         clock pessimism              0.000     0.432    <hidden>
    SLICE_X38Y44         FDRE (Hold_fdre_C_D)         0.120     0.552    Sobel_0_3_0_3_1080_1920_1_false_2_2_2_U0/empty_61_reg_93_reg[10]
  -------------------------------------------------------------------
                         required time                         -0.552    <hidden>
                         arrival time                           0.683    <hidden>
  -------------------------------------------------------------------
                         slack                                  0.132    <hidden>

Slack (MET) :             0.132ns  (arrival time - required time)
  Source:                 Sobel_0_3_0_3_1080_1920_1_false_2_2_2_U0/grp_xFSobelFilter3x3_0_3_1080_1920_1_0_4_1_2_2_2_1_6_1920_false_s_fu_68/grp_xFSobelFilter3x3_Pipeline_Col_Loop_fu_164/icmp_ln251_reg_685_reg[0]/C
                            (rising edge-triggered cell FDRE clocked by ap_clk  {rise@0.000ns fall@3.367ns period=6.734ns})
  Destination:            Sobel_0_3_0_3_1080_1920_1_false_2_2_2_U0/grp_xFSobelFilter3x3_0_3_1080_1920_1_0_4_1_2_2_2_1_6_1920_false_s_fu_68/grp_xFSobelFilter3x3_Pipeline_Col_Loop_fu_164/icmp_ln251_reg_685_pp0_iter5_reg_reg[0]_srl2/D
                            (rising edge-triggered cell SRL16E clocked by ap_clk  {rise@0.000ns fall@3.367ns period=6.734ns})
  Path Group:             ap_clk
  Path Type:              Hold (Min at Fast Process Corner)
  Requirement:            0.000ns  (ap_clk rise@0.000ns - ap_clk rise@0.000ns)
  Data Path Delay:        0.262ns  (logic 0.141ns (53.794%)  route 0.121ns (46.206%))
  Logic Levels:           0  
  Clock Path Skew:        0.022ns (DCD - SCD - CPR)
    Destination Clock Delay (DCD):    0.432ns
    Source Clock Delay      (SCD):    0.410ns
    Clock Pessimism Removal (CPR):    -0.000ns

    Location             Delay type                Incr(ns)  Path(ns)    Netlist Resource(s)
  -------------------------------------------------------------------    -------------------
                         (clock ap_clk rise edge)     0.000     0.000 r  <hidden>
                                                      0.000     0.000 r  ap_clk
                         net (fo=1171, unset)         0.410     0.410    Sobel_0_3_0_3_1080_1920_1_false_2_2_2_U0/grp_xFSobelFilter3x3_0_3_1080_1920_1_0_4_1_2_2_2_1_6_1920_false_s_fu_68/grp_xFSobelFilter3x3_Pipeline_Col_Loop_fu_164/ap_clk
    SLICE_X31Y45         FDRE                                         r  Sobel_0_3_0_3_1080_1920_1_false_2_2_2_U0/grp_xFSobelFilter3x3_0_3_1080_1920_1_0_4_1_2_2_2_1_6_1920_false_s_fu_68/grp_xFSobelFilter3x3_Pipeline_Col_Loop_fu_164/icmp_ln251_reg_685_reg[0]/C
  -------------------------------------------------------------------    -------------------
    SLICE_X31Y45         FDRE (Prop_fdre_C_Q)         0.141     0.551 r  Sobel_0_3_0_3_1080_1920_1_false_2_2_2_U0/grp_xFSobelFilter3x3_0_3_1080_1920_1_0_4_1_2_2_2_1_6_1920_false_s_fu_68/grp_xFSobelFilter3x3_Pipeline_Col_Loop_fu_164/icmp_ln251_reg_685_reg[0]/Q
                         net (fo=2, routed)           0.121     0.672    Sobel_0_3_0_3_1080_1920_1_false_2_2_2_U0/grp_xFSobelFilter3x3_0_3_1080_1920_1_0_4_1_2_2_2_1_6_1920_false_s_fu_68/grp_xFSobelFilter3x3_Pipeline_Col_Loop_fu_164/icmp_ln251_reg_685_reg_n_5_[0]
    SLICE_X30Y45         SRL16E                                       r  Sobel_0_3_0_3_1080_1920_1_false_2_2_2_U0/grp_xFSobelFilter3x3_0_3_1080_1920_1_0_4_1_2_2_2_1_6_1920_false_s_fu_68/grp_xFSobelFilter3x3_Pipeline_Col_Loop_fu_164/icmp_ln251_reg_685_pp0_iter5_reg_reg[0]_srl2/D
  -------------------------------------------------------------------    -------------------

                         (clock ap_clk rise edge)     0.000     0.000 r  <hidden>
                                                      0.000     0.000 r  ap_clk
                         net (fo=1171, unset)         0.432     0.432    Sobel_0_3_0_3_1080_1920_1_false_2_2_2_U0/grp_xFSobelFilter3x3_0_3_1080_1920_1_0_4_1_2_2_2_1_6_1920_false_s_fu_68/grp_xFSobelFilter3x3_Pipeline_Col_Loop_fu_164/ap_clk
    SLICE_X30Y45         SRL16E                                       r  Sobel_0_3_0_3_1080_1920_1_false_2_2_2_U0/grp_xFSobelFilter3x3_0_3_1080_1920_1_0_4_1_2_2_2_1_6_1920_false_s_fu_68/grp_xFSobelFilter3x3_Pipeline_Col_Loop_fu_164/icmp_ln251_reg_685_pp0_iter5_reg_reg[0]_srl2/CLK
                         clock pessimism              0.000     0.432    <hidden>
    SLICE_X30Y45         SRL16E (Hold_srl16e_CLK_D)
                                                      0.109     0.541    Sobel_0_3_0_3_1080_1920_1_false_2_2_2_U0/grp_xFSobelFilter3x3_0_3_1080_1920_1_0_4_1_2_2_2_1_6_1920_false_s_fu_68/grp_xFSobelFilter3x3_Pipeline_Col_Loop_fu_164/icmp_ln251_reg_685_pp0_iter5_reg_reg[0]_srl2
  -------------------------------------------------------------------
                         required time                         -0.541    <hidden>
                         arrival time                           0.672    <hidden>
  -------------------------------------------------------------------
                         slack                                  0.132    <hidden>

Slack (MET) :             0.138ns  (arrival time - required time)
  Source:                 control_s_axi_U/int_cols_reg[30]/C
                            (rising edge-triggered cell FDRE clocked by ap_clk  {rise@0.000ns fall@3.367ns period=6.734ns})
  Destination:            control_s_axi_U/rdata_reg[30]/D
                            (rising edge-triggered cell FDRE clocked by ap_clk  {rise@0.000ns fall@3.367ns period=6.734ns})
  Path Group:             ap_clk
  Path Type:              Hold (Min at Fast Process Corner)
  Requirement:            0.000ns  (ap_clk rise@0.000ns - ap_clk rise@0.000ns)
  Data Path Delay:        0.251ns  (logic 0.186ns (74.086%)  route 0.065ns (25.914%))
  Logic Levels:           1  (LUT6=1)
  Clock Path Skew:        0.022ns (DCD - SCD - CPR)
    Destination Clock Delay (DCD):    0.432ns
    Source Clock Delay      (SCD):    0.410ns
    Clock Pessimism Removal (CPR):    -0.000ns

    Location             Delay type                Incr(ns)  Path(ns)    Netlist Resource(s)
  -------------------------------------------------------------------    -------------------
                         (clock ap_clk rise edge)     0.000     0.000 r  <hidden>
                                                      0.000     0.000 r  ap_clk
                         net (fo=1171, unset)         0.410     0.410    control_s_axi_U/ap_clk
    SLICE_X48Y41         FDRE                                         r  control_s_axi_U/int_cols_reg[30]/C
  -------------------------------------------------------------------    -------------------
    SLICE_X48Y41         FDRE (Prop_fdre_C_Q)         0.141     0.551 r  control_s_axi_U/int_cols_reg[30]/Q
                         net (fo=2, routed)           0.065     0.616    control_s_axi_U/cols[30]
    SLICE_X49Y41         LUT6 (Prop_lut6_I5_O)        0.045     0.661 r  control_s_axi_U/rdata[30]_i_1/O
                         net (fo=1, routed)           0.000     0.661    control_s_axi_U/rdata[30]
    SLICE_X49Y41         FDRE                                         r  control_s_axi_U/rdata_reg[30]/D
  -------------------------------------------------------------------    -------------------

                         (clock ap_clk rise edge)     0.000     0.000 r  <hidden>
                                                      0.000     0.000 r  ap_clk
                         net (fo=1171, unset)         0.432     0.432    control_s_axi_U/ap_clk
    SLICE_X49Y41         FDRE                                         r  control_s_axi_U/rdata_reg[30]/C
                         clock pessimism              0.000     0.432    <hidden>
    SLICE_X49Y41         FDRE (Hold_fdre_C_D)         0.091     0.523    control_s_axi_U/rdata_reg[30]
  -------------------------------------------------------------------
                         required time                         -0.523    <hidden>
                         arrival time                           0.661    <hidden>
  -------------------------------------------------------------------
                         slack                                  0.138    <hidden>

Slack (MET) :             0.140ns  (arrival time - required time)
  Source:                 cols_c_U/U_sobel_top_fifo_w32_d2_S_ShiftReg/SRL_SIG_reg[1][2]/C
                            (rising edge-triggered cell FDRE clocked by ap_clk  {rise@0.000ns fall@3.367ns period=6.734ns})
  Destination:            xfMat2AXIvideo_8_0_1080_1920_1_2_0_U0/add_ln216_reg_184_reg[2]/D
                            (rising edge-triggered cell FDRE clocked by ap_clk  {rise@0.000ns fall@3.367ns period=6.734ns})
  Path Group:             ap_clk
  Path Type:              Hold (Min at Fast Process Corner)
  Requirement:            0.000ns  (ap_clk rise@0.000ns - ap_clk rise@0.000ns)
  Data Path Delay:        0.252ns  (logic 0.186ns (73.765%)  route 0.066ns (26.235%))
  Logic Levels:           1  (LUT6=1)
  Clock Path Skew:        0.022ns (DCD - SCD - CPR)
    Destination Clock Delay (DCD):    0.432ns
    Source Clock Delay      (SCD):    0.410ns
    Clock Pessimism Removal (CPR):    -0.000ns

    Location             Delay type                Incr(ns)  Path(ns)    Netlist Resource(s)
  -------------------------------------------------------------------    -------------------
                         (clock ap_clk rise edge)     0.000     0.000 r  <hidden>
                                                      0.000     0.000 r  ap_clk
                         net (fo=1171, unset)         0.410     0.410    cols_c_U/U_sobel_top_fifo_w32_d2_S_ShiftReg/ap_clk
    SLICE_X48Y50         FDRE                                         r  cols_c_U/U_sobel_top_fifo_w32_d2_S_ShiftReg/SRL_SIG_reg[1][2]/C
  -------------------------------------------------------------------    -------------------
    SLICE_X48Y50         FDRE (Prop_fdre_C_Q)         0.141     0.551 r  cols_c_U/U_sobel_top_fifo_w32_d2_S_ShiftReg/SRL_SIG_reg[1][2]/Q
                         net (fo=4, routed)           0.066     0.617    cols_c_U/U_sobel_top_fifo_w32_d2_S_ShiftReg/SRL_SIG_reg[1]_0[2]
    SLICE_X49Y50         LUT6 (Prop_lut6_I5_O)        0.045     0.662 r  cols_c_U/U_sobel_top_fifo_w32_d2_S_ShiftReg/add_ln216_reg_184[2]_i_1/O
                         net (fo=1, routed)           0.000     0.662    xfMat2AXIvideo_8_0_1080_1920_1_2_0_U0/add_ln216_reg_184_reg[10]_0[2]
    SLICE_X49Y50         FDRE                                         r  xfMat2AXIvideo_8_0_1080_1920_1_2_0_U0/add_ln216_reg_184_reg[2]/D
  -------------------------------------------------------------------    -------------------

                         (clock ap_clk rise edge)     0.000     0.000 r  <hidden>
                                                      0.000     0.000 r  ap_clk
                         net (fo=1171, unset)         0.432     0.432    xfMat2AXIvideo_8_0_1080_1920_1_2_0_U0/ap_clk
    SLICE_X49Y50         FDRE                                         r  xfMat2AXIvideo_8_0_1080_1920_1_2_0_U0/add_ln216_reg_184_reg[2]/C
                         clock pessimism              0.000     0.432    <hidden>
    SLICE_X49Y50         FDRE (Hold_fdre_C_D)         0.091     0.523    xfMat2AXIvideo_8_0_1080_1920_1_2_0_U0/add_ln216_reg_184_reg[2]
  -------------------------------------------------------------------
                         required time                         -0.523    <hidden>
                         arrival time                           0.662    <hidden>
  -------------------------------------------------------------------
                         slack                                  0.140    <hidden>

Slack (MET) :             0.141ns  (arrival time - required time)
  Source:                 xfMat2AXIvideo_8_0_1080_1920_1_2_0_U0/i_2_reg_192_reg[5]/C
                            (rising edge-triggered cell FDRE clocked by ap_clk  {rise@0.000ns fall@3.367ns period=6.734ns})
  Destination:            xfMat2AXIvideo_8_0_1080_1920_1_2_0_U0/i_fu_76_reg[5]/D
                            (rising edge-triggered cell FDRE clocked by ap_clk  {rise@0.000ns fall@3.367ns period=6.734ns})
  Path Group:             ap_clk
  Path Type:              Hold (Min at Fast Process Corner)
  Requirement:            0.000ns  (ap_clk rise@0.000ns - ap_clk rise@0.000ns)
  Data Path Delay:        0.238ns  (logic 0.141ns (59.201%)  route 0.097ns (40.799%))
  Logic Levels:           0  
  Clock Path Skew:        0.022ns (DCD - SCD - CPR)
    Destination Clock Delay (DCD):    0.432ns
    Source Clock Delay      (SCD):    0.410ns
    Clock Pessimism Removal (CPR):    -0.000ns

    Location             Delay type                Incr(ns)  Path(ns)    Netlist Resource(s)
  -------------------------------------------------------------------    -------------------
                         (clock ap_clk rise edge)     0.000     0.000 r  <hidden>
                                                      0.000     0.000 r  ap_clk
                         net (fo=1171, unset)         0.410     0.410    xfMat2AXIvideo_8_0_1080_1920_1_2_0_U0/ap_clk
    SLICE_X45Y49         FDRE                                         r  xfMat2AXIvideo_8_0_1080_1920_1_2_0_U0/i_2_reg_192_reg[5]/C
  -------------------------------------------------------------------    -------------------
    SLICE_X45Y49         FDRE (Prop_fdre_C_Q)         0.141     0.551 r  xfMat2AXIvideo_8_0_1080_1920_1_2_0_U0/i_2_reg_192_reg[5]/Q
                         net (fo=1, routed)           0.097     0.648    xfMat2AXIvideo_8_0_1080_1920_1_2_0_U0/i_2_reg_192[5]
    SLICE_X46Y49         FDRE                                         r  xfMat2AXIvideo_8_0_1080_1920_1_2_0_U0/i_fu_76_reg[5]/D
  -------------------------------------------------------------------    -------------------

                         (clock ap_clk rise edge)     0.000     0.000 r  <hidden>
                                                      0.000     0.000 r  ap_clk
                         net (fo=1171, unset)         0.432     0.432    xfMat2AXIvideo_8_0_1080_1920_1_2_0_U0/ap_clk
    SLICE_X46Y49         FDRE                                         r  xfMat2AXIvideo_8_0_1080_1920_1_2_0_U0/i_fu_76_reg[5]/C
                         clock pessimism              0.000     0.432    <hidden>
    SLICE_X46Y49         FDRE (Hold_fdre_C_D)         0.076     0.508    xfMat2AXIvideo_8_0_1080_1920_1_2_0_U0/i_fu_76_reg[5]
  -------------------------------------------------------------------
                         required time                         -0.508    <hidden>
                         arrival time                           0.648    <hidden>
  -------------------------------------------------------------------
                         slack                                  0.141    <hidden>

Slack (MET) :             0.146ns  (arrival time - required time)
  Source:                 AXIvideo2xfMat_8_0_1080_1920_1_2_U0/empty_65_reg_427_reg[7]/C
                            (rising edge-triggered cell FDRE clocked by ap_clk  {rise@0.000ns fall@3.367ns period=6.734ns})
  Destination:            rows_c4_U/U_sobel_top_fifo_w32_d2_S_ShiftReg/SRL_SIG_reg[1][7]/D
                            (rising edge-triggered cell FDRE clocked by ap_clk  {rise@0.000ns fall@3.367ns period=6.734ns})
  Path Group:             ap_clk
  Path Type:              Hold (Min at Fast Process Corner)
  Requirement:            0.000ns  (ap_clk rise@0.000ns - ap_clk rise@0.000ns)
  Data Path Delay:        0.232ns  (logic 0.164ns (70.680%)  route 0.068ns (29.320%))
  Logic Levels:           0  
  Clock Path Skew:        0.022ns (DCD - SCD - CPR)
    Destination Clock Delay (DCD):    0.432ns
    Source Clock Delay      (SCD):    0.410ns
    Clock Pessimism Removal (CPR):    -0.000ns

    Location             Delay type                Incr(ns)  Path(ns)    Netlist Resource(s)
  -------------------------------------------------------------------    -------------------
                         (clock ap_clk rise edge)     0.000     0.000 r  <hidden>
                                                      0.000     0.000 r  ap_clk
                         net (fo=1171, unset)         0.410     0.410    AXIvideo2xfMat_8_0_1080_1920_1_2_U0/ap_clk
    SLICE_X42Y44         FDRE                                         r  AXIvideo2xfMat_8_0_1080_1920_1_2_U0/empty_65_reg_427_reg[7]/C
  -------------------------------------------------------------------    -------------------
    SLICE_X42Y44         FDRE (Prop_fdre_C_Q)         0.164     0.574 r  AXIvideo2xfMat_8_0_1080_1920_1_2_U0/empty_65_reg_427_reg[7]/Q
                         net (fo=3, routed)           0.068     0.642    rows_c4_U/U_sobel_top_fifo_w32_d2_S_ShiftReg/D[7]
    SLICE_X42Y44         FDRE                                         r  rows_c4_U/U_sobel_top_fifo_w32_d2_S_ShiftReg/SRL_SIG_reg[1][7]/D
  -------------------------------------------------------------------    -------------------

                         (clock ap_clk rise edge)     0.000     0.000 r  <hidden>
                                                      0.000     0.000 r  ap_clk
                         net (fo=1171, unset)         0.432     0.432    rows_c4_U/U_sobel_top_fifo_w32_d2_S_ShiftReg/ap_clk
    SLICE_X42Y44         FDRE                                         r  rows_c4_U/U_sobel_top_fifo_w32_d2_S_ShiftReg/SRL_SIG_reg[1][7]/C
                         clock pessimism              0.000     0.432    <hidden>
    SLICE_X42Y44         FDRE (Hold_fdre_C_D)         0.064     0.496    rows_c4_U/U_sobel_top_fifo_w32_d2_S_ShiftReg/SRL_SIG_reg[1][7]
  -------------------------------------------------------------------
                         required time                         -0.496    <hidden>
                         arrival time                           0.642    <hidden>
  -------------------------------------------------------------------
                         slack                                  0.146    <hidden>

Slack (MET) :             0.147ns  (arrival time - required time)
  Source:                 xfMat2AXIvideo_8_0_1080_1920_1_2_0_U0/i_2_reg_192_reg[2]/C
                            (rising edge-triggered cell FDRE clocked by ap_clk  {rise@0.000ns fall@3.367ns period=6.734ns})
  Destination:            xfMat2AXIvideo_8_0_1080_1920_1_2_0_U0/i_fu_76_reg[2]/D
                            (rising edge-triggered cell FDRE clocked by ap_clk  {rise@0.000ns fall@3.367ns period=6.734ns})
  Path Group:             ap_clk
  Path Type:              Hold (Min at Fast Process Corner)
  Requirement:            0.000ns  (ap_clk rise@0.000ns - ap_clk rise@0.000ns)
  Data Path Delay:        0.243ns  (logic 0.141ns (57.984%)  route 0.102ns (42.016%))
  Logic Levels:           0  
  Clock Path Skew:        0.022ns (DCD - SCD - CPR)
    Destination Clock Delay (DCD):    0.432ns
    Source Clock Delay      (SCD):    0.410ns
    Clock Pessimism Removal (CPR):    -0.000ns

    Location             Delay type                Incr(ns)  Path(ns)    Netlist Resource(s)
  -------------------------------------------------------------------    -------------------
                         (clock ap_clk rise edge)     0.000     0.000 r  <hidden>
                                                      0.000     0.000 r  ap_clk
                         net (fo=1171, unset)         0.410     0.410    xfMat2AXIvideo_8_0_1080_1920_1_2_0_U0/ap_clk
    SLICE_X45Y49         FDRE                                         r  xfMat2AXIvideo_8_0_1080_1920_1_2_0_U0/i_2_reg_192_reg[2]/C
  -------------------------------------------------------------------    -------------------
    SLICE_X45Y49         FDRE (Prop_fdre_C_Q)         0.141     0.551 r  xfMat2AXIvideo_8_0_1080_1920_1_2_0_U0/i_2_reg_192_reg[2]/Q
                         net (fo=1, routed)           0.102     0.653    xfMat2AXIvideo_8_0_1080_1920_1_2_0_U0/i_2_reg_192[2]
    SLICE_X46Y49         FDRE                                         r  xfMat2AXIvideo_8_0_1080_1920_1_2_0_U0/i_fu_76_reg[2]/D
  -------------------------------------------------------------------    -------------------

                         (clock ap_clk rise edge)     0.000     0.000 r  <hidden>
                                                      0.000     0.000 r  ap_clk
                         net (fo=1171, unset)         0.432     0.432    xfMat2AXIvideo_8_0_1080_1920_1_2_0_U0/ap_clk
    SLICE_X46Y49         FDRE                                         r  xfMat2AXIvideo_8_0_1080_1920_1_2_0_U0/i_fu_76_reg[2]/C
                         clock pessimism              0.000     0.432    <hidden>
    SLICE_X46Y49         FDRE (Hold_fdre_C_D)         0.075     0.507    xfMat2AXIvideo_8_0_1080_1920_1_2_0_U0/i_fu_76_reg[2]
  -------------------------------------------------------------------
                         required time                         -0.507    <hidden>
                         arrival time                           0.653    <hidden>
  -------------------------------------------------------------------
                         slack                                  0.147    <hidden>





Pulse Width Checks
--------------------------------------------------------------------------------------
Clock Name:         ap_clk
Waveform(ns):       { 0.000 3.367 }
Period(ns):         6.734
Sources:            { ap_clk }

Check Type        Corner  Lib Pin             Reference Pin  Required(ns)  Actual(ns)  Slack(ns)  Location      Pin
Min Period        n/a     RAMB18E1/CLKARDCLK  n/a            2.944         6.734       3.790      RAMB18_X1Y18  Sobel_0_3_0_3_1080_1920_1_false_2_2_2_U0/grp_xFSobelFilter3x3_0_3_1080_1920_1_0_4_1_2_2_2_1_6_1920_false_s_fu_68/buf_1_U/ram_reg/CLKARDCLK
Min Period        n/a     RAMB18E1/CLKARDCLK  n/a            2.944         6.734       3.790      RAMB18_X1Y19  Sobel_0_3_0_3_1080_1920_1_false_2_2_2_U0/grp_xFSobelFilter3x3_0_3_1080_1920_1_0_4_1_2_2_2_1_6_1920_false_s_fu_68/buf_2_U/ram_reg/CLKARDCLK
Min Period        n/a     RAMB18E1/CLKARDCLK  n/a            2.944         6.734       3.790      RAMB18_X2Y18  Sobel_0_3_0_3_1080_1920_1_false_2_2_2_U0/grp_xFSobelFilter3x3_0_3_1080_1920_1_0_4_1_2_2_2_1_6_1920_false_s_fu_68/buf_U/ram_reg/CLKARDCLK
Min Period        n/a     RAMB18E1/CLKBWRCLK  n/a            2.576         6.734       4.158      RAMB18_X1Y18  Sobel_0_3_0_3_1080_1920_1_false_2_2_2_U0/grp_xFSobelFilter3x3_0_3_1080_1920_1_0_4_1_2_2_2_1_6_1920_false_s_fu_68/buf_1_U/ram_reg/CLKBWRCLK
Min Period        n/a     RAMB18E1/CLKBWRCLK  n/a            2.576         6.734       4.158      RAMB18_X1Y19  Sobel_0_3_0_3_1080_1920_1_false_2_2_2_U0/grp_xFSobelFilter3x3_0_3_1080_1920_1_0_4_1_2_2_2_1_6_1920_false_s_fu_68/buf_2_U/ram_reg/CLKBWRCLK
Min Period        n/a     RAMB18E1/CLKBWRCLK  n/a            2.576         6.734       4.158      RAMB18_X2Y18  Sobel_0_3_0_3_1080_1920_1_false_2_2_2_U0/grp_xFSobelFilter3x3_0_3_1080_1920_1_0_4_1_2_2_2_1_6_1920_false_s_fu_68/buf_U/ram_reg/CLKBWRCLK
Min Period        n/a     FDSE/C              n/a            1.000         6.734       5.734      SLICE_X45Y46  AXIvideo2xfMat_8_0_1080_1920_1_2_U0/ap_CS_fsm_reg[0]/C
Min Period        n/a     FDRE/C              n/a            1.000         6.734       5.734      SLICE_X44Y54  AXIvideo2xfMat_8_0_1080_1920_1_2_U0/ap_CS_fsm_reg[1]/C
Min Period        n/a     FDRE/C              n/a            1.000         6.734       5.734      SLICE_X45Y54  AXIvideo2xfMat_8_0_1080_1920_1_2_U0/ap_CS_fsm_reg[2]/C
Min Period        n/a     FDRE/C              n/a            1.000         6.734       5.734      SLICE_X45Y54  AXIvideo2xfMat_8_0_1080_1920_1_2_U0/ap_CS_fsm_reg[3]/C
Low Pulse Width   Slow    SRL16E/CLK          n/a            0.980         3.367       2.387      SLICE_X30Y45  Sobel_0_3_0_3_1080_1920_1_false_2_2_2_U0/grp_xFSobelFilter3x3_0_3_1080_1920_1_0_4_1_2_2_2_1_6_1920_false_s_fu_68/grp_xFSobelFilter3x3_Pipeline_Col_Loop_fu_164/ap_loop_exit_ready_pp0_iter5_reg_reg_srl5/CLK
Low Pulse Width   Fast    SRL16E/CLK          n/a            0.980         3.367       2.387      SLICE_X30Y45  Sobel_0_3_0_3_1080_1920_1_false_2_2_2_U0/grp_xFSobelFilter3x3_0_3_1080_1920_1_0_4_1_2_2_2_1_6_1920_false_s_fu_68/grp_xFSobelFilter3x3_Pipeline_Col_Loop_fu_164/ap_loop_exit_ready_pp0_iter5_reg_reg_srl5/CLK
Low Pulse Width   Slow    SRL16E/CLK          n/a            0.980         3.367       2.387      SLICE_X30Y45  Sobel_0_3_0_3_1080_1920_1_false_2_2_2_U0/grp_xFSobelFilter3x3_0_3_1080_1920_1_0_4_1_2_2_2_1_6_1920_false_s_fu_68/grp_xFSobelFilter3x3_Pipeline_Col_Loop_fu_164/icmp_ln226_reg_659_pp0_iter3_reg_reg[0]_srl2/CLK
Low Pulse Width   Fast    SRL16E/CLK          n/a            0.980         3.367       2.387      SLICE_X30Y45  Sobel_0_3_0_3_1080_1920_1_false_2_2_2_U0/grp_xFSobelFilter3x3_0_3_1080_1920_1_0_4_1_2_2_2_1_6_1920_false_s_fu_68/grp_xFSobelFilter3x3_Pipeline_Col_Loop_fu_164/icmp_ln226_reg_659_pp0_iter3_reg_reg[0]_srl2/CLK
Low Pulse Width   Slow    SRL16E/CLK          n/a            0.980         3.367       2.387      SLICE_X30Y45  Sobel_0_3_0_3_1080_1920_1_false_2_2_2_U0/grp_xFSobelFilter3x3_0_3_1080_1920_1_0_4_1_2_2_2_1_6_1920_false_s_fu_68/grp_xFSobelFilter3x3_Pipeline_Col_Loop_fu_164/icmp_ln251_reg_685_pp0_iter5_reg_reg[0]_srl2/CLK
Low Pulse Width   Fast    SRL16E/CLK          n/a            0.980         3.367       2.387      SLICE_X30Y45  Sobel_0_3_0_3_1080_1920_1_false_2_2_2_U0/grp_xFSobelFilter3x3_0_3_1080_1920_1_0_4_1_2_2_2_1_6_1920_false_s_fu_68/grp_xFSobelFilter3x3_Pipeline_Col_Loop_fu_164/icmp_ln251_reg_685_pp0_iter5_reg_reg[0]_srl2/CLK
Low Pulse Width   Slow    FDSE/C              n/a            0.500         3.367       2.867      SLICE_X45Y46  AXIvideo2xfMat_8_0_1080_1920_1_2_U0/ap_CS_fsm_reg[0]/C
Low Pulse Width   Fast    FDSE/C              n/a            0.500         3.367       2.867      SLICE_X45Y46  AXIvideo2xfMat_8_0_1080_1920_1_2_U0/ap_CS_fsm_reg[0]/C
Low Pulse Width   Slow    FDRE/C              n/a            0.500         3.367       2.867      SLICE_X44Y54  AXIvideo2xfMat_8_0_1080_1920_1_2_U0/ap_CS_fsm_reg[1]/C
Low Pulse Width   Fast    FDRE/C              n/a            0.500         3.367       2.867      SLICE_X44Y54  AXIvideo2xfMat_8_0_1080_1920_1_2_U0/ap_CS_fsm_reg[1]/C
High Pulse Width  Slow    SRL16E/CLK          n/a            0.980         3.367       2.387      SLICE_X30Y45  Sobel_0_3_0_3_1080_1920_1_false_2_2_2_U0/grp_xFSobelFilter3x3_0_3_1080_1920_1_0_4_1_2_2_2_1_6_1920_false_s_fu_68/grp_xFSobelFilter3x3_Pipeline_Col_Loop_fu_164/ap_loop_exit_ready_pp0_iter5_reg_reg_srl5/CLK
High Pulse Width  Fast    SRL16E/CLK          n/a            0.980         3.367       2.387      SLICE_X30Y45  Sobel_0_3_0_3_1080_1920_1_false_2_2_2_U0/grp_xFSobelFilter3x3_0_3_1080_1920_1_0_4_1_2_2_2_1_6_1920_false_s_fu_68/grp_xFSobelFilter3x3_Pipeline_Col_Loop_fu_164/ap_loop_exit_ready_pp0_iter5_reg_reg_srl5/CLK
High Pulse Width  Slow    SRL16E/CLK          n/a            0.980         3.367       2.387      SLICE_X30Y45  Sobel_0_3_0_3_1080_1920_1_false_2_2_2_U0/grp_xFSobelFilter3x3_0_3_1080_1920_1_0_4_1_2_2_2_1_6_1920_false_s_fu_68/grp_xFSobelFilter3x3_Pipeline_Col_Loop_fu_164/icmp_ln226_reg_659_pp0_iter3_reg_reg[0]_srl2/CLK
High Pulse Width  Fast    SRL16E/CLK          n/a            0.980         3.367       2.387      SLICE_X30Y45  Sobel_0_3_0_3_1080_1920_1_false_2_2_2_U0/grp_xFSobelFilter3x3_0_3_1080_1920_1_0_4_1_2_2_2_1_6_1920_false_s_fu_68/grp_xFSobelFilter3x3_Pipeline_Col_Loop_fu_164/icmp_ln226_reg_659_pp0_iter3_reg_reg[0]_srl2/CLK
High Pulse Width  Slow    SRL16E/CLK          n/a            0.980         3.367       2.387      SLICE_X30Y45  Sobel_0_3_0_3_1080_1920_1_false_2_2_2_U0/grp_xFSobelFilter3x3_0_3_1080_1920_1_0_4_1_2_2_2_1_6_1920_false_s_fu_68/grp_xFSobelFilter3x3_Pipeline_Col_Loop_fu_164/icmp_ln251_reg_685_pp0_iter5_reg_reg[0]_srl2/CLK
High Pulse Width  Fast    SRL16E/CLK          n/a            0.980         3.367       2.387      SLICE_X30Y45  Sobel_0_3_0_3_1080_1920_1_false_2_2_2_U0/grp_xFSobelFilter3x3_0_3_1080_1920_1_0_4_1_2_2_2_1_6_1920_false_s_fu_68/grp_xFSobelFilter3x3_Pipeline_Col_Loop_fu_164/icmp_ln251_reg_685_pp0_iter5_reg_reg[0]_srl2/CLK
High Pulse Width  Slow    FDSE/C              n/a            0.500         3.367       2.867      SLICE_X45Y46  AXIvideo2xfMat_8_0_1080_1920_1_2_U0/ap_CS_fsm_reg[0]/C
High Pulse Width  Fast    FDSE/C              n/a            0.500         3.367       2.867      SLICE_X45Y46  AXIvideo2xfMat_8_0_1080_1920_1_2_U0/ap_CS_fsm_reg[0]/C
High Pulse Width  Slow    FDRE/C              n/a            0.500         3.367       2.867      SLICE_X44Y54  AXIvideo2xfMat_8_0_1080_1920_1_2_U0/ap_CS_fsm_reg[1]/C
High Pulse Width  Fast    FDRE/C              n/a            0.500         3.367       2.867      SLICE_X44Y54  AXIvideo2xfMat_8_0_1080_1920_1_2_U0/ap_CS_fsm_reg[1]/C



