

================================================================
== Vitis HLS Report for 'sobel_top'
================================================================
* Date:           Mon Oct  5 10:30:56 2026

* Version:        2026.1 (Build 6493734 on Jun 16 2026)
* Project:        hls_prj
* Solution:       sol (Vivado IP Flow Target)
* Product family: zynq
* Target device:  xc7z020-clg400-1


================================================================
== Performance Estimates
================================================================
+ Timing: 
    * Summary: 
    +--------+---------+----------+------------+
    |  Clock |  Target | Estimated| Uncertainty|
    +--------+---------+----------+------------+
    |ap_clk  |  6.73 ns|  6.481 ns|     1.82 ns|
    +--------+---------+----------+------------+

+ Latency: 
    * Summary: 
    +---------+---------+-----------+-----------+---------+---------+----------+
    |  Latency (cycles) |   Latency (absolute)  |      Interval     | Pipeline |
    |   min   |   max   |    min    |    max    |   min   |   max   |   Type   |
    +---------+---------+-----------+-----------+---------+---------+----------+
    |  2090653|  2090653|  14.078 ms|  14.078 ms|  2090649|  2090649|  dataflow|
    +---------+---------+-----------+-----------+---------+---------+----------+

    + Detail: 
        * Instance: 
        +------------------------------------------+-----------------------------------------+---------+---------+-----------+-----------+---------+---------+---------+
        |                                          |                                         |  Latency (cycles) |   Latency (absolute)  |      Interval     | Pipeline|
        |                 Instance                 |                  Module                 |   min   |   max   |    min    |    max    |   min   |   max   |   Type  |
        +------------------------------------------+-----------------------------------------+---------+---------+-----------+-----------+---------+---------+---------+
        |AXIvideo2xfMat_8_0_1080_1920_1_2_U0       |AXIvideo2xfMat_8_0_1080_1920_1_2_s       |       16|  2084407|   0.108 us|  14.036 ms|       16|  2084407|       no|
        |Sobel_0_3_0_3_1080_1920_1_false_2_2_2_U0  |Sobel_0_3_0_3_1080_1920_1_false_2_2_2_s  |  2090648|  2090648|  14.078 ms|  14.078 ms|  2090648|  2090648|       no|
        |sobel_combine_U0                          |sobel_combine                            |        8|  2080081|  53.872 ns|  14.007 ms|        8|  2080081|       no|
        |xfMat2AXIvideo_8_0_1080_1920_1_2_0_U0     |xfMat2AXIvideo_8_0_1080_1920_1_2_0_s     |        9|  2080082|  60.606 ns|  14.007 ms|        9|  2080082|       no|
        +------------------------------------------+-----------------------------------------+---------+---------+-----------+-----------+---------+---------+---------+

        * Loop: 
        N/A



================================================================
== Utilization Estimates
================================================================
* Summary: 
+-----------------+---------+-----+--------+-------+-----+
|       Name      | BRAM_18K| DSP |   FF   |  LUT  | URAM|
+-----------------+---------+-----+--------+-------+-----+
|DSP              |        -|    -|       -|      -|    -|
|Expression       |        -|    -|       0|      2|    -|
|FIFO             |        -|    -|     990|    680|    -|
|Instance         |        3|    -|    1100|   2364|    -|
|Memory           |        -|    -|       -|      -|    -|
|Multiplexer      |        -|    -|       -|      -|    -|
|Register         |        -|    -|       -|      -|    -|
+-----------------+---------+-----+--------+-------+-----+
|Total            |        3|    0|    2090|   3046|    0|
+-----------------+---------+-----+--------+-------+-----+
|Available        |      280|  220|  106400|  53200|    0|
+-----------------+---------+-----+--------+-------+-----+
|Utilization (%)  |        1|    0|       1|      5|    0|
+-----------------+---------+-----+--------+-------+-----+

+ Detail: 
    * Instance: 
    +------------------------------------------+-----------------------------------------+---------+----+-----+------+-----+
    |                 Instance                 |                  Module                 | BRAM_18K| DSP|  FF |  LUT | URAM|
    +------------------------------------------+-----------------------------------------+---------+----+-----+------+-----+
    |AXIvideo2xfMat_8_0_1080_1920_1_2_U0       |AXIvideo2xfMat_8_0_1080_1920_1_2_s       |        0|   0|   93|   393|    0|
    |Sobel_0_3_0_3_1080_1920_1_false_2_2_2_U0  |Sobel_0_3_0_3_1080_1920_1_false_2_2_2_s  |        3|   0|  668|  1197|    0|
    |control_s_axi_U                           |control_s_axi                            |        0|   0|  112|   168|    0|
    |sobel_combine_U0                          |sobel_combine                            |        0|   0|  132|   338|    0|
    |xfMat2AXIvideo_8_0_1080_1920_1_2_0_U0     |xfMat2AXIvideo_8_0_1080_1920_1_2_0_s     |        0|   0|   95|   268|    0|
    +------------------------------------------+-----------------------------------------+---------+----+-----+------+-----+
    |Total                                     |                                         |        3|   0| 1100|  2364|    0|
    +------------------------------------------+-----------------------------------------+---------+----+-----+------+-----+

    * DSP: 
    N/A

    * Memory: 
    N/A

    * FIFO: 
    +------------+---------+----+----+-----+------+-----+---------+
    |    Name    | BRAM_18K| FF | LUT| URAM| Depth| Bits| Size:D*B|
    +------------+---------+----+----+-----+------+-----+---------+
    |cols_c5_U   |        0|  99|  68|    0|     2|   32|       64|
    |cols_c6_U   |        0|  99|  68|    0|     2|   32|       64|
    |cols_c_U    |        0|  99|  68|    0|     2|   32|       64|
    |dst_data_U  |        0|  99|  68|    0|     2|    8|       16|
    |gx_data_U   |        0|  99|  68|    0|     2|   16|       32|
    |gy_data_U   |        0|  99|  68|    0|     2|   16|       32|
    |rows_c3_U   |        0|  99|  68|    0|     2|   32|       64|
    |rows_c4_U   |        0|  99|  68|    0|     2|   32|       64|
    |rows_c_U    |        0|  99|  68|    0|     2|   32|       64|
    |src_data_U  |        0|  99|  68|    0|     2|    8|       16|
    +------------+---------+----+----+-----+------+-----+---------+
    |Total       |        0| 990| 680|    0|    20|  240|      480|
    +------------+---------+----+----+-----+------+-----+---------+

    * Expression: 
    +--------------+----------+----+---+----+------------+------------+
    | Variable Name| Operation| DSP| FF| LUT| Bitwidth P0| Bitwidth P1|
    +--------------+----------+----+---+----+------------+------------+
    |ap_idle       |       and|   0|  0|   2|           1|           1|
    +--------------+----------+----+---+----+------------+------------+
    |Total         |          |   0|  0|   2|           1|           1|
    +--------------+----------+----+---+----+------------+------------+

    * Multiplexer: 
    N/A

    * Register: 
    N/A



================================================================
== Interface
================================================================
* Summary: 
+-----------------------+-----+-----+------------+-----------------+--------------+
|       RTL Ports       | Dir | Bits|  Protocol  |  Source Object  |    C Type    |
+-----------------------+-----+-----+------------+-----------------+--------------+
|s_axi_control_AWVALID  |   in|    1|       s_axi|          control|        scalar|
|s_axi_control_AWREADY  |  out|    1|       s_axi|          control|        scalar|
|s_axi_control_AWADDR   |   in|    5|       s_axi|          control|        scalar|
|s_axi_control_WVALID   |   in|    1|       s_axi|          control|        scalar|
|s_axi_control_WREADY   |  out|    1|       s_axi|          control|        scalar|
|s_axi_control_WDATA    |   in|   32|       s_axi|          control|        scalar|
|s_axi_control_WSTRB    |   in|    4|       s_axi|          control|        scalar|
|s_axi_control_ARVALID  |   in|    1|       s_axi|          control|        scalar|
|s_axi_control_ARREADY  |  out|    1|       s_axi|          control|        scalar|
|s_axi_control_ARADDR   |   in|    5|       s_axi|          control|        scalar|
|s_axi_control_RVALID   |  out|    1|       s_axi|          control|        scalar|
|s_axi_control_RREADY   |   in|    1|       s_axi|          control|        scalar|
|s_axi_control_RDATA    |  out|   32|       s_axi|          control|        scalar|
|s_axi_control_RRESP    |  out|    2|       s_axi|          control|        scalar|
|s_axi_control_BVALID   |  out|    1|       s_axi|          control|        scalar|
|s_axi_control_BREADY   |   in|    1|       s_axi|          control|        scalar|
|s_axi_control_BRESP    |  out|    2|       s_axi|          control|        scalar|
|ap_clk                 |   in|    1|  ap_ctrl_hs|        sobel_top|  return value|
|ap_rst_n               |   in|    1|  ap_ctrl_hs|        sobel_top|  return value|
|interrupt              |  out|    1|  ap_ctrl_hs|        sobel_top|  return value|
|s_axis_TDATA           |   in|    8|        axis|  s_axis_V_data_V|       pointer|
|s_axis_TKEEP           |   in|    1|        axis|  s_axis_V_keep_V|       pointer|
|s_axis_TSTRB           |   in|    1|        axis|  s_axis_V_strb_V|       pointer|
|s_axis_TUSER           |   in|    1|        axis|  s_axis_V_user_V|       pointer|
|s_axis_TLAST           |   in|    1|        axis|  s_axis_V_last_V|       pointer|
|s_axis_TID             |   in|    1|        axis|    s_axis_V_id_V|       pointer|
|s_axis_TDEST           |   in|    1|        axis|  s_axis_V_dest_V|       pointer|
|s_axis_TVALID          |   in|    1|        axis|  s_axis_V_dest_V|       pointer|
|s_axis_TREADY          |  out|    1|        axis|  s_axis_V_dest_V|       pointer|
|m_axis_TDATA           |  out|    8|        axis|  m_axis_V_data_V|       pointer|
|m_axis_TKEEP           |  out|    1|        axis|  m_axis_V_keep_V|       pointer|
|m_axis_TSTRB           |  out|    1|        axis|  m_axis_V_strb_V|       pointer|
|m_axis_TUSER           |  out|    1|        axis|  m_axis_V_user_V|       pointer|
|m_axis_TLAST           |  out|    1|        axis|  m_axis_V_last_V|       pointer|
|m_axis_TID             |  out|    1|        axis|    m_axis_V_id_V|       pointer|
|m_axis_TDEST           |  out|    1|        axis|  m_axis_V_dest_V|       pointer|
|m_axis_TVALID          |  out|    1|        axis|  m_axis_V_dest_V|       pointer|
|m_axis_TREADY          |   in|    1|        axis|  m_axis_V_dest_V|       pointer|
+-----------------------+-----+-----+------------+-----------------+--------------+

