

================================================================
== Vitis HLS Report for 'xFSobelFilter3x3_0_3_1080_1920_1_0_4_1_2_2_2_1_6_1920_false_s'
================================================================
* Date:           Mon Oct  5 10:30:54 2026

* Version:        2026.1 (Build 6493734 on Jun 16 2026)
* Project:        hls_prj
* Solution:       sol (Vivado IP Flow Target)
* Product family: zynq
* Target device:  xc7z020-clg400-1


================================================================
== Performance Estimates
================================================================
+ Timing: 
    * Summary: 
    +--------+---------+----------+------------+
    |  Clock |  Target | Estimated| Uncertainty|
    +--------+---------+----------+------------+
    |ap_clk  |  6.73 ns|  6.481 ns|     1.82 ns|
    +--------+---------+----------+------------+

+ Latency: 
    * Summary: 
    +---------+---------+-----------+-----------+---------+---------+---------+
    |  Latency (cycles) |   Latency (absolute)  |      Interval     | Pipeline|
    |   min   |   max   |    min    |    max    |   min   |   max   |   Type  |
    +---------+---------+-----------+-----------+---------+---------+---------+
    |  2090646|  2090646|  14.078 ms|  14.078 ms|  2090646|  2090646|       no|
    +---------+---------+-----------+-----------+---------+---------+---------+

    + Detail: 
        * Instance: 
        +-----------------------------------------------------+------------------------------------------+---------+---------+-----------+-----------+-----+-----+-------------------+
        |                                                     |                                          |  Latency (cycles) |   Latency (absolute)  |  Interval |      Pipeline     |
        |                       Instance                      |                  Module                  |   min   |   max   |    min    |    max    | min | max |        Type       |
        +-----------------------------------------------------+------------------------------------------+---------+---------+-----------+-----------+-----+-----+-------------------+
        |grp_xFSobelFilter3x3_Pipeline_Clear_Row_Loop_fu_152  |xFSobelFilter3x3_Pipeline_Clear_Row_Loop  |     1923|     1923|  12.949 us|  12.949 us|    0|    0|  loop pipeline stp|
        |grp_xFSobelFilter3x3_Pipeline_Col_Loop_fu_164        |xFSobelFilter3x3_Pipeline_Col_Loop        |     1928|     1928|  12.983 us|  12.983 us|    0|    0|  loop pipeline stp|
        |grp_xFGradientX3x3_0_4_s_fu_189                      |xFGradientX3x3_0_4_s                      |        1|        1|   6.734 ns|   6.734 ns|    1|    1|                yes|
        |grp_xFGradientY3x3_0_4_s_fu_202                      |xFGradientY3x3_0_4_s                      |        1|        1|   6.734 ns|   6.734 ns|    1|    1|                yes|
        +-----------------------------------------------------+------------------------------------------+---------+---------+-----------+-----------+-----+-----+-------------------+

        * Loop: 
        +------------+---------+---------+----------+-----------+-----------+------+----------+
        |            |  Latency (cycles) | Iteration|  Initiation Interval  | Trip |          |
        |  Loop Name |   min   |   max   |  Latency |  achieved |   target  | Count| Pipelined|
        +------------+---------+---------+----------+-----------+-----------+------+----------+
        |- Row_Loop  |  2088720|  2088720|      1934|          -|          -|  1080|        no|
        +------------+---------+---------+----------+-----------+-----------+------+----------+



================================================================
== Utilization Estimates
================================================================
* Summary: 
+-----------------+---------+-----+--------+-------+-----+
|       Name      | BRAM_18K| DSP |   FF   |  LUT  | URAM|
+-----------------+---------+-----+--------+-------+-----+
|DSP              |        -|    -|       -|      -|    -|
|Expression       |        -|    -|       0|     79|    -|
|FIFO             |        -|    -|       -|      -|    -|
|Instance         |        -|    -|     527|    721|    -|
|Memory           |        3|    -|       0|      0|    -|
|Multiplexer      |        -|    -|       0|    321|    -|
|Register         |        -|    -|     113|      -|    -|
+-----------------+---------+-----+--------+-------+-----+
|Total            |        3|    0|     640|   1121|    0|
+-----------------+---------+-----+--------+-------+-----+
|Available        |      280|  220|  106400|  53200|    0|
+-----------------+---------+-----+--------+-------+-----+
|Utilization (%)  |        1|    0|      ~0|      2|    0|
+-----------------+---------+-----+--------+-------+-----+

+ Detail: 
    * Instance: 
    +-----------------------------------------------------+------------------------------------------+---------+----+-----+-----+-----+
    |                       Instance                      |                  Module                  | BRAM_18K| DSP|  FF | LUT | URAM|
    +-----------------------------------------------------+------------------------------------------+---------+----+-----+-----+-----+
    |grp_xFGradientX3x3_0_4_s_fu_189                      |xFGradientX3x3_0_4_s                      |        0|   0|   29|   65|    0|
    |grp_xFGradientY3x3_0_4_s_fu_202                      |xFGradientY3x3_0_4_s                      |        0|   0|   29|   65|    0|
    |grp_xFSobelFilter3x3_Pipeline_Clear_Row_Loop_fu_152  |xFSobelFilter3x3_Pipeline_Clear_Row_Loop  |        0|   0|   47|   73|    0|
    |grp_xFSobelFilter3x3_Pipeline_Col_Loop_fu_164        |xFSobelFilter3x3_Pipeline_Col_Loop        |        0|   0|  422|  518|    0|
    +-----------------------------------------------------+------------------------------------------+---------+----+-----+-----+-----+
    |Total                                                |                                          |        0|   0|  527|  721|    0|
    +-----------------------------------------------------+------------------------------------------+---------+----+-----+-----+-----+

    * DSP: 
    N/A

    * Memory: 
    +---------+----------------------------------------------------------------------------------+---------+---+----+-----+------+-----+------+-------------+
    |  Memory |                                      Module                                      | BRAM_18K| FF| LUT| URAM| Words| Bits| Banks| W*Bits*Banks|
    +---------+----------------------------------------------------------------------------------+---------+---+----+-----+------+-----+------+-------------+
    |buf_U    |xFSobelFilter3x3_0_3_1080_1920_1_0_4_1_2_2_2_1_6_1920_false_s_buf_RAM_S2P_BRAbkb  |        1|  0|   0|    0|  1920|    8|     1|        15360|
    |buf_1_U  |xFSobelFilter3x3_0_3_1080_1920_1_0_4_1_2_2_2_1_6_1920_false_s_buf_RAM_S2P_BRAbkb  |        1|  0|   0|    0|  1920|    8|     1|        15360|
    |buf_2_U  |xFSobelFilter3x3_0_3_1080_1920_1_0_4_1_2_2_2_1_6_1920_false_s_buf_RAM_S2P_BRAbkb  |        1|  0|   0|    0|  1920|    8|     1|        15360|
    +---------+----------------------------------------------------------------------------------+---------+---+----+-----+------+-----+------+-------------+
    |Total    |                                                                                  |        3|  0|   0|    0|  5760|   24|     3|        46080|
    +---------+----------------------------------------------------------------------------------+---------+---+----+-----+------+-----+------+-------------+

    * FIFO: 
    N/A

    * Expression: 
    +----------------------+----------+----+---+----+------------+------------+
    |     Variable Name    | Operation| DSP| FF| LUT| Bitwidth P0| Bitwidth P1|
    +----------------------+----------+----+---+----+------------+------------+
    |add_ln367_fu_244_p2   |         +|   0|  0|  12|          11|           1|
    |row_3_fu_331_p2       |         +|   0|  0|  12|          11|           1|
    |row_ind_1_fu_325_p2   |         +|   0|  0|  14|          13|           1|
    |icmp_ln367_fu_253_p2  |      icmp|   0|  0|  12|          11|          11|
    |icmp_ln459_fu_341_p2  |      icmp|   0|  0|  14|          13|           2|
    |ap_block_state9       |        or|   0|  0|   2|           1|           1|
    |row_ind_2_fu_346_p3   |    select|   0|  0|  13|           1|           1|
    +----------------------+----------+----+---+----+------------+------------+
    |Total                 |          |   0|  0|  79|          61|          18|
    +----------------------+----------+----+---+----+------------+------------+

    * Multiplexer: 
    +------------------------+----+-----------+-----+-----------+
    |          Name          | LUT| Input Size| Bits| Total Bits|
    +------------------------+----+-----------+-----+-----------+
    |ap_NS_fsm               |  53|         10|    1|         10|
    |bottom_081_0_0_0_fu_90  |  14|          3|    2|          6|
    |buf_1_address1          |  14|          3|   11|         33|
    |buf_1_ce0               |   9|          2|    1|          2|
    |buf_1_ce1               |  14|          3|    1|          3|
    |buf_1_d1                |  14|          3|    8|         24|
    |buf_1_we1               |  14|          3|    1|          3|
    |buf_address1            |  14|          3|   11|         33|
    |buf_ce0                 |   9|          2|    1|          2|
    |buf_ce1                 |  14|          3|    1|          3|
    |buf_d1                  |  14|          3|    8|         24|
    |buf_we1                 |  14|          3|    1|          3|
    |gx_data_blk_n           |   9|          2|    1|          2|
    |gx_data_din             |   9|          2|   16|         32|
    |gx_data_write           |  14|          3|    1|          3|
    |gy_data_blk_n           |   9|          2|    1|          2|
    |gy_data_din             |   9|          2|   16|         32|
    |gy_data_write           |  14|          3|    1|          3|
    |mid_080_0_0_0_fu_86     |  14|          3|    2|          6|
    |row_fu_78               |   9|          2|   11|         22|
    |row_ind_fu_74           |   9|          2|   13|         26|
    |src_data_read           |  14|          3|    1|          3|
    |tp_079_0_0_0_fu_82      |  14|          3|    2|          6|
    +------------------------+----+-----------+-----+-----------+
    |Total                   | 321|         68|  112|        283|
    +------------------------+----+-----------+-----+-----------+

    * Register: 
    +------------------------------------------------------------------+----+----+-----+-----------+
    |                               Name                               | FF | LUT| Bits| Const Bits|
    +------------------------------------------------------------------+----+----+-----+-----------+
    |GradientValuesX_reg_521                                           |  11|   0|   11|          0|
    |GradientValuesY_reg_526                                           |  11|   0|   11|          0|
    |add_ln367_reg_485                                                 |  11|   0|   11|          0|
    |ap_CS_fsm                                                         |   9|   0|    9|          0|
    |bottom_081_0_0_0_fu_90                                            |   2|   0|    2|          0|
    |grp_xFGradientX3x3_0_4_s_fu_189_ap_start_reg                      |   1|   0|    1|          0|
    |grp_xFGradientY3x3_0_4_s_fu_202_ap_start_reg                      |   1|   0|    1|          0|
    |grp_xFSobelFilter3x3_Pipeline_Clear_Row_Loop_fu_152_ap_start_reg  |   1|   0|    1|          0|
    |grp_xFSobelFilter3x3_Pipeline_Col_Loop_fu_164_ap_start_reg        |   1|   0|    1|          0|
    |mid_080_0_0_0_fu_86                                               |   2|   0|    2|          0|
    |row_2_reg_490                                                     |  11|   0|   11|          0|
    |row_fu_78                                                         |  11|   0|   11|          0|
    |row_ind_1_reg_515                                                 |  13|   0|   13|          0|
    |row_ind_fu_74                                                     |  13|   0|   13|          0|
    |row_ind_load_reg_501                                              |  13|   0|   13|          0|
    |tp_079_0_0_0_fu_82                                                |   2|   0|    2|          0|
    +------------------------------------------------------------------+----+----+-----+-----------+
    |Total                                                             | 113|   0|  113|          0|
    +------------------------------------------------------------------+----+----+-----+-----------+



================================================================
== Interface
================================================================
* Summary: 
+-------------------------+-----+-----+------------+----------------------------------------------------------------------------+--------------+
|        RTL Ports        | Dir | Bits|  Protocol  |                                Source Object                               |    C Type    |
+-------------------------+-----+-----+------------+----------------------------------------------------------------------------+--------------+
|ap_clk                   |   in|    1|  ap_ctrl_hs|  xFSobelFilter3x3<0, 3, 1080, 1920, 1, 0, 4, 1, 2, 2, 2, 1, 6, 1920, false>|  return value|
|ap_rst                   |   in|    1|  ap_ctrl_hs|  xFSobelFilter3x3<0, 3, 1080, 1920, 1, 0, 4, 1, 2, 2, 2, 1, 6, 1920, false>|  return value|
|ap_start                 |   in|    1|  ap_ctrl_hs|  xFSobelFilter3x3<0, 3, 1080, 1920, 1, 0, 4, 1, 2, 2, 2, 1, 6, 1920, false>|  return value|
|ap_done                  |  out|    1|  ap_ctrl_hs|  xFSobelFilter3x3<0, 3, 1080, 1920, 1, 0, 4, 1, 2, 2, 2, 1, 6, 1920, false>|  return value|
|ap_idle                  |  out|    1|  ap_ctrl_hs|  xFSobelFilter3x3<0, 3, 1080, 1920, 1, 0, 4, 1, 2, 2, 2, 1, 6, 1920, false>|  return value|
|ap_ready                 |  out|    1|  ap_ctrl_hs|  xFSobelFilter3x3<0, 3, 1080, 1920, 1, 0, 4, 1, 2, 2, 2, 1, 6, 1920, false>|  return value|
|src_data_dout            |   in|    8|     ap_fifo|                                                                    src_data|       pointer|
|src_data_empty_n         |   in|    1|     ap_fifo|                                                                    src_data|       pointer|
|src_data_read            |  out|    1|     ap_fifo|                                                                    src_data|       pointer|
|src_data_num_data_valid  |   in|    3|     ap_fifo|                                                                    src_data|       pointer|
|src_data_fifo_cap        |   in|    3|     ap_fifo|                                                                    src_data|       pointer|
|gx_data_din              |  out|   16|     ap_fifo|                                                                     gx_data|       pointer|
|gx_data_full_n           |   in|    1|     ap_fifo|                                                                     gx_data|       pointer|
|gx_data_write            |  out|    1|     ap_fifo|                                                                     gx_data|       pointer|
|gx_data_num_data_valid   |   in|    3|     ap_fifo|                                                                     gx_data|       pointer|
|gx_data_fifo_cap         |   in|    3|     ap_fifo|                                                                     gx_data|       pointer|
|gy_data_din              |  out|   16|     ap_fifo|                                                                     gy_data|       pointer|
|gy_data_full_n           |   in|    1|     ap_fifo|                                                                     gy_data|       pointer|
|gy_data_write            |  out|    1|     ap_fifo|                                                                     gy_data|       pointer|
|gy_data_num_data_valid   |   in|    3|     ap_fifo|                                                                     gy_data|       pointer|
|gy_data_fifo_cap         |   in|    3|     ap_fifo|                                                                     gy_data|       pointer|
|img_height               |   in|   11|     ap_none|                                                                  img_height|        scalar|
|img_width                |   in|   11|     ap_none|                                                                   img_width|        scalar|
+-------------------------+-----+-----+------------+----------------------------------------------------------------------------+--------------+

