

================================================================
== Vitis HLS Report for 'xFSobel3x3_1_1_0_4_s'
================================================================
* Date:           Mon Oct  5 10:30:53 2026

* Version:        2026.1 (Build 6493734 on Jun 16 2026)
* Project:        hls_prj
* Solution:       sol (Vivado IP Flow Target)
* Product family: zynq
* Target device:  xc7z020-clg400-1


================================================================
== Performance Estimates
================================================================
+ Timing: 
    * Summary: 
    +--------+---------+----------+------------+
    |  Clock |  Target | Estimated| Uncertainty|
    +--------+---------+----------+------------+
    |ap_clk  |  6.73 ns|  3.757 ns|     1.82 ns|
    +--------+---------+----------+------------+

+ Latency: 
    * Summary: 
    +---------+---------+----------+----------+-----+-----+---------+
    |  Latency (cycles) |  Latency (absolute) |  Interval | Pipeline|
    |   min   |   max   |    min   |    max   | min | max |   Type  |
    +---------+---------+----------+----------+-----+-----+---------+
    |        1|        1|  6.734 ns|  6.734 ns|    1|    1|      yes|
    +---------+---------+----------+----------+-----+-----+---------+

    + Detail: 
        * Instance: 
        +--------------------------------+----------------------+---------+---------+----------+----------+-----+-----+---------+
        |                                |                      |  Latency (cycles) |  Latency (absolute) |  Interval | Pipeline|
        |            Instance            |        Module        |   min   |   max   |    min   |    max   | min | max |   Type  |
        +--------------------------------+----------------------+---------+---------+----------+----------+-----+-----+---------+
        |grp_xFGradientX3x3_0_4_s_fu_72  |xFGradientX3x3_0_4_s  |        1|        1|  6.734 ns|  6.734 ns|    1|    1|      yes|
        |grp_xFGradientY3x3_0_4_s_fu_88  |xFGradientY3x3_0_4_s  |        1|        1|  6.734 ns|  6.734 ns|    1|    1|      yes|
        +--------------------------------+----------------------+---------+---------+----------+----------+-----+-----+---------+

        * Loop: 
        N/A



================================================================
== Utilization Estimates
================================================================
* Summary: 
+-----------------+---------+-----+--------+-------+-----+
|       Name      | BRAM_18K| DSP |   FF   |  LUT  | URAM|
+-----------------+---------+-----+--------+-------+-----+
|DSP              |        -|    -|       -|      -|    -|
|Expression       |        -|    -|       0|      2|    -|
|FIFO             |        -|    -|       -|      -|    -|
|Instance         |        -|    -|      58|    130|    -|
|Memory           |        -|    -|       -|      -|    -|
|Multiplexer      |        -|    -|       -|      -|    -|
|Register         |        -|    -|       2|      -|    -|
+-----------------+---------+-----+--------+-------+-----+
|Total            |        0|    0|      60|    132|    0|
+-----------------+---------+-----+--------+-------+-----+
|Available        |      280|  220|  106400|  53200|    0|
+-----------------+---------+-----+--------+-------+-----+
|Utilization (%)  |        0|    0|      ~0|     ~0|    0|
+-----------------+---------+-----+--------+-------+-----+

+ Detail: 
    * Instance: 
    +--------------------------------+----------------------+---------+----+----+----+-----+
    |            Instance            |        Module        | BRAM_18K| DSP| FF | LUT| URAM|
    +--------------------------------+----------------------+---------+----+----+----+-----+
    |grp_xFGradientX3x3_0_4_s_fu_72  |xFGradientX3x3_0_4_s  |        0|   0|  29|  65|    0|
    |grp_xFGradientY3x3_0_4_s_fu_88  |xFGradientY3x3_0_4_s  |        0|   0|  29|  65|    0|
    +--------------------------------+----------------------+---------+----+----+----+-----+
    |Total                           |                      |        0|   0|  58| 130|    0|
    +--------------------------------+----------------------+---------+----+----+----+-----+

    * DSP: 
    N/A

    * Memory: 
    N/A

    * FIFO: 
    N/A

    * Expression: 
    +---------------+----------+----+---+----+------------+------------+
    | Variable Name | Operation| DSP| FF| LUT| Bitwidth P0| Bitwidth P1|
    +---------------+----------+----+---+----+------------+------------+
    |ap_enable_pp0  |       xor|   0|  0|   2|           1|           2|
    +---------------+----------+----+---+----+------------+------------+
    |Total          |          |   0|  0|   2|           1|           2|
    +---------------+----------+----+---+----+------------+------------+

    * Multiplexer: 
    N/A

    * Register: 
    +-------------------------+---+----+-----+-----------+
    |           Name          | FF| LUT| Bits| Const Bits|
    +-------------------------+---+----+-----+-----------+
    |ap_CS_fsm                |  1|   0|    1|          0|
    |ap_enable_reg_pp0_iter1  |  1|   0|    1|          0|
    +-------------------------+---+----+-----+-----------+
    |Total                    |  2|   0|    2|          0|
    +-------------------------+---+----+-----+-----------+



================================================================
== Interface
================================================================
* Summary: 
+----------------+-----+-----+------------+------------------------+--------------+
|    RTL Ports   | Dir | Bits|  Protocol  |      Source Object     |    C Type    |
+----------------+-----+-----+------------+------------------------+--------------+
|ap_clk          |   in|    1|  ap_ctrl_hs|  xFSobel3x3<1, 1, 0, 4>|  return value|
|ap_rst          |   in|    1|  ap_ctrl_hs|  xFSobel3x3<1, 1, 0, 4>|  return value|
|ap_start        |   in|    1|  ap_ctrl_hs|  xFSobel3x3<1, 1, 0, 4>|  return value|
|ap_done         |  out|    1|  ap_ctrl_hs|  xFSobel3x3<1, 1, 0, 4>|  return value|
|ap_idle         |  out|    1|  ap_ctrl_hs|  xFSobel3x3<1, 1, 0, 4>|  return value|
|ap_ready        |  out|    1|  ap_ctrl_hs|  xFSobel3x3<1, 1, 0, 4>|  return value|
|ap_ce           |   in|    1|  ap_ctrl_hs|  xFSobel3x3<1, 1, 0, 4>|  return value|
|ap_return_0     |  out|   16|  ap_ctrl_hs|  xFSobel3x3<1, 1, 0, 4>|  return value|
|ap_return_1     |  out|   16|  ap_ctrl_hs|  xFSobel3x3<1, 1, 0, 4>|  return value|
|src_buf1_0_val  |   in|    8|     ap_none|          src_buf1_0_val|        scalar|
|src_buf1_1_val  |   in|    8|     ap_none|          src_buf1_1_val|        scalar|
|src_buf1_2_val  |   in|    8|     ap_none|          src_buf1_2_val|        scalar|
|src_buf2_0_val  |   in|    8|     ap_none|          src_buf2_0_val|        scalar|
|src_buf2_2_val  |   in|    8|     ap_none|          src_buf2_2_val|        scalar|
|src_buf3_0_val  |   in|    8|     ap_none|          src_buf3_0_val|        scalar|
|src_buf3_1_val  |   in|    8|     ap_none|          src_buf3_1_val|        scalar|
|src_buf3_2_val  |   in|    8|     ap_none|          src_buf3_2_val|        scalar|
+----------------+-----+-----+------------+------------------------+--------------+

